main.c:406:6:LTC_wake	32	static
main.c:596:6:SystemClock_Config	200	static
main.c:689:6:SYSCLKConfig_STOP	104	static
main.c:724:6:MX_CAN1_Init	8	static
main.c:747:6:MX_LPTIM1_Init	8	static
main.c:767:6:MX_RTC_Init	8	static
main.c:799:6:MX_SPI1_Init	8	static
main.c:825:6:MX_SPI2_Init	8	static
main.c:851:6:MX_USART1_UART_Init	8	static
main.c:878:6:MX_GPIO_Init	64	static
main.c:943:6:HAL_SPI_TxRxCpltCallback	0	static
main.c:955:6:HAL_SPI_ErrorCallback	0	static
main.c:963:10:pec15_calc	12	static
main.c:435:6:LTC_Send	32	static
main.c:488:6:LTC_Write	24	static
main.c:423:6:LTC_bleed	24	static
main.c:548:6:LTC_Send_Recieve	48	static
main.c:122:5:main	80	static
main.c:988:6:_Error_Handler	0	static
