main.c:417:6:LTC_wake	32	static
main.c:500:5:_write	8	static
main.c:614:6:SystemClock_Config	200	static
main.c:707:6:SYSCLKConfig_STOP	104	static
main.c:742:6:MX_CAN1_Init	8	static
main.c:765:6:MX_LPTIM1_Init	8	static
main.c:785:6:MX_RTC_Init	8	static
main.c:817:6:MX_SPI1_Init	8	static
main.c:843:6:MX_SPI2_Init	8	static
main.c:869:6:MX_USART1_UART_Init	8	static
main.c:896:6:MX_GPIO_Init	64	static
main.c:961:6:HAL_SPI_TxRxCpltCallback	0	static
main.c:973:6:HAL_SPI_ErrorCallback	0	static
main.c:981:10:pec15_calc	12	static
main.c:446:6:LTC_Send	32	static
main.c:506:6:LTC_Write	24	static
main.c:434:6:LTC_bleed	24	static
main.c:566:6:LTC_Send_Recieve	48	static
main.c:122:5:main	80	static
main.c:1006:6:_Error_Handler	0	static
