stm32l4xx_hal_msp.c:59:6:HAL_MspInit	16	static
stm32l4xx_hal_msp.c:91:6:HAL_CAN_MspInit	32	static
stm32l4xx_hal_msp.c:121:6:HAL_CAN_MspDeInit	0	static
stm32l4xx_hal_msp.c:145:6:HAL_LPTIM_MspInit	8	static
stm32l4xx_hal_msp.c:162:6:HAL_LPTIM_MspDeInit	0	static
stm32l4xx_hal_msp.c:179:6:HAL_RTC_MspInit	0	static
stm32l4xx_hal_msp.c:196:6:HAL_RTC_MspDeInit	0	static
stm32l4xx_hal_msp.c:213:6:HAL_SPI_MspInit	40	static
stm32l4xx_hal_msp.c:268:6:HAL_SPI_MspDeInit	0	static
stm32l4xx_hal_msp.c:312:6:HAL_UART_MspInit	32	static
stm32l4xx_hal_msp.c:342:6:HAL_UART_MspDeInit	0	static
