Archive member included to satisfy reference by file (symbol)

c:/program files (x86)/atollic/truestudio for stm32 9.0.1/armtools/bin/../lib/gcc/arm-atollic-eabi/6.3.1/../../../../arm-atollic-eabi/lib/armv7e-m/fpu\libc_nano.a(lib_a-init.o)
                              startup\startup_stm32l443xx.o (__libc_init_array)
c:/program files (x86)/atollic/truestudio for stm32 9.0.1/armtools/bin/../lib/gcc/arm-atollic-eabi/6.3.1/../../../../arm-atollic-eabi/lib/armv7e-m/fpu\libc_nano.a(lib_a-malloc.o)
                              Src\main.o (malloc)
c:/program files (x86)/atollic/truestudio for stm32 9.0.1/armtools/bin/../lib/gcc/arm-atollic-eabi/6.3.1/../../../../arm-atollic-eabi/lib/armv7e-m/fpu\libc_nano.a(lib_a-memcpy-stub.o)
                              Src\usb_device.o (memcpy)
c:/program files (x86)/atollic/truestudio for stm32 9.0.1/armtools/bin/../lib/gcc/arm-atollic-eabi/6.3.1/../../../../arm-atollic-eabi/lib/armv7e-m/fpu\libc_nano.a(lib_a-memset.o)
                              Src\main.o (memset)
c:/program files (x86)/atollic/truestudio for stm32 9.0.1/armtools/bin/../lib/gcc/arm-atollic-eabi/6.3.1/../../../../arm-atollic-eabi/lib/armv7e-m/fpu\libc_nano.a(lib_a-nano-freer.o)
                              c:/program files (x86)/atollic/truestudio for stm32 9.0.1/armtools/bin/../lib/gcc/arm-atollic-eabi/6.3.1/../../../../arm-atollic-eabi/lib/armv7e-m/fpu\libc_nano.a(lib_a-malloc.o) (_free_r)
c:/program files (x86)/atollic/truestudio for stm32 9.0.1/armtools/bin/../lib/gcc/arm-atollic-eabi/6.3.1/../../../../arm-atollic-eabi/lib/armv7e-m/fpu\libc_nano.a(lib_a-nano-mallocr.o)
                              c:/program files (x86)/atollic/truestudio for stm32 9.0.1/armtools/bin/../lib/gcc/arm-atollic-eabi/6.3.1/../../../../arm-atollic-eabi/lib/armv7e-m/fpu\libc_nano.a(lib_a-malloc.o) (_malloc_r)
c:/program files (x86)/atollic/truestudio for stm32 9.0.1/armtools/bin/../lib/gcc/arm-atollic-eabi/6.3.1/../../../../arm-atollic-eabi/lib/armv7e-m/fpu\libc_nano.a(lib_a-sbrkr.o)
                              c:/program files (x86)/atollic/truestudio for stm32 9.0.1/armtools/bin/../lib/gcc/arm-atollic-eabi/6.3.1/../../../../arm-atollic-eabi/lib/armv7e-m/fpu\libc_nano.a(lib_a-nano-mallocr.o) (_sbrk_r)
c:/program files (x86)/atollic/truestudio for stm32 9.0.1/armtools/bin/../lib/gcc/arm-atollic-eabi/6.3.1/../../../../arm-atollic-eabi/lib/armv7e-m/fpu\libc_nano.a(lib_a-impure.o)
                              c:/program files (x86)/atollic/truestudio for stm32 9.0.1/armtools/bin/../lib/gcc/arm-atollic-eabi/6.3.1/../../../../arm-atollic-eabi/lib/armv7e-m/fpu\libc_nano.a(lib_a-malloc.o) (_impure_ptr)
c:/program files (x86)/atollic/truestudio for stm32 9.0.1/armtools/bin/../lib/gcc/arm-atollic-eabi/6.3.1/../../../../arm-atollic-eabi/lib/armv7e-m/fpu\libc_nano.a(lib_a-mlock.o)
                              c:/program files (x86)/atollic/truestudio for stm32 9.0.1/armtools/bin/../lib/gcc/arm-atollic-eabi/6.3.1/../../../../arm-atollic-eabi/lib/armv7e-m/fpu\libc_nano.a(lib_a-nano-freer.o) (__malloc_lock)
c:/program files (x86)/atollic/truestudio for stm32 9.0.1/armtools/bin/../lib/gcc/arm-atollic-eabi/6.3.1/../../../../arm-atollic-eabi/lib/armv7e-m/fpu\libc_nano.a(lib_a-reent.o)
                              c:/program files (x86)/atollic/truestudio for stm32 9.0.1/armtools/bin/../lib/gcc/arm-atollic-eabi/6.3.1/../../../../arm-atollic-eabi/lib/armv7e-m/fpu\libc_nano.a(lib_a-sbrkr.o) (errno)
c:/program files (x86)/atollic/truestudio for stm32 9.0.1/armtools/bin/../lib/gcc/arm-atollic-eabi/6.3.1/armv7e-m/fpu\libgcc.a(_arm_addsubdf3.o)
                              Src\main.o (__aeabi_dsub)
c:/program files (x86)/atollic/truestudio for stm32 9.0.1/armtools/bin/../lib/gcc/arm-atollic-eabi/6.3.1/armv7e-m/fpu\libgcc.a(_arm_muldivdf3.o)
                              Src\main.o (__aeabi_dmul)
c:/program files (x86)/atollic/truestudio for stm32 9.0.1/armtools/bin/../lib/gcc/arm-atollic-eabi/6.3.1/armv7e-m/fpu\libgcc.a(_arm_cmpdf2.o)
                              Src\main.o (__aeabi_dcmplt)
c:/program files (x86)/atollic/truestudio for stm32 9.0.1/armtools/bin/../lib/gcc/arm-atollic-eabi/6.3.1/armv7e-m/fpu\libgcc.a(_arm_truncdfsf2.o)
                              Src\main.o (__aeabi_d2f)
c:/program files (x86)/atollic/truestudio for stm32 9.0.1/armtools/bin/../lib/gcc/arm-atollic-eabi/6.3.1/armv7e-m/fpu\libgcc.a(_aeabi_uldivmod.o)
                              Drivers\STM32L4xx_HAL_Driver\Src\stm32l4xx_hal_uart.o (__aeabi_uldivmod)
c:/program files (x86)/atollic/truestudio for stm32 9.0.1/armtools/bin/../lib/gcc/arm-atollic-eabi/6.3.1/armv7e-m/fpu\libgcc.a(_udivmoddi4.o)
                              c:/program files (x86)/atollic/truestudio for stm32 9.0.1/armtools/bin/../lib/gcc/arm-atollic-eabi/6.3.1/armv7e-m/fpu\libgcc.a(_aeabi_uldivmod.o) (__udivmoddi4)
c:/program files (x86)/atollic/truestudio for stm32 9.0.1/armtools/bin/../lib/gcc/arm-atollic-eabi/6.3.1/armv7e-m/fpu\libgcc.a(_dvmd_tls.o)
[...]
Memory Configuration

Name             Origin             Length             Attributes
RAM              0x20000000         0x00010000         xrw
FLASH            0x08000000         0x00040000         xr
*default*        0x00000000         0xffffffff

Linker script and memory map

LOAD c:/program files (x86)/atollic/truestudio for stm32 9.0.1/armtools/bin/../lib/gcc/arm-atollic-eabi/6.3.1/armv7e-m/fpu/crti.o
LOAD c:/program files (x86)/atollic/truestudio for stm32 9.0.1/armtools/bin/../lib/gcc/arm-atollic-eabi/6.3.1/armv7e-m/fpu/crtbegin.o
LOAD Drivers\STM32L4xx_HAL_Driver\Src\stm32l4xx_hal.o
LOAD Drivers\STM32L4xx_HAL_Driver\Src\stm32l4xx_hal_can.o
LOAD Drivers\STM32L4xx_HAL_Driver\Src\stm32l4xx_hal_cortex.o
LOAD Drivers\STM32L4xx_HAL_Driver\Src\stm32l4xx_hal_dma.o
LOAD Drivers\STM32L4xx_HAL_Driver\Src\stm32l4xx_hal_dma_ex.o
LOAD Drivers\STM32L4xx_HAL_Driver\Src\stm32l4xx_hal_flash.o
LOAD Drivers\STM32L4xx_HAL_Driver\Src\stm32l4xx_hal_flash_ex.o
LOAD Drivers\STM32L4xx_HAL_Driver\Src\stm32l4xx_hal_flash_ramfunc.o
LOAD Drivers\STM32L4xx_HAL_Driver\Src\stm32l4xx_hal_gpio.o
LOAD Drivers\STM32L4xx_HAL_Driver\Src\stm32l4xx_hal_i2c.o
LOAD Drivers\STM32L4xx_HAL_Driver\Src\stm32l4xx_hal_i2c_ex.o
LOAD Drivers\STM32L4xx_HAL_Driver\Src\stm32l4xx_hal_lptim.o
LOAD Drivers\STM32L4xx_HAL_Driver\Src\stm32l4xx_hal_pcd.o
LOAD Drivers\STM32L4xx_HAL_Driver\Src\stm32l4xx_hal_pcd_ex.o
LOAD Drivers\STM32L4xx_HAL_Driver\Src\stm32l4xx_hal_pwr.o
LOAD Drivers\STM32L4xx_HAL_Driver\Src\stm32l4xx_hal_pwr_ex.o
LOAD Drivers\STM32L4xx_HAL_Driver\Src\stm32l4xx_hal_rcc.o
LOAD Drivers\STM32L4xx_HAL_Driver\Src\stm32l4xx_hal_rcc_ex.o
LOAD Drivers\STM32L4xx_HAL_Driver\Src\stm32l4xx_hal_rtc.o
LOAD Drivers\STM32L4xx_HAL_Driver\Src\stm32l4xx_hal_rtc_ex.o
LOAD Drivers\STM32L4xx_HAL_Driver\Src\stm32l4xx_hal_spi.o
LOAD Drivers\STM32L4xx_HAL_Driver\Src\stm32l4xx_hal_spi_ex.o
LOAD Drivers\STM32L4xx_HAL_Driver\Src\stm32l4xx_hal_tim.o
LOAD Drivers\STM32L4xx_HAL_Driver\Src\stm32l4xx_hal_tim_ex.o
LOAD Drivers\STM32L4xx_HAL_Driver\Src\stm32l4xx_hal_uart.o
LOAD Drivers\STM32L4xx_HAL_Driver\Src\stm32l4xx_hal_uart_ex.o
LOAD Drivers\STM32L4xx_HAL_Driver\Src\stm32l4xx_ll_usb.o
LOAD Middlewares\ST\STM32_USB_Device_Library\Class\CDC\Src\usbd_cdc.o
LOAD Middlewares\ST\STM32_USB_Device_Library\Core\Src\usbd_core.o
LOAD Middlewares\ST\STM32_USB_Device_Library\Core\Src\usbd_ctlreq.o
LOAD Middlewares\ST\STM32_USB_Device_Library\Core\Src\usbd_ioreq.o
LOAD Middlewares\Third_Party\FatFs\src\diskio.o
LOAD Middlewares\Third_Party\FatFs\src\ff.o
LOAD Middlewares\Third_Party\FatFs\src\ff_gen_drv.o
LOAD Middlewares\Third_Party\FatFs\src\option\syscall.o
LOAD Src\fatfs.o
LOAD Src\main.o
LOAD Src\stm32l4xx_hal_msp.o
LOAD Src\stm32l4xx_it.o
LOAD Src\system_stm32l4xx.o
LOAD Src\usb_device.o
LOAD Src\usbd_cdc_if.o
LOAD Src\usbd_conf.o
LOAD Src\usbd_desc.o
LOAD Src\user_diskio.o
LOAD startup\startup_stm32l443xx.o
                0x00000080                malloc_getpagesize_P = 0x80
START GROUP
LOAD c:/program files (x86)/atollic/truestudio for stm32 9.0.1/armtools/bin/../lib/gcc/arm-atollic-eabi/6.3.1/../../../../arm-atollic-eabi/lib/armv7e-m/fpu\libc_nano.a
LOAD c:/program files (x86)/atollic/truestudio for stm32 9.0.1/armtools/bin/../lib/gcc/arm-atollic-eabi/6.3.1/../../../../arm-atollic-eabi/lib/armv7e-m/fpu\libm.a
END GROUP
START GROUP
LOAD c:/program files (x86)/atollic/truestudio for stm32 9.0.1/armtools/bin/../lib/gcc/arm-atollic-eabi/6.3.1/armv7e-m/fpu\libgcc.a
LOAD c:/program files (x86)/atollic/truestudio for stm32 9.0.1/armtools/bin/../lib/gcc/arm-atollic-eabi/6.3.1/../../../../arm-atollic-eabi/lib/armv7e-m/fpu\libc_nano.a
END GROUP
START GROUP
LOAD c:/program files (x86)/atollic/truestudio for stm32 9.0.1/armtools/bin/../lib/gcc/arm-atollic-eabi/6.3.1/armv7e-m/fpu\libgcc.a
LOAD c:/program files (x86)/atollic/truestudio for stm32 9.0.1/armtools/bin/../lib/gcc/arm-atollic-eabi/6.3.1/../../../../arm-atollic-eabi/lib/armv7e-m/fpu\libc_nano.a
LOAD c:/program files (x86)/atollic/truestudio for stm32 9.0.1/armtools/bin/../lib/gcc/arm-atollic-eabi/6.3.1/../../../../arm-atollic-eabi/lib/armv7e-m/fpu\libnosys.a
END GROUP
START GROUP
LOAD c:/program files (x86)/atollic/truestudio for stm32 9.0.1/armtools/bin/../lib/gcc/arm-atollic-eabi/6.3.1/armv7e-m/fpu\libgcc.a
LOAD c:/program files (x86)/atollic/truestudio for stm32 9.0.1/armtools/bin/../lib/gcc/arm-atollic-eabi/6.3.1/../../../../arm-atollic-eabi/lib/armv7e-m/fpu\libc_nano.a
LOAD c:/program files (x86)/atollic/truestudio for stm32 9.0.1/armtools/bin/../lib/gcc/arm-atollic-eabi/6.3.1/../../../../arm-atollic-eabi/lib/armv7e-m/fpu\libnosys.a
END GROUP
LOAD c:/program files (x86)/atollic/truestudio for stm32 9.0.1/armtools/bin/../lib/gcc/arm-atollic-eabi/6.3.1/armv7e-m/fpu/crtend.o
LOAD c:/program files (x86)/atollic/truestudio for stm32 9.0.1/armtools/bin/../lib/gcc/arm-atollic-eabi/6.3.1/armv7e-m/fpu/crtn.o
                0x20010000                _estack = 0x20010000
                0x00000200                _Min_Heap_Size = 0x200
                0x00000400                _Min_Stack_Size = 0x400

.isr_vector     0x08000000      0x18c
                0x08000000                . = ALIGN (0x4)
 *(.isr_vector)
 .isr_vector    0x08000000      0x18c startup\startup_stm32l443xx.o
                0x08000000                g_pfnVectors
                0x0800018c                . = ALIGN (0x4)

.text           0x08000190     0x3fa4
                0x08000190                . = ALIGN (0x4)
 *(.text)
 .text          0x08000190       0x40 c:/program files (x86)/atollic/truestudio for stm32 9.0.1/armtools/bin/../lib/gcc/arm-atollic-eabi/6.3.1/armv7e-m/fpu/crtbegin.o
 .text          0x080001d0      0x370 c:/program files (x86)/atollic/truestudio for stm32 9.0.1/armtools/bin/../lib/gcc/arm-atollic-eabi/6.3.1/armv7e-m/fpu\libgcc.a(_arm_addsubdf3.o)
                0x080001d0                __aeabi_drsub
                0x080001d8                __aeabi_dsub
                0x080001d8                __subdf3
                0x080001dc                __aeabi_dadd
                0x080001dc                __adddf3
                0x08000454                __floatunsidf
                0x08000454                __aeabi_ui2d
                0x08000474                __floatsidf
                0x08000474                __aeabi_i2d
                0x08000498                __aeabi_f2d
                0x08000498                __extendsfdf2
                0x080004d4                __floatundidf
                0x080004d4                __aeabi_ul2d
                0x080004e4                __floatdidf
                0x080004e4                __aeabi_l2d
 .text          0x08000540      0x424 c:/program files (x86)/atollic/truestudio for stm32 9.0.1/armtools/bin/../lib/gcc/arm-atollic-eabi/6.3.1/armv7e-m/fpu\libgcc.a(_arm_muldivdf3.o)
                0x08000540                __aeabi_dmul
                0x08000540                __muldf3
                0x08000794                __divdf3
                0x08000794                __aeabi_ddiv
 .text          0x08000964      0x110 c:/program files (x86)/atollic/truestudio for stm32 9.0.1/armtools/bin/../lib/gcc/arm-atollic-eabi/6.3.1/armv7e-m/fpu\libgcc.a(_arm_cmpdf2.o)
                0x08000964                __gtdf2
                0x08000964                __gedf2
                0x0800096c                __ltdf2
                0x0800096c                __ledf2
                0x08000974                __nedf2
                0x08000974                __eqdf2
                0x08000974                __cmpdf2
                0x080009f0                __aeabi_cdrcmple
                0x08000a00                __aeabi_cdcmpeq
                0x08000a00                __aeabi_cdcmple
                0x08000a10                __aeabi_dcmpeq
                0x08000a24                __aeabi_dcmplt
                0x08000a38                __aeabi_dcmple
                0x08000a4c                __aeabi_dcmpge
                0x08000a60                __aeabi_dcmpgt
 .text          0x08000a74       0xa0 c:/program files (x86)/atollic/truestudio for stm32 9.0.1/armtools/bin/../lib/gcc/arm-atollic-eabi/6.3.1/armv7e-m/fpu\libgcc.a(_arm_truncdfsf2.o)
                0x08000a74                __truncdfsf2
                0x08000a74                __aeabi_d2f
 *(.text*)
 .text.HAL_InitTick
                0x08000b14       0x28 Drivers\STM32L4xx_HAL_Driver\Src\stm32l4xx_hal.o
                0x08000b14                HAL_InitTick
 .text.HAL_Init
                0x08000b3c       0x16 Drivers\STM32L4xx_HAL_Driver\Src\stm32l4xx_hal.o
                0x08000b3c                HAL_Init
 *fill*         0x08000b52        0x2 
 .text.HAL_IncTick
                0x08000b54       0x10 Drivers\STM32L4xx_HAL_Driver\Src\stm32l4xx_hal.o
                0x08000b54                HAL_IncTick
 .text.HAL_GetTick
                0x08000b64        0xc Drivers\STM32L4xx_HAL_Driver\Src\stm32l4xx_hal.o
                0x08000b64                HAL_GetTick
 .text.HAL_Delay
                0x08000b70       0x1c Drivers\STM32L4xx_HAL_Driver\Src\stm32l4xx_hal.o
                0x08000b70                HAL_Delay
 .text.HAL_NVIC_SetPriorityGrouping
                0x08000b8c       0x24 Drivers\STM32L4xx_HAL_Driver\Src\stm32l4xx_hal_cortex.o
                0x08000b8c                HAL_NVIC_SetPriorityGrouping
 .text.HAL_NVIC_SetPriority
                0x08000bb0       0x68 Drivers\STM32L4xx_HAL_Driver\Src\stm32l4xx_hal_cortex.o
                0x08000bb0                HAL_NVIC_SetPriority
 .text.HAL_SYSTICK_Config
                0x08000c18       0x2c Drivers\STM32L4xx_HAL_Driver\Src\stm32l4xx_hal_cortex.o
                0x08000c18                HAL_SYSTICK_Config
 .text.HAL_SYSTICK_CLKSourceConfig
                0x08000c44       0x18 Drivers\STM32L4xx_HAL_Driver\Src\stm32l4xx_hal_cortex.o
                0x08000c44                HAL_SYSTICK_CLKSourceConfig
 .text.HAL_SYSTICK_Callback
                0x08000c5c        0x2 Drivers\STM32L4xx_HAL_Driver\Src\stm32l4xx_hal_cortex.o
                0x08000c5c                HAL_SYSTICK_Callback
 .text.HAL_SYSTICK_IRQHandler
                0x08000c5e        0x8 Drivers\STM32L4xx_HAL_Driver\Src\stm32l4xx_hal_cortex.o
                0x08000c5e                HAL_SYSTICK_IRQHandler
 *fill*         0x08000c66        0x2 
 .text.HAL_GPIO_Init
                0x08000c68      0x184 Drivers\STM32L4xx_HAL_Driver\Src\stm32l4xx_hal_gpio.o
                0x08000c68                HAL_GPIO_Init
 .text.HAL_GPIO_ReadPin
                0x08000dec        0xc Drivers\STM32L4xx_HAL_Driver\Src\stm32l4xx_hal_gpio.o
                0x08000dec                HAL_GPIO_ReadPin
 .text.HAL_GPIO_WritePin
                0x08000df8        0xa Drivers\STM32L4xx_HAL_Driver\Src\stm32l4xx_hal_gpio.o
                0x08000df8                HAL_GPIO_WritePin
 .text.HAL_GPIO_TogglePin
                0x08000e02        0x8 Drivers\STM32L4xx_HAL_Driver\Src\stm32l4xx_hal_gpio.o
                0x08000e02                HAL_GPIO_TogglePin
 .text.HAL_PCD_SetAddress
                0x08000e0a       0x28 Drivers\STM32L4xx_HAL_Driver\Src\stm32l4xx_hal_pcd.o
                0x08000e0a                HAL_PCD_SetAddress
 .text.HAL_PCD_EP_Open
                0x08000e32       0x6a Drivers\STM32L4xx_HAL_Driver\Src\stm32l4xx_hal_pcd.o
                0x08000e32                HAL_PCD_EP_Open
 .text.HAL_PCD_EP_Receive
                0x08000e9c       0x32 Drivers\STM32L4xx_HAL_Driver\Src\stm32l4xx_hal_pcd.o
                0x08000e9c                HAL_PCD_EP_Receive
 .text.HAL_PCD_EP_Transmit
                0x08000ece       0x2e Drivers\STM32L4xx_HAL_Driver\Src\stm32l4xx_hal_pcd.o
                0x08000ece                HAL_PCD_EP_Transmit
 .text.HAL_PCD_IRQHandler
                0x08000efc      0x490 Drivers\STM32L4xx_HAL_Driver\Src\stm32l4xx_hal_pcd.o
                0x08000efc                HAL_PCD_IRQHandler
 .text.HAL_PCD_EP_SetStall
                0x0800138c       0x72 Drivers\STM32L4xx_HAL_Driver\Src\stm32l4xx_hal_pcd.o
                0x0800138c                HAL_PCD_EP_SetStall
 .text.HAL_PCD_EP_ClrStall
                0x080013fe       0x66 Drivers\STM32L4xx_HAL_Driver\Src\stm32l4xx_hal_pcd.o
                0x080013fe                HAL_PCD_EP_ClrStall
 .text.HAL_PWR_EnableBkUpAccess
                0x08001464       0x10 Drivers\STM32L4xx_HAL_Driver\Src\stm32l4xx_hal_pwr.o
                0x08001464                HAL_PWR_EnableBkUpAccess
 .text.HAL_PWREx_GetVoltageRange
                0x08001474       0x10 Drivers\STM32L4xx_HAL_Driver\Src\stm32l4xx_hal_pwr_ex.o
                0x08001474                HAL_PWREx_GetVoltageRange
 .text.HAL_PWREx_ControlVoltageScaling
                0x08001484       0x68 Drivers\STM32L4xx_HAL_Driver\Src\stm32l4xx_hal_pwr_ex.o
                0x08001484                HAL_PWREx_ControlVoltageScaling
 .text.RCC_SetFlashLatencyFromMSIRange
                0x080014ec       0x84 Drivers\STM32L4xx_HAL_Driver\Src\stm32l4xx_hal_rcc.o
 .text.HAL_RCC_GetSysClockFreq
                0x08001570       0xd0 Drivers\STM32L4xx_HAL_Driver\Src\stm32l4xx_hal_rcc.o
                0x08001570                HAL_RCC_GetSysClockFreq
 .text.HAL_RCC_OscConfig
                0x08001640      0x4bc Drivers\STM32L4xx_HAL_Driver\Src\stm32l4xx_hal_rcc.o
                0x08001640                HAL_RCC_OscConfig
 .text.HAL_RCC_ClockConfig
                0x08001afc      0x124 Drivers\STM32L4xx_HAL_Driver\Src\stm32l4xx_hal_rcc.o
                0x08001afc                HAL_RCC_ClockConfig
 .text.HAL_RCC_GetHCLKFreq
                0x08001c20        0xc Drivers\STM32L4xx_HAL_Driver\Src\stm32l4xx_hal_rcc.o
                0x08001c20                HAL_RCC_GetHCLKFreq
 .text.RCCEx_PLLSAI1_Config
                0x08001c2c      0x118 Drivers\STM32L4xx_HAL_Driver\Src\stm32l4xx_hal_rcc_ex.o
 .text.HAL_RCCEx_PeriphCLKConfig
                0x08001d44      0x2ec Drivers\STM32L4xx_HAL_Driver\Src\stm32l4xx_hal_rcc_ex.o
                0x08001d44                HAL_RCCEx_PeriphCLKConfig
 .text.HAL_RCCEx_EnableMSIPLLMode
                0x08002030       0x10 Drivers\STM32L4xx_HAL_Driver\Src\stm32l4xx_hal_rcc_ex.o
                0x08002030                HAL_RCCEx_EnableMSIPLLMode
 .text.SPI_WaitFifoStateUntilTimeout.part.1
                0x08002040       0x50 Drivers\STM32L4xx_HAL_Driver\Src\stm32l4xx_hal_spi.o
 .text.SPI_WaitFlagStateUntilTimeout.constprop.10
                0x08002090       0x30 Drivers\STM32L4xx_HAL_Driver\Src\stm32l4xx_hal_spi.o
 .text.SPI_WaitFifoStateUntilTimeout.constprop.11
                0x080020c0       0x40 Drivers\STM32L4xx_HAL_Driver\Src\stm32l4xx_hal_spi.o
 .text.SPI_EndRxTxTransaction
                0x08002100       0x44 Drivers\STM32L4xx_HAL_Driver\Src\stm32l4xx_hal_spi.o
 .text.HAL_SPI_Init
                0x08002144       0xa2 Drivers\STM32L4xx_HAL_Driver\Src\stm32l4xx_hal_spi.o
                0x08002144                HAL_SPI_Init
 .text.HAL_SPI_Transmit
                0x080021e6      0x17c Drivers\STM32L4xx_HAL_Driver\Src\stm32l4xx_hal_spi.o
                0x080021e6                HAL_SPI_Transmit
 .text.HAL_SPI_TransmitReceive
                0x08002362      0x244 Drivers\STM32L4xx_HAL_Driver\Src\stm32l4xx_hal_spi.o
                0x08002362                HAL_SPI_TransmitReceive
 *fill*         0x080025a6        0x2 
 .text.USB_ActivateEndpoint
                0x080025a8      0x2ec Drivers\STM32L4xx_HAL_Driver\Src\stm32l4xx_ll_usb.o
                0x080025a8                USB_ActivateEndpoint
 .text.USB_EPSetStall
                0x08002894       0x42 Drivers\STM32L4xx_HAL_Driver\Src\stm32l4xx_ll_usb.o
                0x08002894                USB_EPSetStall
 .text.USB_EPClearStall
                0x080028d6       0x8e Drivers\STM32L4xx_HAL_Driver\Src\stm32l4xx_ll_usb.o
                0x080028d6                USB_EPClearStall
 .text.USB_SetDevAddress
                0x08002964        0xc Drivers\STM32L4xx_HAL_Driver\Src\stm32l4xx_ll_usb.o
                0x08002964                USB_SetDevAddress
 .text.USB_ReadInterrupts
                0x08002970        0x8 Drivers\STM32L4xx_HAL_Driver\Src\stm32l4xx_ll_usb.o
                0x08002970                USB_ReadInterrupts
 .text.USB_EP0_OutStart
                0x08002978        0x4 Drivers\STM32L4xx_HAL_Driver\Src\stm32l4xx_ll_usb.o
                0x08002978                USB_EP0_OutStart
 .text.USB_WritePMA
                0x0800297c       0x24 Drivers\STM32L4xx_HAL_Driver\Src\stm32l4xx_ll_usb.o
                0x0800297c                USB_WritePMA
 .text.USB_EPStartXfer
                0x080029a0      0x1d0 Drivers\STM32L4xx_HAL_Driver\Src\stm32l4xx_ll_usb.o
                0x080029a0                USB_EPStartXfer
 .text.USB_ReadPMA
                0x08002b70       0x34 Drivers\STM32L4xx_HAL_Driver\Src\stm32l4xx_ll_usb.o
                0x08002b70                USB_ReadPMA
 .text.USBD_SetClassConfig
                0x08002ba4       0x16 Middlewares\ST\STM32_USB_Device_Library\Core\Src\usbd_core.o
                0x08002ba4                USBD_SetClassConfig
 .text.USBD_ClrClassConfig
                0x08002bba        0xe Middlewares\ST\STM32_USB_Device_Library\Core\Src\usbd_core.o
                0x08002bba                USBD_ClrClassConfig
 .text.USBD_LL_SetupStage
                0x08002bc8       0x5a Middlewares\ST\STM32_USB_Device_Library\Core\Src\usbd_core.o
                0x08002bc8                USBD_LL_SetupStage
 .text.USBD_LL_DataOutStage
                0x08002c22       0x70 Middlewares\ST\STM32_USB_Device_Library\Core\Src\usbd_core.o
                0x08002c22                USBD_LL_DataOutStage
 .text.USBD_LL_DataInStage
                0x08002c92       0xb8 Middlewares\ST\STM32_USB_Device_Library\Core\Src\usbd_core.o
                0x08002c92                USBD_LL_DataInStage
 .text.USBD_LL_Reset
                0x08002d4a       0x4e Middlewares\ST\STM32_USB_Device_Library\Core\Src\usbd_core.o
                0x08002d4a                USBD_LL_Reset
 .text.USBD_LL_SetSpeed
                0x08002d98        0x6 Middlewares\ST\STM32_USB_Device_Library\Core\Src\usbd_core.o
                0x08002d98                USBD_LL_SetSpeed
 .text.USBD_LL_Suspend
                0x08002d9e       0x12 Middlewares\ST\STM32_USB_Device_Library\Core\Src\usbd_core.o
                0x08002d9e                USBD_LL_Suspend
 .text.USBD_LL_Resume
                0x08002db0        0xc Middlewares\ST\STM32_USB_Device_Library\Core\Src\usbd_core.o
                0x08002db0                USBD_LL_Resume
 .text.USBD_LL_SOF
                0x08002dbc       0x18 Middlewares\ST\STM32_USB_Device_Library\Core\Src\usbd_core.o
                0x08002dbc                USBD_LL_SOF
 .text.USBD_CtlError.constprop.1
                0x08002dd4       0x16 Middlewares\ST\STM32_USB_Device_Library\Core\Src\usbd_ctlreq.o
 *fill*         0x08002dea        0x2 
 .text.USBD_StdDevReq
                0x08002dec      0x244 Middlewares\ST\STM32_USB_Device_Library\Core\Src\usbd_ctlreq.o
                0x08002dec                USBD_StdDevReq
 .text.USBD_StdItfReq
                0x08003030       0x4a Middlewares\ST\STM32_USB_Device_Library\Core\Src\usbd_ctlreq.o
                0x08003030                USBD_StdItfReq
 .text.USBD_StdEPReq
                0x0800307a      0x110 Middlewares\ST\STM32_USB_Device_Library\Core\Src\usbd_ctlreq.o
                0x0800307a                USBD_StdEPReq
 .text.USBD_ParseSetupRequest
                0x0800318a       0x28 Middlewares\ST\STM32_USB_Device_Library\Core\Src\usbd_ctlreq.o
                0x0800318a                USBD_ParseSetupRequest
 .text.USBD_CtlSendData
                0x080031b2       0x1a Middlewares\ST\STM32_USB_Device_Library\Core\Src\usbd_ioreq.o
                0x080031b2                USBD_CtlSendData
 .text.USBD_CtlContinueSendData
                0x080031cc       0x10 Middlewares\ST\STM32_USB_Device_Library\Core\Src\usbd_ioreq.o
                0x080031cc                USBD_CtlContinueSendData
 .text.USBD_CtlContinueRx
                0x080031dc       0x10 Middlewares\ST\STM32_USB_Device_Library\Core\Src\usbd_ioreq.o
                0x080031dc                USBD_CtlContinueRx
 .text.USBD_CtlSendStatus
                0x080031ec       0x16 Middlewares\ST\STM32_USB_Device_Library\Core\Src\usbd_ioreq.o
                0x080031ec                USBD_CtlSendStatus
 .text.USBD_CtlReceiveStatus
                0x08003202       0x16 Middlewares\ST\STM32_USB_Device_Library\Core\Src\usbd_ioreq.o
                0x08003202                USBD_CtlReceiveStatus
 .text.LTC_wake
                0x08003218       0x54 Src\main.o
                0x08003218                LTC_wake
 .text.SystemClock_Config
                0x0800326c       0xd4 Src\main.o
                0x0800326c                SystemClock_Config
 .text.MX_SPI1_Init
                0x08003340       0x48 Src\main.o
                0x08003340                MX_SPI1_Init
 .text.MX_GPIO_Init
                0x08003388       0xf0 Src\main.o
                0x08003388                MX_GPIO_Init
 .text.pec15_calc
                0x08003478       0x30 Src\main.o
                0x08003478                pec15_calc
 .text.LTC_Send
                0x080034a8       0x9c Src\main.o
                0x080034a8                LTC_Send
 .text.LTC_Write
                0x08003544       0xb4 Src\main.o
                0x08003544                LTC_Write
 .text.LTC_bleed
                0x080035f8       0x64 Src\main.o
                0x080035f8                LTC_bleed
 .text.LTC_Send_Recieve
                0x0800365c       0x90 Src\main.o
                0x0800365c                LTC_Send_Recieve
 *fill*         0x080036ec        0x4 
 .text.startup.main
                0x080036f0      0x4a4 Src\main.o
                0x080036f0                main
 .text.HAL_MspInit
                0x08003b94       0x8c Src\stm32l4xx_hal_msp.o
                0x08003b94                HAL_MspInit
 .text.HAL_SPI_MspInit
                0x08003c20       0x8c Src\stm32l4xx_hal_msp.o
                0x08003c20                HAL_SPI_MspInit
 .text.NMI_Handler
                0x08003cac        0x2 Src\stm32l4xx_it.o
                0x08003cac                NMI_Handler
 .text.HardFault_Handler
                0x08003cae        0x2 Src\stm32l4xx_it.o
                0x08003cae                HardFault_Handler
 .text.MemManage_Handler
                0x08003cb0        0x2 Src\stm32l4xx_it.o
                0x08003cb0                MemManage_Handler
 .text.BusFault_Handler
                0x08003cb2        0x2 Src\stm32l4xx_it.o
                0x08003cb2                BusFault_Handler
 .text.UsageFault_Handler
                0x08003cb4        0x2 Src\stm32l4xx_it.o
                0x08003cb4                UsageFault_Handler
 .text.SVC_Handler
                0x08003cb6        0x2 Src\stm32l4xx_it.o
                0x08003cb6                SVC_Handler
 .text.DebugMon_Handler
                0x08003cb8        0x2 Src\stm32l4xx_it.o
                0x08003cb8                DebugMon_Handler
 .text.PendSV_Handler
                0x08003cba        0x2 Src\stm32l4xx_it.o
                0x08003cba                PendSV_Handler
 .text.SysTick_Handler
                0x08003cbc        0xe Src\stm32l4xx_it.o
                0x08003cbc                SysTick_Handler
 *fill*         0x08003cca        0x2 
 .text.USB_IRQHandler
                0x08003ccc        0xc Src\stm32l4xx_it.o
                0x08003ccc                USB_IRQHandler
 .text.SystemInit
                0x08003cd8       0x48 Src\system_stm32l4xx.o
                0x08003cd8                SystemInit
 .text.HAL_PCD_SetupStageCallback
                0x08003d20        0xc Src\usbd_conf.o
                0x08003d20                HAL_PCD_SetupStageCallback
 .text.HAL_PCD_DataOutStageCallback
                0x08003d2c       0x10 Src\usbd_conf.o
                0x08003d2c                HAL_PCD_DataOutStageCallback
 .text.HAL_PCD_DataInStageCallback
                0x08003d3c        0xe Src\usbd_conf.o
                0x08003d3c                HAL_PCD_DataInStageCallback
 .text.HAL_PCD_SOFCallback
                0x08003d4a        0x8 Src\usbd_conf.o
                0x08003d4a                HAL_PCD_SOFCallback
 .text.HAL_PCD_ResetCallback
                0x08003d52       0x1a Src\usbd_conf.o
                0x08003d52                HAL_PCD_ResetCallback
 .text.HAL_PCD_SuspendCallback
                0x08003d6c       0x20 Src\usbd_conf.o
                0x08003d6c                HAL_PCD_SuspendCallback
 .text.HAL_PCD_ResumeCallback
                0x08003d8c       0x28 Src\usbd_conf.o
                0x08003d8c                HAL_PCD_ResumeCallback
 .text.USBD_LL_OpenEP
                0x08003db4       0x20 Src\usbd_conf.o
                0x08003db4                USBD_LL_OpenEP
 .text.USBD_LL_StallEP
                0x08003dd4       0x1c Src\usbd_conf.o
                0x08003dd4                USBD_LL_StallEP
 .text.USBD_LL_ClearStallEP
                0x08003df0       0x1c Src\usbd_conf.o
                0x08003df0                USBD_LL_ClearStallEP
 .text.USBD_LL_IsStallEP
                0x08003e0c       0x20 Src\usbd_conf.o
                0x08003e0c                USBD_LL_IsStallEP
 .text.USBD_LL_SetUSBAddress
                0x08003e2c       0x1c Src\usbd_conf.o
                0x08003e2c                USBD_LL_SetUSBAddress
 .text.USBD_LL_Transmit
                0x08003e48       0x1c Src\usbd_conf.o
                0x08003e48                USBD_LL_Transmit
 .text.USBD_LL_PrepareReceive
                0x08003e64       0x1c Src\usbd_conf.o
                0x08003e64                USBD_LL_PrepareReceive
 .text.HAL_PCDEx_LPM_Callback
                0x08003e80       0x48 Src\usbd_conf.o
                0x08003e80                HAL_PCDEx_LPM_Callback
 .text.Reset_Handler
                0x08003ec8       0x50 startup\startup_stm32l443xx.o
                0x08003ec8                Reset_Handler
 .text.Default_Handler
                0x08003f18        0x2 startup\startup_stm32l443xx.o
                0x08003f18                RTC_Alarm_IRQHandler
                0x08003f18                EXTI2_IRQHandler
                0x08003f18                TIM1_CC_IRQHandler
                0x08003f18                TSC_IRQHandler
                0x08003f18                TAMP_STAMP_IRQHandler
                0x08003f18                EXTI3_IRQHandler
                0x08003f18                LPTIM2_IRQHandler
                0x08003f18                I2C3_ER_IRQHandler
                0x08003f18                EXTI0_IRQHandler
                0x08003f18                I2C2_EV_IRQHandler
                0x08003f18                CAN1_RX0_IRQHandler
                0x08003f18                FPU_IRQHandler
                0x08003f18                TIM1_UP_TIM16_IRQHandler
                0x08003f18                SPI1_IRQHandler
                0x08003f18                TIM6_DAC_IRQHandler
                0x08003f18                DMA2_Channel2_IRQHandler
                0x08003f18                DMA1_Channel4_IRQHandler
                0x08003f18                ADC1_IRQHandler
                0x08003f18                USART3_IRQHandler
                0x08003f18                DMA1_Channel7_IRQHandler
                0x08003f18                CAN1_RX1_IRQHandler
                0x08003f18                LCD_IRQHandler
                0x08003f18                DMA2_Channel1_IRQHandler
                0x08003f18                QUADSPI_IRQHandler
                0x08003f18                I2C1_EV_IRQHandler
                0x08003f18                DMA1_Channel6_IRQHandler
                0x08003f18                DMA2_Channel4_IRQHandler
                0x08003f18                RCC_IRQHandler
                0x08003f18                TIM1_TRG_COM_IRQHandler
                0x08003f18                DMA1_Channel1_IRQHandler
                0x08003f18                Default_Handler
                0x08003f18                DMA2_Channel7_IRQHandler
                0x08003f18                EXTI15_10_IRQHandler
                0x08003f18                TIM7_IRQHandler
                0x08003f18                SDMMC1_IRQHandler
                0x08003f18                I2C3_EV_IRQHandler
                0x08003f18                EXTI9_5_IRQHandler
                0x08003f18                RTC_WKUP_IRQHandler
                0x08003f18                PVD_PVM_IRQHandler
                0x08003f18                SPI2_IRQHandler
                0x08003f18                CAN1_TX_IRQHandler
                0x08003f18                DMA2_Channel5_IRQHandler
                0x08003f18                CRS_IRQHandler
                0x08003f18                DMA1_Channel5_IRQHandler
                0x08003f18                EXTI4_IRQHandler
                0x08003f18                RNG_IRQHandler
                0x08003f18                DMA1_Channel3_IRQHandler
                0x08003f18                COMP_IRQHandler
                0x08003f18                WWDG_IRQHandler
                0x08003f18                LPUART1_IRQHandler
                0x08003f18                DMA2_Channel6_IRQHandler
                0x08003f18                TIM2_IRQHandler
                0x08003f18                EXTI1_IRQHandler
                0x08003f18                AES_IRQHandler
                0x08003f18                USART2_IRQHandler
                0x08003f18                I2C2_ER_IRQHandler
                0x08003f18                DMA1_Channel2_IRQHandler
                0x08003f18                CAN1_SCE_IRQHandler
                0x08003f18                FLASH_IRQHandler
                0x08003f18                USART1_IRQHandler
                0x08003f18                SPI3_IRQHandler
                0x08003f18                I2C1_ER_IRQHandler
                0x08003f18                SWPMI1_IRQHandler
                0x08003f18                LPTIM1_IRQHandler
                0x08003f18                SAI1_IRQHandler
                0x08003f18                DMA2_Channel3_IRQHandler
                0x08003f18                TIM1_BRK_TIM15_IRQHandler
 *fill*         0x08003f1a        0x2 
 .text.__libc_init_array
                0x08003f1c       0x48 c:/program files (x86)/atollic/truestudio for stm32 9.0.1/armtools/bin/../lib/gcc/arm-atollic-eabi/6.3.1/../../../../arm-atollic-eabi/lib/armv7e-m/fpu\libc_nano.a(lib_a-init.o)
                0x08003f1c                __libc_init_array
 .text.malloc   0x08003f64       0x10 c:/program files (x86)/atollic/truestudio for stm32 9.0.1/armtools/bin/../lib/gcc/arm-atollic-eabi/6.3.1/../../../../arm-atollic-eabi/lib/armv7e-m/fpu\libc_nano.a(lib_a-malloc.o)
                0x08003f64                malloc
 .text.free     0x08003f74       0x10 c:/program files (x86)/atollic/truestudio for stm32 9.0.1/armtools/bin/../lib/gcc/arm-atollic-eabi/6.3.1/../../../../arm-atollic-eabi/lib/armv7e-m/fpu\libc_nano.a(lib_a-malloc.o)
                0x08003f74                free
 .text._free_r  0x08003f84       0x9c c:/program files (x86)/atollic/truestudio for stm32 9.0.1/armtools/bin/../lib/gcc/arm-atollic-eabi/6.3.1/../../../../arm-atollic-eabi/lib/armv7e-m/fpu\libc_nano.a(lib_a-nano-freer.o)
                0x08003f84                _free_r
 .text._malloc_r
                0x08004020       0xbc c:/program files (x86)/atollic/truestudio for stm32 9.0.1/armtools/bin/../lib/gcc/arm-atollic-eabi/6.3.1/../../../../arm-atollic-eabi/lib/armv7e-m/fpu\libc_nano.a(lib_a-nano-mallocr.o)
                0x08004020                _malloc_r
 .text._sbrk_r  0x080040dc       0x20 c:/program files (x86)/atollic/truestudio for stm32 9.0.1/armtools/bin/../lib/gcc/arm-atollic-eabi/6.3.1/../../../../arm-atollic-eabi/lib/armv7e-m/fpu\libc_nano.a(lib_a-sbrkr.o)
                0x080040dc                _sbrk_r
 .text.__malloc_lock
                0x080040fc        0x2 c:/program files (x86)/atollic/truestudio for stm32 9.0.1/armtools/bin/../lib/gcc/arm-atollic-eabi/6.3.1/../../../../arm-atollic-eabi/lib/armv7e-m/fpu\libc_nano.a(lib_a-mlock.o)
                0x080040fc                __malloc_lock
 .text.__malloc_unlock
                0x080040fe        0x2 c:/program files (x86)/atollic/truestudio for stm32 9.0.1/armtools/bin/../lib/gcc/arm-atollic-eabi/6.3.1/../../../../arm-atollic-eabi/lib/armv7e-m/fpu\libc_nano.a(lib_a-mlock.o)
                0x080040fe                __malloc_unlock
 .text._sbrk    0x08004100       0x1c c:/program files (x86)/atollic/truestudio for stm32 9.0.1/armtools/bin/../lib/gcc/arm-atollic-eabi/6.3.1/../../../../arm-atollic-eabi/lib/armv7e-m/fpu\libnosys.a(sbrk.o)
                0x08004100                _sbrk
 *(.glue_7)
 .glue_7        0x0800411c        0x0 linker stubs
 *(.glue_7t)
 .glue_7t       0x0800411c        0x0 linker stubs
 *(.eh_frame)
 .eh_frame      0x0800411c        0x0 c:/program files (x86)/atollic/truestudio for stm32 9.0.1/armtools/bin/../lib/gcc/arm-atollic-eabi/6.3.1/armv7e-m/fpu/crtbegin.o
 *(.init)
 .init          0x0800411c        0x4 c:/program files (x86)/atollic/truestudio for stm32 9.0.1/armtools/bin/../lib/gcc/arm-atollic-eabi/6.3.1/armv7e-m/fpu/crti.o
                0x0800411c                _init
 .init          0x08004120        0x8 c:/program files (x86)/atollic/truestudio for stm32 9.0.1/armtools/bin/../lib/gcc/arm-atollic-eabi/6.3.1/armv7e-m/fpu/crtn.o
 *(.fini)
 .fini          0x08004128        0x4 c:/program files (x86)/atollic/truestudio for stm32 9.0.1/armtools/bin/../lib/gcc/arm-atollic-eabi/6.3.1/armv7e-m/fpu/crti.o
                0x08004128                _fini
 .fini          0x0800412c        0x8 c:/program files (x86)/atollic/truestudio for stm32 9.0.1/armtools/bin/../lib/gcc/arm-atollic-eabi/6.3.1/armv7e-m/fpu/crtn.o
                0x08004134                . = ALIGN (0x4)
                0x08004134                _etext = .

.vfp11_veneer   0x08004134        0x0
 .vfp11_veneer  0x08004134        0x0 linker stubs

.v4_bx          0x08004134        0x0
 .v4_bx         0x08004134        0x0 linker stubs

.iplt           0x08004134        0x0
 .iplt          0x08004134        0x0 c:/program files (x86)/atollic/truestudio for stm32 9.0.1/armtools/bin/../lib/gcc/arm-atollic-eabi/6.3.1/armv7e-m/fpu/crtbegin.o

.rodata         0x08004134      0x244
                0x08004134                . = ALIGN (0x4)
 *(.rodata)
 *(.rodata*)
 .rodata.crc15Table
                0x08004134      0x200 Src\main.o
                0x08004134                crc15Table
 .rodata.AHBPrescTable
                0x08004334       0x10 Src\system_stm32l4xx.o
                0x08004334                AHBPrescTable
 .rodata.MSIRangeTable
                0x08004344       0x30 Src\system_stm32l4xx.o
                0x08004344                MSIRangeTable
 .rodata.CSWTCH.40
                0x08004374        0x4 Src\usbd_conf.o
                0x08004378                . = ALIGN (0x4)

.rel.dyn        0x08004378        0x0
 .rel.iplt      0x08004378        0x0 c:/program files (x86)/atollic/truestudio for stm32 9.0.1/armtools/bin/../lib/gcc/arm-atollic-eabi/6.3.1/armv7e-m/fpu/crtbegin.o

.ARM.extab
 *(.ARM.extab* .gnu.linkonce.armextab.*)

.ARM            0x08004378        0x0
                0x08004378                __exidx_start = .
 *(.ARM.exidx*)
                0x08004378                __exidx_end = .

.preinit_array  0x08004378        0x0
                0x08004378                PROVIDE (__preinit_array_start, .)
 *(.preinit_array*)
                0x08004378                PROVIDE (__preinit_array_end, .)

.init_array     0x08004378        0x4
                0x08004378                PROVIDE (__init_array_start, .)
 *(SORT(.init_array.*))
 *(.init_array*)
 .init_array    0x08004378        0x4 c:/program files (x86)/atollic/truestudio for stm32 9.0.1/armtools/bin/../lib/gcc/arm-atollic-eabi/6.3.1/armv7e-m/fpu/crtbegin.o
                0x0800437c                PROVIDE (__init_array_end, .)

.fini_array     0x0800437c        0x4
                [!provide]                PROVIDE (__fini_array_start, .)
 *(SORT(.fini_array.*))
 *(.fini_array*)
 .fini_array    0x0800437c        0x4 c:/program files (x86)/atollic/truestudio for stm32 9.0.1/armtools/bin/../lib/gcc/arm-atollic-eabi/6.3.1/armv7e-m/fpu/crtbegin.o
                [!provide]                PROVIDE (__fini_array_end, .)
                0x08004380                _sidata = LOADADDR (.data)

.data           0x20000000       0x8c load address 0x08004380
                0x20000000                . = ALIGN (0x4)
                0x20000000                _sdata = .
 *(.data)
 *(.data*)
 .data.cells    0x20000000        0xf Src\main.o
                0x20000000                cells
 *fill*         0x2000000f        0x1 
 .data.main_period
                0x20000010        0x4 Src\main.o
                0x20000010                main_period
 .data.maxBrickV
                0x20000014        0x4 Src\main.o
                0x20000014                maxBrickV
 .data.maxVctr  0x20000018        0x1 Src\main.o
                0x20000018                maxVctr
 *fill*         0x20000019        0x3 
 .data.minBrickV
                0x2000001c        0x4 Src\main.o
                0x2000001c                minBrickV
 .data.minVctr  0x20000020        0x1 Src\main.o
                0x20000020                minVctr
 .data.state    0x20000021        0x1 Src\main.o
                0x20000021                state
 *fill*         0x20000022        0x2 
 .data.SystemCoreClock
                0x20000024        0x4 Src\system_stm32l4xx.o
                0x20000024                SystemCoreClock
 .data._impure_ptr
                0x20000028        0x4 c:/program files (x86)/atollic/truestudio for stm32 9.0.1/armtools/bin/../lib/gcc/arm-atollic-eabi/6.3.1/../../../../arm-atollic-eabi/lib/armv7e-m/fpu\libc_nano.a(lib_a-impure.o)
                0x20000028                _impure_ptr
 .data.impure_data
                0x2000002c       0x60 c:/program files (x86)/atollic/truestudio for stm32 9.0.1/armtools/bin/../lib/gcc/arm-atollic-eabi/6.3.1/../../../../arm-atollic-eabi/lib/armv7e-m/fpu\libc_nano.a(lib_a-impure.o)
                0x2000008c                . = ALIGN (0x4)
                0x2000008c                _edata = .

.igot.plt       0x2000008c        0x0 load address 0x0800440c
 .igot.plt      0x2000008c        0x0 c:/program files (x86)/atollic/truestudio for stm32 9.0.1/armtools/bin/../lib/gcc/arm-atollic-eabi/6.3.1/armv7e-m/fpu/crtbegin.o
                0x2000008c                . = ALIGN (0x4)

.bss            0x2000008c      0x744 load address 0x0800440c
                0x2000008c                _sbss = .
                0x2000008c                __bss_start__ = _sbss
 *(.bss)
 .bss           0x2000008c       0x1c c:/program files (x86)/atollic/truestudio for stm32 9.0.1/armtools/bin/../lib/gcc/arm-atollic-eabi/6.3.1/armv7e-m/fpu/crtbegin.o
 *(.bss*)
 .bss.cfgidx.10609
                0x200000a8        0x1 Middlewares\ST\STM32_USB_Device_Library\Core\Src\usbd_ctlreq.o
 *fill*         0x200000a9        0x3 
 .bss.current   0x200000ac        0x4 Src\main.o
                0x200000ac                current
 .bss.dcc       0x200000b0        0x4 Src\main.o
                0x200000b0                dcc
 .bss.dieTemp   0x200000b4        0x4 Src\main.o
                0x200000b4                dieTemp
 .bss.tickstart
                0x200000b8        0x4 Src\main.o
                0x200000b8                tickstart
 .bss.__malloc_free_list
                0x200000bc        0x4 c:/program files (x86)/atollic/truestudio for stm32 9.0.1/armtools/bin/../lib/gcc/arm-atollic-eabi/6.3.1/../../../../arm-atollic-eabi/lib/armv7e-m/fpu\libc_nano.a(lib_a-nano-mallocr.o)
                0x200000bc                __malloc_free_list
 .bss.__malloc_sbrk_start
                0x200000c0        0x4 c:/program files (x86)/atollic/truestudio for stm32 9.0.1/armtools/bin/../lib/gcc/arm-atollic-eabi/6.3.1/../../../../arm-atollic-eabi/lib/armv7e-m/fpu\libc_nano.a(lib_a-nano-mallocr.o)
                0x200000c0                __malloc_sbrk_start
 .bss.heap_end.5239
                0x200000c4        0x4 c:/program files (x86)/atollic/truestudio for stm32 9.0.1/armtools/bin/../lib/gcc/arm-atollic-eabi/6.3.1/../../../../arm-atollic-eabi/lib/armv7e-m/fpu\libnosys.a(sbrk.o)
 *(COMMON)
 COMMON         0x200000c8        0x4 Drivers\STM32L4xx_HAL_Driver\Src\stm32l4xx_hal.o
                0x200000c8                uwTick
 COMMON         0x200000cc      0x289 Src\main.o
                0x200000cc                voltages
                0x200000f0                hspi2
                0x20000154                huart1
                0x200001cc                hlptim1
                0x20000204                hrtc
                0x20000228                voltagesFloat
                0x20000264                auxVoltages
                0x2000027c                aRxBuffer
                0x2000028c                hspi1
                0x200002f0                auxVoltagesFloat
                0x20000320                hcan1
                0x20000348                aTxBuffer
 *fill*         0x20000355        0x3 
 COMMON         0x20000358      0x474 Src\usbd_conf.o
                0x20000358                hpcd_USB_FS
 COMMON         0x200007cc        0x4 c:/program files (x86)/atollic/truestudio for stm32 9.0.1/armtools/bin/../lib/gcc/arm-atollic-eabi/6.3.1/../../../../arm-atollic-eabi/lib/armv7e-m/fpu\libc_nano.a(lib_a-reent.o)
                0x200007cc                errno
                0x200007d0                . = ALIGN (0x4)
                0x200007d0                _ebss = .
                0x200007d0                __bss_end__ = _ebss

._user_heap_stack
                0x200007d0      0x600 load address 0x0800440c
                0x200007d0                . = ALIGN (0x4)
                0x200007d0                PROVIDE (end, .)
                [!provide]                PROVIDE (_end, .)
                0x200009d0                . = (. + _Min_Heap_Size)
 *fill*         0x200007d0      0x200 
                0x20000dd0                . = (. + _Min_Stack_Size)
 *fill*         0x200009d0      0x400 
                0x20000dd0                . = ALIGN (0x4)

/DISCARD/
 libc.a(*)
 libm.a(*)
 libgcc.a(*)

.ARM.attributes
                0x00000000       0x30
 *(.ARM.attributes)
 .ARM.attributes
                0x00000000       0x22 c:/program files (x86)/atollic/truestudio for stm32 9.0.1/armtools/bin/../lib/gcc/arm-atollic-eabi/6.3.1/armv7e-m/fpu/crti.o
 .ARM.attributes
                0x00000022       0x34 c:/program files (x86)/atollic/truestudio for stm32 9.0.1/armtools/bin/../lib/gcc/arm-atollic-eabi/6.3.1/armv7e-m/fpu/crtbegin.o
 .ARM.attributes
                0x00000056       0x39 Drivers\STM32L4xx_HAL_Driver\Src\stm32l4xx_hal.o
 .ARM.attributes
                0x0000008f       0x39 Drivers\STM32L4xx_HAL_Driver\Src\stm32l4xx_hal_cortex.o
 .ARM.attributes
                0x000000c8       0x39 Drivers\STM32L4xx_HAL_Driver\Src\stm32l4xx_hal_gpio.o
 .ARM.attributes
                0x00000101       0x39 Drivers\STM32L4xx_HAL_Driver\Src\stm32l4xx_hal_pcd.o
 .ARM.attributes
                0x0000013a       0x39 Drivers\STM32L4xx_HAL_Driver\Src\stm32l4xx_hal_pwr.o
 .ARM.attributes
                0x00000173       0x39 Drivers\STM32L4xx_HAL_Driver\Src\stm32l4xx_hal_pwr_ex.o
 .ARM.attributes
                0x000001ac       0x39 Drivers\STM32L4xx_HAL_Driver\Src\stm32l4xx_hal_rcc.o
 .ARM.attributes
                0x000001e5       0x39 Drivers\STM32L4xx_HAL_Driver\Src\stm32l4xx_hal_rcc_ex.o
 .ARM.attributes
                0x0000021e       0x39 Drivers\STM32L4xx_HAL_Driver\Src\stm32l4xx_hal_spi.o
 .ARM.attributes
                0x00000257       0x39 Drivers\STM32L4xx_HAL_Driver\Src\stm32l4xx_ll_usb.o
 .ARM.attributes
                0x00000290       0x39 Middlewares\ST\STM32_USB_Device_Library\Core\Src\usbd_core.o
 .ARM.attributes
                0x000002c9       0x39 Middlewares\ST\STM32_USB_Device_Library\Core\Src\usbd_ctlreq.o
 .ARM.attributes
                0x00000302       0x39 Middlewares\ST\STM32_USB_Device_Library\Core\Src\usbd_ioreq.o
 .ARM.attributes
                0x0000033b       0x39 Src\main.o
 .ARM.attributes
                0x00000374       0x39 Src\stm32l4xx_hal_msp.o
 .ARM.attributes
                0x000003ad       0x39 Src\stm32l4xx_it.o
 .ARM.attributes
                0x000003e6       0x39 Src\system_stm32l4xx.o
 .ARM.attributes
                0x0000041f       0x39 Src\usbd_conf.o
 .ARM.attributes
                0x00000458       0x21 startup\startup_stm32l443xx.o
 .ARM.attributes
                0x00000479       0x34 c:/program files (x86)/atollic/truestudio for stm32 9.0.1/armtools/bin/../lib/gcc/arm-atollic-eabi/6.3.1/../../../../arm-atollic-eabi/lib/armv7e-m/fpu\libc_nano.a(lib_a-init.o)
 .ARM.attributes
                0x000004ad       0x34 c:/program files (x86)/atollic/truestudio for stm32 9.0.1/armtools/bin/../lib/gcc/arm-atollic-eabi/6.3.1/../../../../arm-atollic-eabi/lib/armv7e-m/fpu\libc_nano.a(lib_a-malloc.o)
 .ARM.attributes
                0x000004e1       0x34 c:/program files (x86)/atollic/truestudio for stm32 9.0.1/armtools/bin/../lib/gcc/arm-atollic-eabi/6.3.1/../../../../arm-atollic-eabi/lib/armv7e-m/fpu\libc_nano.a(lib_a-nano-freer.o)
 .ARM.attributes
                0x00000515       0x34 c:/program files (x86)/atollic/truestudio for stm32 9.0.1/armtools/bin/../lib/gcc/arm-atollic-eabi/6.3.1/../../../../arm-atollic-eabi/lib/armv7e-m/fpu\libc_nano.a(lib_a-nano-mallocr.o)
 .ARM.attributes
                0x00000549       0x34 c:/program files (x86)/atollic/truestudio for stm32 9.0.1/armtools/bin/../lib/gcc/arm-atollic-eabi/6.3.1/../../../../arm-atollic-eabi/lib/armv7e-m/fpu\libc_nano.a(lib_a-sbrkr.o)
 .ARM.attributes
                0x0000057d       0x34 c:/program files (x86)/atollic/truestudio for stm32 9.0.1/armtools/bin/../lib/gcc/arm-atollic-eabi/6.3.1/../../../../arm-atollic-eabi/lib/armv7e-m/fpu\libc_nano.a(lib_a-impure.o)
 .ARM.attributes
                0x000005b1       0x34 c:/program files (x86)/atollic/truestudio for stm32 9.0.1/armtools/bin/../lib/gcc/arm-atollic-eabi/6.3.1/../../../../arm-atollic-eabi/lib/armv7e-m/fpu\libc_nano.a(lib_a-mlock.o)
 .ARM.attributes
                0x000005e5       0x34 c:/program files (x86)/atollic/truestudio for stm32 9.0.1/armtools/bin/../lib/gcc/arm-atollic-eabi/6.3.1/../../../../arm-atollic-eabi/lib/armv7e-m/fpu\libc_nano.a(lib_a-reent.o)
 .ARM.attributes
                0x00000619       0x22 c:/program files (x86)/atollic/truestudio for stm32 9.0.1/armtools/bin/../lib/gcc/arm-atollic-eabi/6.3.1/armv7e-m/fpu\libgcc.a(_arm_addsubdf3.o)
 .ARM.attributes
                0x0000063b       0x22 c:/program files (x86)/atollic/truestudio for stm32 9.0.1/armtools/bin/../lib/gcc/arm-atollic-eabi/6.3.1/armv7e-m/fpu\libgcc.a(_arm_muldivdf3.o)
 .ARM.attributes
                0x0000065d       0x22 c:/program files (x86)/atollic/truestudio for stm32 9.0.1/armtools/bin/../lib/gcc/arm-atollic-eabi/6.3.1/armv7e-m/fpu\libgcc.a(_arm_cmpdf2.o)
 .ARM.attributes
                0x0000067f       0x22 c:/program files (x86)/atollic/truestudio for stm32 9.0.1/armtools/bin/../lib/gcc/arm-atollic-eabi/6.3.1/armv7e-m/fpu\libgcc.a(_arm_truncdfsf2.o)
 .ARM.attributes
                0x000006a1       0x34 c:/program files (x86)/atollic/truestudio for stm32 9.0.1/armtools/bin/../lib/gcc/arm-atollic-eabi/6.3.1/../../../../arm-atollic-eabi/lib/armv7e-m/fpu\libnosys.a(sbrk.o)
 .ARM.attributes
                0x000006d5       0x22 c:/program files (x86)/atollic/truestudio for stm32 9.0.1/armtools/bin/../lib/gcc/arm-atollic-eabi/6.3.1/armv7e-m/fpu/crtn.o
OUTPUT(uBMS.elf elf32-littlearm)

.debug_info     0x00000000    0x1c9ce
 .debug_info    0x00000000     0x12ba Drivers\STM32L4xx_HAL_Driver\Src\stm32l4xx_hal.o
 .debug_info    0x000012ba     0x171f Drivers\STM32L4xx_HAL_Driver\Src\stm32l4xx_hal_cortex.o
 .debug_info    0x000029d9     0x1081 Drivers\STM32L4xx_HAL_Driver\Src\stm32l4xx_hal_gpio.o
 .debug_info    0x00003a5a     0x1ba6 Drivers\STM32L4xx_HAL_Driver\Src\stm32l4xx_hal_pcd.o
 .debug_info    0x00005600     0x1210 Drivers\STM32L4xx_HAL_Driver\Src\stm32l4xx_hal_pwr.o
 .debug_info    0x00006810     0x1248 Drivers\STM32L4xx_HAL_Driver\Src\stm32l4xx_hal_pwr_ex.o
 .debug_info    0x00007a58     0x157d Drivers\STM32L4xx_HAL_Driver\Src\stm32l4xx_hal_rcc.o
 .debug_info    0x00008fd5     0x1837 Drivers\STM32L4xx_HAL_Driver\Src\stm32l4xx_hal_rcc_ex.o
 .debug_info    0x0000a80c     0x280f Drivers\STM32L4xx_HAL_Driver\Src\stm32l4xx_hal_spi.o
 .debug_info    0x0000d01b     0x1d5a Drivers\STM32L4xx_HAL_Driver\Src\stm32l4xx_ll_usb.o
 .debug_info    0x0000ed75     0x14fe Middlewares\ST\STM32_USB_Device_Library\Core\Src\usbd_core.o
 .debug_info    0x00010273     0x1519 Middlewares\ST\STM32_USB_Device_Library\Core\Src\usbd_ctlreq.o
 .debug_info    0x0001178c     0x101e Middlewares\ST\STM32_USB_Device_Library\Core\Src\usbd_ioreq.o
 .debug_info    0x000127aa     0x3cb3 Src\main.o
 .debug_info    0x0001645d     0x23b4 Src\stm32l4xx_hal_msp.o
 .debug_info    0x00018811      0xef6 Src\stm32l4xx_it.o
 .debug_info    0x00019707      0xde2 Src\system_stm32l4xx.o
 .debug_info    0x0001a4e9     0x2478 Src\usbd_conf.o
 .debug_info    0x0001c961       0x6d startup\startup_stm32l443xx.o

.debug_abbrev   0x00000000     0x34d3
 .debug_abbrev  0x00000000      0x2c9 Drivers\STM32L4xx_HAL_Driver\Src\stm32l4xx_hal.o
 .debug_abbrev  0x000002c9      0x37d Drivers\STM32L4xx_HAL_Driver\Src\stm32l4xx_hal_cortex.o
 .debug_abbrev  0x00000646      0x268 Drivers\STM32L4xx_HAL_Driver\Src\stm32l4xx_hal_gpio.o
 .debug_abbrev  0x000008ae      0x378 Drivers\STM32L4xx_HAL_Driver\Src\stm32l4xx_hal_pcd.o
 .debug_abbrev  0x00000c26      0x24b Drivers\STM32L4xx_HAL_Driver\Src\stm32l4xx_hal_pwr.o
 .debug_abbrev  0x00000e71      0x2c7 Drivers\STM32L4xx_HAL_Driver\Src\stm32l4xx_hal_pwr_ex.o
 .debug_abbrev  0x00001138      0x2d2 Drivers\STM32L4xx_HAL_Driver\Src\stm32l4xx_hal_rcc.o
 .debug_abbrev  0x0000140a      0x31c Drivers\STM32L4xx_HAL_Driver\Src\stm32l4xx_hal_rcc_ex.o
 .debug_abbrev  0x00001726      0x389 Drivers\STM32L4xx_HAL_Driver\Src\stm32l4xx_hal_spi.o
 .debug_abbrev  0x00001aaf      0x329 Drivers\STM32L4xx_HAL_Driver\Src\stm32l4xx_ll_usb.o
 .debug_abbrev  0x00001dd8      0x331 Middlewares\ST\STM32_USB_Device_Library\Core\Src\usbd_core.o
 .debug_abbrev  0x00002109      0x3d7 Middlewares\ST\STM32_USB_Device_Library\Core\Src\usbd_ctlreq.o
 .debug_abbrev  0x000024e0      0x206 Middlewares\ST\STM32_USB_Device_Library\Core\Src\usbd_ioreq.o
 .debug_abbrev  0x000026e6      0x3f3 Src\main.o
 .debug_abbrev  0x00002ad9      0x2c2 Src\stm32l4xx_hal_msp.o
 .debug_abbrev  0x00002d9b      0x211 Src\stm32l4xx_it.o
 .debug_abbrev  0x00002fac      0x1eb Src\system_stm32l4xx.o
 .debug_abbrev  0x00003197      0x32a Src\usbd_conf.o
 .debug_abbrev  0x000034c1       0x12 startup\startup_stm32l443xx.o

.debug_loc      0x00000000     0x7793
 .debug_loc     0x00000000       0xf8 Drivers\STM32L4xx_HAL_Driver\Src\stm32l4xx_hal.o
 .debug_loc     0x000000f8      0x4fb Drivers\STM32L4xx_HAL_Driver\Src\stm32l4xx_hal_cortex.o
 .debug_loc     0x000005f3      0x2b9 Drivers\STM32L4xx_HAL_Driver\Src\stm32l4xx_hal_gpio.o
 .debug_loc     0x000008ac      0xa2a Drivers\STM32L4xx_HAL_Driver\Src\stm32l4xx_hal_pcd.o
 .debug_loc     0x000012d6      0x132 Drivers\STM32L4xx_HAL_Driver\Src\stm32l4xx_hal_pwr.o
 .debug_loc     0x00001408      0x4cc Drivers\STM32L4xx_HAL_Driver\Src\stm32l4xx_hal_pwr_ex.o
 .debug_loc     0x000018d4      0x53e Drivers\STM32L4xx_HAL_Driver\Src\stm32l4xx_hal_rcc.o
 .debug_loc     0x00001e12      0xc46 Drivers\STM32L4xx_HAL_Driver\Src\stm32l4xx_hal_rcc_ex.o
 .debug_loc     0x00002a58     0x1888 Drivers\STM32L4xx_HAL_Driver\Src\stm32l4xx_hal_spi.o
 .debug_loc     0x000042e0     0x1017 Drivers\STM32L4xx_HAL_Driver\Src\stm32l4xx_ll_usb.o
 .debug_loc     0x000052f7      0x705 Middlewares\ST\STM32_USB_Device_Library\Core\Src\usbd_core.o
 .debug_loc     0x000059fc      0x8e0 Middlewares\ST\STM32_USB_Device_Library\Core\Src\usbd_ctlreq.o
 .debug_loc     0x000062dc      0x23c Middlewares\ST\STM32_USB_Device_Library\Core\Src\usbd_ioreq.o
 .debug_loc     0x00006518      0x564 Src\main.o
 .debug_loc     0x00006a7c      0x119 Src\stm32l4xx_hal_msp.o
 .debug_loc     0x00006b95      0x1be Src\system_stm32l4xx.o
 .debug_loc     0x00006d53      0xa40 Src\usbd_conf.o

.debug_aranges  0x00000000      0xc80
 .debug_aranges
                0x00000000      0x110 Drivers\STM32L4xx_HAL_Driver\Src\stm32l4xx_hal.o
 .debug_aranges
                0x00000110       0xa8 Drivers\STM32L4xx_HAL_Driver\Src\stm32l4xx_hal_cortex.o
 .debug_aranges
                0x000001b8       0x58 Drivers\STM32L4xx_HAL_Driver\Src\stm32l4xx_hal_gpio.o
 .debug_aranges
                0x00000210       0xc0 Drivers\STM32L4xx_HAL_Driver\Src\stm32l4xx_hal_pcd.o
 .debug_aranges
                0x000002d0       0x98 Drivers\STM32L4xx_HAL_Driver\Src\stm32l4xx_hal_pwr.o
 .debug_aranges
                0x00000368      0x110 Drivers\STM32L4xx_HAL_Driver\Src\stm32l4xx_hal_pwr_ex.o
 .debug_aranges
                0x00000478       0x88 Drivers\STM32L4xx_HAL_Driver\Src\stm32l4xx_hal_rcc.o
 .debug_aranges
                0x00000500       0xd0 Drivers\STM32L4xx_HAL_Driver\Src\stm32l4xx_hal_rcc_ex.o
 .debug_aranges
                0x000005d0      0x198 Drivers\STM32L4xx_HAL_Driver\Src\stm32l4xx_hal_spi.o
 .debug_aranges
                0x00000768       0xf0 Drivers\STM32L4xx_HAL_Driver\Src\stm32l4xx_ll_usb.o
 .debug_aranges
                0x00000858       0xa8 Middlewares\ST\STM32_USB_Device_Library\Core\Src\usbd_core.o
 .debug_aranges
                0x00000900       0x50 Middlewares\ST\STM32_USB_Device_Library\Core\Src\usbd_ctlreq.o
 .debug_aranges
                0x00000950       0x50 Middlewares\ST\STM32_USB_Device_Library\Core\Src\usbd_ioreq.o
 .debug_aranges
                0x000009a0       0xb0 Src\main.o
 .debug_aranges
                0x00000a50       0x70 Src\stm32l4xx_hal_msp.o
 .debug_aranges
                0x00000ac0       0x50 Src\stm32l4xx_it.o
 .debug_aranges
                0x00000b10       0x28 Src\system_stm32l4xx.o
 .debug_aranges
                0x00000b38      0x120 Src\usbd_conf.o
 .debug_aranges
                0x00000c58       0x28 startup\startup_stm32l443xx.o

.debug_ranges   0x00000000     0x12b0
 .debug_ranges  0x00000000      0x100 Drivers\STM32L4xx_HAL_Driver\Src\stm32l4xx_hal.o
 .debug_ranges  0x00000100      0x138 Drivers\STM32L4xx_HAL_Driver\Src\stm32l4xx_hal_cortex.o
 .debug_ranges  0x00000238       0x68 Drivers\STM32L4xx_HAL_Driver\Src\stm32l4xx_hal_gpio.o
 .debug_ranges  0x000002a0      0x150 Drivers\STM32L4xx_HAL_Driver\Src\stm32l4xx_hal_pcd.o
 .debug_ranges  0x000003f0       0x88 Drivers\STM32L4xx_HAL_Driver\Src\stm32l4xx_hal_pwr.o
 .debug_ranges  0x00000478      0x100 Drivers\STM32L4xx_HAL_Driver\Src\stm32l4xx_hal_pwr_ex.o
 .debug_ranges  0x00000578       0x90 Drivers\STM32L4xx_HAL_Driver\Src\stm32l4xx_hal_rcc.o
 .debug_ranges  0x00000608       0xf8 Drivers\STM32L4xx_HAL_Driver\Src\stm32l4xx_hal_rcc_ex.o
 .debug_ranges  0x00000700      0x248 Drivers\STM32L4xx_HAL_Driver\Src\stm32l4xx_hal_spi.o
 .debug_ranges  0x00000948      0x358 Drivers\STM32L4xx_HAL_Driver\Src\stm32l4xx_ll_usb.o
 .debug_ranges  0x00000ca0       0x98 Middlewares\ST\STM32_USB_Device_Library\Core\Src\usbd_core.o
 .debug_ranges  0x00000d38       0x88 Middlewares\ST\STM32_USB_Device_Library\Core\Src\usbd_ctlreq.o
 .debug_ranges  0x00000dc0       0x40 Middlewares\ST\STM32_USB_Device_Library\Core\Src\usbd_ioreq.o
 .debug_ranges  0x00000e00      0x220 Src\main.o
 .debug_ranges  0x00001020       0xe0 Src\stm32l4xx_hal_msp.o
 .debug_ranges  0x00001100       0x40 Src\stm32l4xx_it.o
 .debug_ranges  0x00001140       0x18 Src\system_stm32l4xx.o
 .debug_ranges  0x00001158      0x138 Src\usbd_conf.o
 .debug_ranges  0x00001290       0x20 startup\startup_stm32l443xx.o

.debug_line     0x00000000     0x6822
 .debug_line    0x00000000      0x4eb Drivers\STM32L4xx_HAL_Driver\Src\stm32l4xx_hal.o
 .debug_line    0x000004eb      0x4d5 Drivers\STM32L4xx_HAL_Driver\Src\stm32l4xx_hal_cortex.o
 .debug_line    0x000009c0      0x461 Drivers\STM32L4xx_HAL_Driver\Src\stm32l4xx_hal_gpio.o
 .debug_line    0x00000e21      0x6b1 Drivers\STM32L4xx_HAL_Driver\Src\stm32l4xx_hal_pcd.o
 .debug_line    0x000014d2      0x426 Drivers\STM32L4xx_HAL_Driver\Src\stm32l4xx_hal_pwr.o
 .debug_line    0x000018f8      0x612 Drivers\STM32L4xx_HAL_Driver\Src\stm32l4xx_hal_pwr_ex.o
 .debug_line    0x00001f0a      0x646 Drivers\STM32L4xx_HAL_Driver\Src\stm32l4xx_hal_rcc.o
 .debug_line    0x00002550      0x7b3 Drivers\STM32L4xx_HAL_Driver\Src\stm32l4xx_hal_rcc_ex.o
 .debug_line    0x00002d03      0xd1e Drivers\STM32L4xx_HAL_Driver\Src\stm32l4xx_hal_spi.o
 .debug_line    0x00003a21      0x64c Drivers\STM32L4xx_HAL_Driver\Src\stm32l4xx_ll_usb.o
 .debug_line    0x0000406d      0x512 Middlewares\ST\STM32_USB_Device_Library\Core\Src\usbd_core.o
 .debug_line    0x0000457f      0x4af Middlewares\ST\STM32_USB_Device_Library\Core\Src\usbd_ctlreq.o
 .debug_line    0x00004a2e      0x389 Middlewares\ST\STM32_USB_Device_Library\Core\Src\usbd_ioreq.o
 .debug_line    0x00004db7      0x904 Src\main.o
 .debug_line    0x000056bb      0x467 Src\stm32l4xx_hal_msp.o
 .debug_line    0x00005b22      0x337 Src\stm32l4xx_it.o
 .debug_line    0x00005e59      0x2a8 Src\system_stm32l4xx.o
 .debug_line    0x00006101      0x6a2 Src\usbd_conf.o
 .debug_line    0x000067a3       0x7f startup\startup_stm32l443xx.o

.debug_str      0x00000000     0x4ebb
 .debug_str     0x00000000      0xf41 Drivers\STM32L4xx_HAL_Driver\Src\stm32l4xx_hal.o
                               0x1007 (size before relaxing)
 .debug_str     0x00000f41      0x3c3 Drivers\STM32L4xx_HAL_Driver\Src\stm32l4xx_hal_cortex.o
                                0xfbf (size before relaxing)
 .debug_str     0x00001304      0x1d4 Drivers\STM32L4xx_HAL_Driver\Src\stm32l4xx_hal_gpio.o
                                0x9e0 (size before relaxing)
 .debug_str     0x000014d8      0x89a Drivers\STM32L4xx_HAL_Driver\Src\stm32l4xx_hal_pcd.o
                                0xf9b (size before relaxing)
 .debug_str     0x00001d72      0x2da Drivers\STM32L4xx_HAL_Driver\Src\stm32l4xx_hal_pwr.o
                                0xb2c (size before relaxing)
 .debug_str     0x0000204c      0x3b6 Drivers\STM32L4xx_HAL_Driver\Src\stm32l4xx_hal_pwr_ex.o
                                0xbfd (size before relaxing)
 .debug_str     0x00002402      0x37c Drivers\STM32L4xx_HAL_Driver\Src\stm32l4xx_hal_rcc.o
                                0xc53 (size before relaxing)
 .debug_str     0x0000277e      0x610 Drivers\STM32L4xx_HAL_Driver\Src\stm32l4xx_hal_rcc_ex.o
                                0xff2 (size before relaxing)
 .debug_str     0x00002d8e      0x8a3 Drivers\STM32L4xx_HAL_Driver\Src\stm32l4xx_hal_spi.o
                                0xff6 (size before relaxing)
 .debug_str     0x00003631      0x18d Drivers\STM32L4xx_HAL_Driver\Src\stm32l4xx_ll_usb.o
                                0xbdb (size before relaxing)
 .debug_str     0x000037be      0x632 Middlewares\ST\STM32_USB_Device_Library\Core\Src\usbd_core.o
                                0xcde (size before relaxing)
 .debug_str     0x00003df0      0x13f Middlewares\ST\STM32_USB_Device_Library\Core\Src\usbd_ctlreq.o
                                0xbf8 (size before relaxing)
 .debug_str     0x00003f2f       0x8a Middlewares\ST\STM32_USB_Device_Library\Core\Src\usbd_ioreq.o
                                0xb25 (size before relaxing)
 .debug_str     0x00003fb9      0xc48 Src\main.o
                               0x2619 (size before relaxing)
 .debug_str     0x00004c01       0xbb Src\stm32l4xx_hal_msp.o
                               0x19bf (size before relaxing)
 .debug_str     0x00004cbc       0xc1 Src\stm32l4xx_it.o
                                0xabc (size before relaxing)
 .debug_str     0x00004d7d       0x3b Src\system_stm32l4xx.o
                                0x82d (size before relaxing)
 .debug_str     0x00004db8      0x103 Src\usbd_conf.o
                               0x1919 (size before relaxing)

.comment        0x00000000       0x7c
 .comment       0x00000000       0x7c Drivers\STM32L4xx_HAL_Driver\Src\stm32l4xx_hal.o
                                 0x7d (size before relaxing)
 .comment       0x0000007c       0x7d Drivers\STM32L4xx_HAL_Driver\Src\stm32l4xx_hal_cortex.o
 .comment       0x0000007c       0x7d Drivers\STM32L4xx_HAL_Driver\Src\stm32l4xx_hal_gpio.o
 .comment       0x0000007c       0x7d Drivers\STM32L4xx_HAL_Driver\Src\stm32l4xx_hal_pcd.o
 .comment       0x0000007c       0x7d Drivers\STM32L4xx_HAL_Driver\Src\stm32l4xx_hal_pwr.o
 .comment       0x0000007c       0x7d Drivers\STM32L4xx_HAL_Driver\Src\stm32l4xx_hal_pwr_ex.o
 .comment       0x0000007c       0x7d Drivers\STM32L4xx_HAL_Driver\Src\stm32l4xx_hal_rcc.o
 .comment       0x0000007c       0x7d Drivers\STM32L4xx_HAL_Driver\Src\stm32l4xx_hal_rcc_ex.o
 .comment       0x0000007c       0x7d Drivers\STM32L4xx_HAL_Driver\Src\stm32l4xx_hal_spi.o
 .comment       0x0000007c       0x7d Drivers\STM32L4xx_HAL_Driver\Src\stm32l4xx_ll_usb.o
 .comment       0x0000007c       0x7d Middlewares\ST\STM32_USB_Device_Library\Core\Src\usbd_core.o
 .comment       0x0000007c       0x7d Middlewares\ST\STM32_USB_Device_Library\Core\Src\usbd_ctlreq.o
 .comment       0x0000007c       0x7d Middlewares\ST\STM32_USB_Device_Library\Core\Src\usbd_ioreq.o
 .comment       0x0000007c       0x7d Src\main.o
 .comment       0x0000007c       0x7d Src\stm32l4xx_hal_msp.o
 .comment       0x0000007c       0x7d Src\stm32l4xx_it.o
 .comment       0x0000007c       0x7d Src\system_stm32l4xx.o
 .comment       0x0000007c       0x7d Src\usbd_conf.o

.debug_frame    0x00000000     0x2390
 .debug_frame   0x00000000      0x240 Drivers\STM32L4xx_HAL_Driver\Src\stm32l4xx_hal.o
 .debug_frame   0x00000240      0x158 Drivers\STM32L4xx_HAL_Driver\Src\stm32l4xx_hal_cortex.o
 .debug_frame   0x00000398       0xd4 Drivers\STM32L4xx_HAL_Driver\Src\stm32l4xx_hal_gpio.o
 .debug_frame   0x0000046c      0x2c0 Drivers\STM32L4xx_HAL_Driver\Src\stm32l4xx_hal_pcd.o
 .debug_frame   0x0000072c      0x118 Drivers\STM32L4xx_HAL_Driver\Src\stm32l4xx_hal_pwr.o
 .debug_frame   0x00000844      0x228 Drivers\STM32L4xx_HAL_Driver\Src\stm32l4xx_hal_pwr_ex.o
 .debug_frame   0x00000a6c      0x15c Drivers\STM32L4xx_HAL_Driver\Src\stm32l4xx_hal_rcc.o
 .debug_frame   0x00000bc8      0x238 Drivers\STM32L4xx_HAL_Driver\Src\stm32l4xx_hal_rcc_ex.o
 .debug_frame   0x00000e00      0x5bc Drivers\STM32L4xx_HAL_Driver\Src\stm32l4xx_hal_spi.o
 .debug_frame   0x000013bc      0x23c Drivers\STM32L4xx_HAL_Driver\Src\stm32l4xx_ll_usb.o
 .debug_frame   0x000015f8      0x1c0 Middlewares\ST\STM32_USB_Device_Library\Core\Src\usbd_core.o
 .debug_frame   0x000017b8       0xcc Middlewares\ST\STM32_USB_Device_Library\Core\Src\usbd_ctlreq.o
 .debug_frame   0x00001884       0xb0 Middlewares\ST\STM32_USB_Device_Library\Core\Src\usbd_ioreq.o
 .debug_frame   0x00001934      0x238 Src\main.o
 .debug_frame   0x00001b6c       0xf4 Src\stm32l4xx_hal_msp.o
 .debug_frame   0x00001c60       0xbc Src\stm32l4xx_it.o
 .debug_frame   0x00001d1c       0x38 Src\system_stm32l4xx.o
 .debug_frame   0x00001d54      0x2c0 Src\usbd_conf.o
 .debug_frame   0x00002014       0x2c c:/program files (x86)/atollic/truestudio for stm32 9.0.1/armtools/bin/../lib/gcc/arm-atollic-eabi/6.3.1/../../../../arm-atollic-eabi/lib/armv7e-m/fpu\libc_nano.a(lib_a-init.o)
 .debug_frame   0x00002040       0x30 c:/program files (x86)/atollic/truestudio for stm32 9.0.1/armtools/bin/../lib/gcc/arm-atollic-eabi/6.3.1/../../../../arm-atollic-eabi/lib/armv7e-m/fpu\libc_nano.a(lib_a-malloc.o)
 .debug_frame   0x00002070       0x38 c:/program files (x86)/atollic/truestudio for stm32 9.0.1/armtools/bin/../lib/gcc/arm-atollic-eabi/6.3.1/../../../../arm-atollic-eabi/lib/armv7e-m/fpu\libc_nano.a(lib_a-nano-freer.o)
 .debug_frame   0x000020a8       0x2c c:/program files (x86)/atollic/truestudio for stm32 9.0.1/armtools/bin/../lib/gcc/arm-atollic-eabi/6.3.1/../../../../arm-atollic-eabi/lib/armv7e-m/fpu\libc_nano.a(lib_a-nano-mallocr.o)
 .debug_frame   0x000020d4       0x2c c:/program files (x86)/atollic/truestudio for stm32 9.0.1/armtools/bin/../lib/gcc/arm-atollic-eabi/6.3.1/../../../../arm-atollic-eabi/lib/armv7e-m/fpu\libc_nano.a(lib_a-sbrkr.o)
 .debug_frame   0x00002100       0x30 c:/program files (x86)/atollic/truestudio for stm32 9.0.1/armtools/bin/../lib/gcc/arm-atollic-eabi/6.3.1/../../../../arm-atollic-eabi/lib/armv7e-m/fpu\libc_nano.a(lib_a-mlock.o)
 .debug_frame   0x00002130       0x5c c:/program files (x86)/atollic/truestudio for stm32 9.0.1/armtools/bin/../lib/gcc/arm-atollic-eabi/6.3.1/../../../../arm-atollic-eabi/lib/armv7e-m/fpu\libc_nano.a(lib_a-reent.o)
 .debug_frame   0x0000218c       0xac c:/program files (x86)/atollic/truestudio for stm32 9.0.1/armtools/bin/../lib/gcc/arm-atollic-eabi/6.3.1/armv7e-m/fpu\libgcc.a(_arm_addsubdf3.o)
 .debug_frame   0x00002238       0x50 c:/program files (x86)/atollic/truestudio for stm32 9.0.1/armtools/bin/../lib/gcc/arm-atollic-eabi/6.3.1/armv7e-m/fpu\libgcc.a(_arm_muldivdf3.o)
 .debug_frame   0x00002288       0xc4 c:/program files (x86)/atollic/truestudio for stm32 9.0.1/armtools/bin/../lib/gcc/arm-atollic-eabi/6.3.1/armv7e-m/fpu\libgcc.a(_arm_cmpdf2.o)
 .debug_frame   0x0000234c       0x24 c:/program files (x86)/atollic/truestudio for stm32 9.0.1/armtools/bin/../lib/gcc/arm-atollic-eabi/6.3.1/armv7e-m/fpu\libgcc.a(_arm_truncdfsf2.o)
 .debug_frame   0x00002370       0x20 c:/program files (x86)/atollic/truestudio for stm32 9.0.1/armtools/bin/../lib/gcc/arm-atollic-eabi/6.3.1/../../../../arm-atollic-eabi/lib/armv7e-m/fpu\libnosys.a(sbrk.o)
