Archive member included to satisfy reference by file (symbol)

c:/program files (x86)/atollic/truestudio for stm32 9.0.1/armtools/bin/../lib/gcc/arm-atollic-eabi/6.3.1/../../../../arm-atollic-eabi/lib/armv7e-m/fpu\libc.a(lib_a-init.o)
                              startup\startup_stm32l443xx.o (__libc_init_array)
c:/program files (x86)/atollic/truestudio for stm32 9.0.1/armtools/bin/../lib/gcc/arm-atollic-eabi/6.3.1/../../../../arm-atollic-eabi/lib/armv7e-m/fpu\libc.a(lib_a-malloc.o)
                              Src\main.o (malloc)
c:/program files (x86)/atollic/truestudio for stm32 9.0.1/armtools/bin/../lib/gcc/arm-atollic-eabi/6.3.1/../../../../arm-atollic-eabi/lib/armv7e-m/fpu\libc.a(lib_a-mallocr.o)
                              c:/program files (x86)/atollic/truestudio for stm32 9.0.1/armtools/bin/../lib/gcc/arm-atollic-eabi/6.3.1/../../../../arm-atollic-eabi/lib/armv7e-m/fpu\libc.a(lib_a-malloc.o) (_malloc_r)
c:/program files (x86)/atollic/truestudio for stm32 9.0.1/armtools/bin/../lib/gcc/arm-atollic-eabi/6.3.1/../../../../arm-atollic-eabi/lib/armv7e-m/fpu\libc.a(lib_a-memcpy-stub.o)
                              Src\usb_device.o (memcpy)
c:/program files (x86)/atollic/truestudio for stm32 9.0.1/armtools/bin/../lib/gcc/arm-atollic-eabi/6.3.1/../../../../arm-atollic-eabi/lib/armv7e-m/fpu\libc.a(lib_a-memset.o)
                              Src\main.o (memset)
c:/program files (x86)/atollic/truestudio for stm32 9.0.1/armtools/bin/../lib/gcc/arm-atollic-eabi/6.3.1/../../../../arm-atollic-eabi/lib/armv7e-m/fpu\libc.a(lib_a-mlock.o)
                              c:/program files (x86)/atollic/truestudio for stm32 9.0.1/armtools/bin/../lib/gcc/arm-atollic-eabi/6.3.1/../../../../arm-atollic-eabi/lib/armv7e-m/fpu\libc.a(lib_a-mallocr.o) (__malloc_lock)
c:/program files (x86)/atollic/truestudio for stm32 9.0.1/armtools/bin/../lib/gcc/arm-atollic-eabi/6.3.1/../../../../arm-atollic-eabi/lib/armv7e-m/fpu\libc.a(lib_a-printf.o)
                              Src\main.o (printf)
c:/program files (x86)/atollic/truestudio for stm32 9.0.1/armtools/bin/../lib/gcc/arm-atollic-eabi/6.3.1/../../../../arm-atollic-eabi/lib/armv7e-m/fpu\libc.a(lib_a-sbrkr.o)
                              c:/program files (x86)/atollic/truestudio for stm32 9.0.1/armtools/bin/../lib/gcc/arm-atollic-eabi/6.3.1/../../../../arm-atollic-eabi/lib/armv7e-m/fpu\libc.a(lib_a-mallocr.o) (_sbrk_r)
c:/program files (x86)/atollic/truestudio for stm32 9.0.1/armtools/bin/../lib/gcc/arm-atollic-eabi/6.3.1/../../../../arm-atollic-eabi/lib/armv7e-m/fpu\libc.a(lib_a-vfprintf.o)
                              c:/program files (x86)/atollic/truestudio for stm32 9.0.1/armtools/bin/../lib/gcc/arm-atollic-eabi/6.3.1/../../../../arm-atollic-eabi/lib/armv7e-m/fpu\libc.a(lib_a-printf.o) (_vfprintf_r)
c:/program files (x86)/atollic/truestudio for stm32 9.0.1/armtools/bin/../lib/gcc/arm-atollic-eabi/6.3.1/../../../../arm-atollic-eabi/lib/armv7e-m/fpu\libc.a(lib_a-wsetup.o)
                              c:/program files (x86)/atollic/truestudio for stm32 9.0.1/armtools/bin/../lib/gcc/arm-atollic-eabi/6.3.1/../../../../arm-atollic-eabi/lib/armv7e-m/fpu\libc.a(lib_a-vfprintf.o) (__swsetup_r)
c:/program files (x86)/atollic/truestudio for stm32 9.0.1/armtools/bin/../lib/gcc/arm-atollic-eabi/6.3.1/../../../../arm-atollic-eabi/lib/armv7e-m/fpu\libc.a(lib_a-dtoa.o)
                              c:/program files (x86)/atollic/truestudio for stm32 9.0.1/armtools/bin/../lib/gcc/arm-atollic-eabi/6.3.1/../../../../arm-atollic-eabi/lib/armv7e-m/fpu\libc.a(lib_a-vfprintf.o) (_dtoa_r)
c:/program files (x86)/atollic/truestudio for stm32 9.0.1/armtools/bin/../lib/gcc/arm-atollic-eabi/6.3.1/../../../../arm-atollic-eabi/lib/armv7e-m/fpu\libc.a(lib_a-fflush.o)
                              c:/program files (x86)/atollic/truestudio for stm32 9.0.1/armtools/bin/../lib/gcc/arm-atollic-eabi/6.3.1/../../../../arm-atollic-eabi/lib/armv7e-m/fpu\libc.a(lib_a-vfprintf.o) (_fflush_r)
c:/program files (x86)/atollic/truestudio for stm32 9.0.1/armtools/bin/../lib/gcc/arm-atollic-eabi/6.3.1/../../../../arm-atollic-eabi/lib/armv7e-m/fpu\libc.a(lib_a-findfp.o)
                              c:/program files (x86)/atollic/truestudio for stm32 9.0.1/armtools/bin/../lib/gcc/arm-atollic-eabi/6.3.1/../../../../arm-atollic-eabi/lib/armv7e-m/fpu\libc.a(lib_a-printf.o) (__sinit)
c:/program files (x86)/atollic/truestudio for stm32 9.0.1/armtools/bin/../lib/gcc/arm-atollic-eabi/6.3.1/../../../../arm-atollic-eabi/lib/armv7e-m/fpu\libc.a(lib_a-freer.o)
                              c:/program files (x86)/atollic/truestudio for stm32 9.0.1/armtools/bin/../lib/gcc/arm-atollic-eabi/6.3.1/../../../../arm-atollic-eabi/lib/armv7e-m/fpu\libc.a(lib_a-malloc.o) (_free_r)
c:/program files (x86)/atollic/truestudio for stm32 9.0.1/armtools/bin/../lib/gcc/arm-atollic-eabi/6.3.1/../../../../arm-atollic-eabi/lib/armv7e-m/fpu\libc.a(lib_a-fwalk.o)
[...]
Memory Configuration

Name             Origin             Length             Attributes
RAM              0x20000000         0x00010000         xrw
FLASH            0x08000000         0x00040000         xr
*default*        0x00000000         0xffffffff

Linker script and memory map

LOAD c:/program files (x86)/atollic/truestudio for stm32 9.0.1/armtools/bin/../lib/gcc/arm-atollic-eabi/6.3.1/armv7e-m/fpu/crti.o
LOAD c:/program files (x86)/atollic/truestudio for stm32 9.0.1/armtools/bin/../lib/gcc/arm-atollic-eabi/6.3.1/armv7e-m/fpu/crtbegin.o
LOAD Drivers\STM32L4xx_HAL_Driver\Src\stm32l4xx_hal.o
LOAD Drivers\STM32L4xx_HAL_Driver\Src\stm32l4xx_hal_can.o
LOAD Drivers\STM32L4xx_HAL_Driver\Src\stm32l4xx_hal_cortex.o
LOAD Drivers\STM32L4xx_HAL_Driver\Src\stm32l4xx_hal_dma.o
LOAD Drivers\STM32L4xx_HAL_Driver\Src\stm32l4xx_hal_dma_ex.o
LOAD Drivers\STM32L4xx_HAL_Driver\Src\stm32l4xx_hal_flash.o
LOAD Drivers\STM32L4xx_HAL_Driver\Src\stm32l4xx_hal_flash_ex.o
LOAD Drivers\STM32L4xx_HAL_Driver\Src\stm32l4xx_hal_flash_ramfunc.o
LOAD Drivers\STM32L4xx_HAL_Driver\Src\stm32l4xx_hal_gpio.o
LOAD Drivers\STM32L4xx_HAL_Driver\Src\stm32l4xx_hal_i2c.o
LOAD Drivers\STM32L4xx_HAL_Driver\Src\stm32l4xx_hal_i2c_ex.o
LOAD Drivers\STM32L4xx_HAL_Driver\Src\stm32l4xx_hal_lptim.o
LOAD Drivers\STM32L4xx_HAL_Driver\Src\stm32l4xx_hal_pcd.o
LOAD Drivers\STM32L4xx_HAL_Driver\Src\stm32l4xx_hal_pcd_ex.o
LOAD Drivers\STM32L4xx_HAL_Driver\Src\stm32l4xx_hal_pwr.o
LOAD Drivers\STM32L4xx_HAL_Driver\Src\stm32l4xx_hal_pwr_ex.o
LOAD Drivers\STM32L4xx_HAL_Driver\Src\stm32l4xx_hal_rcc.o
LOAD Drivers\STM32L4xx_HAL_Driver\Src\stm32l4xx_hal_rcc_ex.o
LOAD Drivers\STM32L4xx_HAL_Driver\Src\stm32l4xx_hal_rtc.o
LOAD Drivers\STM32L4xx_HAL_Driver\Src\stm32l4xx_hal_rtc_ex.o
LOAD Drivers\STM32L4xx_HAL_Driver\Src\stm32l4xx_hal_spi.o
LOAD Drivers\STM32L4xx_HAL_Driver\Src\stm32l4xx_hal_spi_ex.o
LOAD Drivers\STM32L4xx_HAL_Driver\Src\stm32l4xx_hal_tim.o
LOAD Drivers\STM32L4xx_HAL_Driver\Src\stm32l4xx_hal_tim_ex.o
LOAD Drivers\STM32L4xx_HAL_Driver\Src\stm32l4xx_hal_uart.o
LOAD Drivers\STM32L4xx_HAL_Driver\Src\stm32l4xx_hal_uart_ex.o
LOAD Drivers\STM32L4xx_HAL_Driver\Src\stm32l4xx_ll_usb.o
LOAD Middlewares\ST\STM32_USB_Device_Library\Class\CDC\Src\usbd_cdc.o
LOAD Middlewares\ST\STM32_USB_Device_Library\Core\Src\usbd_core.o
LOAD Middlewares\ST\STM32_USB_Device_Library\Core\Src\usbd_ctlreq.o
LOAD Middlewares\ST\STM32_USB_Device_Library\Core\Src\usbd_ioreq.o
LOAD Middlewares\Third_Party\FatFs\src\diskio.o
LOAD Middlewares\Third_Party\FatFs\src\ff.o
LOAD Middlewares\Third_Party\FatFs\src\ff_gen_drv.o
LOAD Middlewares\Third_Party\FatFs\src\option\syscall.o
LOAD Src\fatfs.o
LOAD Src\main.o
LOAD Src\stm32l4xx_hal_msp.o
LOAD Src\stm32l4xx_it.o
LOAD Src\system_stm32l4xx.o
LOAD Src\usb_device.o
LOAD Src\usbd_cdc_if.o
LOAD Src\usbd_conf.o
LOAD Src\usbd_desc.o
LOAD Src\user_diskio.o
LOAD startup\startup_stm32l443xx.o
                0x00000080                malloc_getpagesize_P = 0x80
START GROUP
LOAD c:/program files (x86)/atollic/truestudio for stm32 9.0.1/armtools/bin/../lib/gcc/arm-atollic-eabi/6.3.1/../../../../arm-atollic-eabi/lib/armv7e-m/fpu\libc.a
LOAD c:/program files (x86)/atollic/truestudio for stm32 9.0.1/armtools/bin/../lib/gcc/arm-atollic-eabi/6.3.1/../../../../arm-atollic-eabi/lib/armv7e-m/fpu\libm.a
END GROUP
START GROUP
LOAD c:/program files (x86)/atollic/truestudio for stm32 9.0.1/armtools/bin/../lib/gcc/arm-atollic-eabi/6.3.1/armv7e-m/fpu\libgcc.a
LOAD c:/program files (x86)/atollic/truestudio for stm32 9.0.1/armtools/bin/../lib/gcc/arm-atollic-eabi/6.3.1/../../../../arm-atollic-eabi/lib/armv7e-m/fpu\libc.a
END GROUP
START GROUP
LOAD c:/program files (x86)/atollic/truestudio for stm32 9.0.1/armtools/bin/../lib/gcc/arm-atollic-eabi/6.3.1/armv7e-m/fpu\libgcc.a
LOAD c:/program files (x86)/atollic/truestudio for stm32 9.0.1/armtools/bin/../lib/gcc/arm-atollic-eabi/6.3.1/../../../../arm-atollic-eabi/lib/armv7e-m/fpu\libc.a
LOAD c:/program files (x86)/atollic/truestudio for stm32 9.0.1/armtools/bin/../lib/gcc/arm-atollic-eabi/6.3.1/../../../../arm-atollic-eabi/lib/armv7e-m/fpu\libnosys.a
END GROUP
LOAD c:/program files (x86)/atollic/truestudio for stm32 9.0.1/armtools/bin/../lib/gcc/arm-atollic-eabi/6.3.1/armv7e-m/fpu/crtend.o
LOAD c:/program files (x86)/atollic/truestudio for stm32 9.0.1/armtools/bin/../lib/gcc/arm-atollic-eabi/6.3.1/armv7e-m/fpu/crtn.o
                0x20010000                _estack = 0x20010000
                0x00000200                _Min_Heap_Size = 0x200
                0x00000400                _Min_Stack_Size = 0x400

.isr_vector     0x08000000      0x18c
                0x08000000                . = ALIGN (0x4)
 *(.isr_vector)
 .isr_vector    0x08000000      0x18c startup\startup_stm32l443xx.o
                0x08000000                g_pfnVectors
                0x0800018c                . = ALIGN (0x4)

.text           0x08000190     0x88b8
                0x08000190                . = ALIGN (0x4)
 *(.text)
 .text          0x08000190       0x40 c:/program files (x86)/atollic/truestudio for stm32 9.0.1/armtools/bin/../lib/gcc/arm-atollic-eabi/6.3.1/armv7e-m/fpu/crtbegin.o
 .text          0x080001d0       0xa0 c:/program files (x86)/atollic/truestudio for stm32 9.0.1/armtools/bin/../lib/gcc/arm-atollic-eabi/6.3.1/../../../../arm-atollic-eabi/lib/armv7e-m/fpu\libc.a(lib_a-memchr.o)
                0x080001d0                memchr
 .text          0x08000270       0x10 c:/program files (x86)/atollic/truestudio for stm32 9.0.1/armtools/bin/../lib/gcc/arm-atollic-eabi/6.3.1/../../../../arm-atollic-eabi/lib/armv7e-m/fpu\libc.a(lib_a-strlen.o)
                0x08000270                strlen
 .text          0x08000280      0x370 c:/program files (x86)/atollic/truestudio for stm32 9.0.1/armtools/bin/../lib/gcc/arm-atollic-eabi/6.3.1/armv7e-m/fpu\libgcc.a(_arm_addsubdf3.o)
                0x08000280                __aeabi_drsub
                0x08000288                __aeabi_dsub
                0x08000288                __subdf3
                0x0800028c                __aeabi_dadd
                0x0800028c                __adddf3
                0x08000504                __floatunsidf
                0x08000504                __aeabi_ui2d
                0x08000524                __floatsidf
                0x08000524                __aeabi_i2d
                0x08000548                __aeabi_f2d
                0x08000548                __extendsfdf2
                0x08000584                __floatundidf
                0x08000584                __aeabi_ul2d
                0x08000594                __floatdidf
                0x08000594                __aeabi_l2d
 .text          0x080005f0      0x424 c:/program files (x86)/atollic/truestudio for stm32 9.0.1/armtools/bin/../lib/gcc/arm-atollic-eabi/6.3.1/armv7e-m/fpu\libgcc.a(_arm_muldivdf3.o)
                0x080005f0                __aeabi_dmul
                0x080005f0                __muldf3
                0x08000844                __divdf3
                0x08000844                __aeabi_ddiv
 .text          0x08000a14      0x110 c:/program files (x86)/atollic/truestudio for stm32 9.0.1/armtools/bin/../lib/gcc/arm-atollic-eabi/6.3.1/armv7e-m/fpu\libgcc.a(_arm_cmpdf2.o)
                0x08000a14                __gtdf2
                0x08000a14                __gedf2
                0x08000a1c                __ltdf2
                0x08000a1c                __ledf2
                0x08000a24                __nedf2
                0x08000a24                __eqdf2
                0x08000a24                __cmpdf2
                0x08000aa0                __aeabi_cdrcmple
                0x08000ab0                __aeabi_cdcmpeq
                0x08000ab0                __aeabi_cdcmple
                0x08000ac0                __aeabi_dcmpeq
                0x08000ad4                __aeabi_dcmplt
                0x08000ae8                __aeabi_dcmple
                0x08000afc                __aeabi_dcmpge
                0x08000b10                __aeabi_dcmpgt
 .text          0x08000b24       0x2c c:/program files (x86)/atollic/truestudio for stm32 9.0.1/armtools/bin/../lib/gcc/arm-atollic-eabi/6.3.1/armv7e-m/fpu\libgcc.a(_arm_unorddf2.o)
                0x08000b24                __unorddf2
                0x08000b24                __aeabi_dcmpun
 .text          0x08000b50       0x50 c:/program files (x86)/atollic/truestudio for stm32 9.0.1/armtools/bin/../lib/gcc/arm-atollic-eabi/6.3.1/armv7e-m/fpu\libgcc.a(_arm_fixdfsi.o)
                0x08000b50                __aeabi_d2iz
                0x08000b50                __fixdfsi
 .text          0x08000ba0       0xa0 c:/program files (x86)/atollic/truestudio for stm32 9.0.1/armtools/bin/../lib/gcc/arm-atollic-eabi/6.3.1/armv7e-m/fpu\libgcc.a(_arm_truncdfsf2.o)
                0x08000ba0                __truncdfsf2
                0x08000ba0                __aeabi_d2f
 .text          0x08000c40       0x30 c:/program files (x86)/atollic/truestudio for stm32 9.0.1/armtools/bin/../lib/gcc/arm-atollic-eabi/6.3.1/armv7e-m/fpu\libgcc.a(_aeabi_uldivmod.o)
                0x08000c40                __aeabi_uldivmod
 .text          0x08000c70      0x2dc c:/program files (x86)/atollic/truestudio for stm32 9.0.1/armtools/bin/../lib/gcc/arm-atollic-eabi/6.3.1/armv7e-m/fpu\libgcc.a(_udivmoddi4.o)
                0x08000c70                __udivmoddi4
 .text          0x08000f4c        0x4 c:/program files (x86)/atollic/truestudio for stm32 9.0.1/armtools/bin/../lib/gcc/arm-atollic-eabi/6.3.1/armv7e-m/fpu\libgcc.a(_dvmd_tls.o)
                0x08000f4c                __aeabi_idiv0
                0x08000f4c                __aeabi_ldiv0
 *(.text*)
 .text.HAL_InitTick
                0x08000f50       0x28 Drivers\STM32L4xx_HAL_Driver\Src\stm32l4xx_hal.o
                0x08000f50                HAL_InitTick
 .text.HAL_Init
                0x08000f78       0x16 Drivers\STM32L4xx_HAL_Driver\Src\stm32l4xx_hal.o
                0x08000f78                HAL_Init
 *fill*         0x08000f8e        0x2 
 .text.HAL_IncTick
                0x08000f90       0x10 Drivers\STM32L4xx_HAL_Driver\Src\stm32l4xx_hal.o
                0x08000f90                HAL_IncTick
 .text.HAL_GetTick
                0x08000fa0        0xc Drivers\STM32L4xx_HAL_Driver\Src\stm32l4xx_hal.o
                0x08000fa0                HAL_GetTick
 .text.HAL_Delay
                0x08000fac       0x1c Drivers\STM32L4xx_HAL_Driver\Src\stm32l4xx_hal.o
                0x08000fac                HAL_Delay
 .text.HAL_NVIC_SetPriorityGrouping
                0x08000fc8       0x24 Drivers\STM32L4xx_HAL_Driver\Src\stm32l4xx_hal_cortex.o
                0x08000fc8                HAL_NVIC_SetPriorityGrouping
 .text.HAL_NVIC_SetPriority
                0x08000fec       0x68 Drivers\STM32L4xx_HAL_Driver\Src\stm32l4xx_hal_cortex.o
                0x08000fec                HAL_NVIC_SetPriority
 .text.HAL_NVIC_EnableIRQ
                0x08001054       0x18 Drivers\STM32L4xx_HAL_Driver\Src\stm32l4xx_hal_cortex.o
                0x08001054                HAL_NVIC_EnableIRQ
 .text.HAL_SYSTICK_Config
                0x0800106c       0x2c Drivers\STM32L4xx_HAL_Driver\Src\stm32l4xx_hal_cortex.o
                0x0800106c                HAL_SYSTICK_Config
 .text.HAL_SYSTICK_CLKSourceConfig
                0x08001098       0x18 Drivers\STM32L4xx_HAL_Driver\Src\stm32l4xx_hal_cortex.o
                0x08001098                HAL_SYSTICK_CLKSourceConfig
 .text.HAL_SYSTICK_Callback
                0x080010b0        0x2 Drivers\STM32L4xx_HAL_Driver\Src\stm32l4xx_hal_cortex.o
                0x080010b0                HAL_SYSTICK_Callback
 .text.HAL_SYSTICK_IRQHandler
                0x080010b2        0x8 Drivers\STM32L4xx_HAL_Driver\Src\stm32l4xx_hal_cortex.o
                0x080010b2                HAL_SYSTICK_IRQHandler
 *fill*         0x080010ba        0x2 
 .text.HAL_GPIO_Init
                0x080010bc      0x184 Drivers\STM32L4xx_HAL_Driver\Src\stm32l4xx_hal_gpio.o
                0x080010bc                HAL_GPIO_Init
 .text.HAL_GPIO_ReadPin
                0x08001240        0xc Drivers\STM32L4xx_HAL_Driver\Src\stm32l4xx_hal_gpio.o
                0x08001240                HAL_GPIO_ReadPin
 .text.HAL_GPIO_WritePin
                0x0800124c        0xa Drivers\STM32L4xx_HAL_Driver\Src\stm32l4xx_hal_gpio.o
                0x0800124c                HAL_GPIO_WritePin
 .text.HAL_GPIO_TogglePin
                0x08001256        0x8 Drivers\STM32L4xx_HAL_Driver\Src\stm32l4xx_hal_gpio.o
                0x08001256                HAL_GPIO_TogglePin
 .text.HAL_PCD_Init
                0x0800125e       0xe8 Drivers\STM32L4xx_HAL_Driver\Src\stm32l4xx_hal_pcd.o
                0x0800125e                HAL_PCD_Init
 .text.HAL_PCD_Start
                0x08001346       0x2a Drivers\STM32L4xx_HAL_Driver\Src\stm32l4xx_hal_pcd.o
                0x08001346                HAL_PCD_Start
 .text.HAL_PCD_SetAddress
                0x08001370       0x28 Drivers\STM32L4xx_HAL_Driver\Src\stm32l4xx_hal_pcd.o
                0x08001370                HAL_PCD_SetAddress
 .text.HAL_PCD_EP_Open
                0x08001398       0x6a Drivers\STM32L4xx_HAL_Driver\Src\stm32l4xx_hal_pcd.o
                0x08001398                HAL_PCD_EP_Open
 .text.HAL_PCD_EP_Close
                0x08001402       0x56 Drivers\STM32L4xx_HAL_Driver\Src\stm32l4xx_hal_pcd.o
                0x08001402                HAL_PCD_EP_Close
 .text.HAL_PCD_EP_Receive
                0x08001458       0x32 Drivers\STM32L4xx_HAL_Driver\Src\stm32l4xx_hal_pcd.o
                0x08001458                HAL_PCD_EP_Receive
 .text.HAL_PCD_EP_GetRxCount
                0x0800148a        0xe Drivers\STM32L4xx_HAL_Driver\Src\stm32l4xx_hal_pcd.o
                0x0800148a                HAL_PCD_EP_GetRxCount
 .text.HAL_PCD_EP_Transmit
                0x08001498       0x2e Drivers\STM32L4xx_HAL_Driver\Src\stm32l4xx_hal_pcd.o
                0x08001498                HAL_PCD_EP_Transmit
 *fill*         0x080014c6        0x2 
 .text.HAL_PCD_IRQHandler
                0x080014c8      0x490 Drivers\STM32L4xx_HAL_Driver\Src\stm32l4xx_hal_pcd.o
                0x080014c8                HAL_PCD_IRQHandler
 .text.HAL_PCD_EP_SetStall
                0x08001958       0x72 Drivers\STM32L4xx_HAL_Driver\Src\stm32l4xx_hal_pcd.o
                0x08001958                HAL_PCD_EP_SetStall
 .text.HAL_PCD_EP_ClrStall
                0x080019ca       0x66 Drivers\STM32L4xx_HAL_Driver\Src\stm32l4xx_hal_pcd.o
                0x080019ca                HAL_PCD_EP_ClrStall
 .text.HAL_PCDEx_PMAConfig
                0x08001a30       0x30 Drivers\STM32L4xx_HAL_Driver\Src\stm32l4xx_hal_pcd_ex.o
                0x08001a30                HAL_PCDEx_PMAConfig
 .text.HAL_PCDEx_ActivateBCD
                0x08001a60       0x28 Drivers\STM32L4xx_HAL_Driver\Src\stm32l4xx_hal_pcd_ex.o
                0x08001a60                HAL_PCDEx_ActivateBCD
 .text.HAL_PCDEx_ActivateLPM
                0x08001a88       0x2c Drivers\STM32L4xx_HAL_Driver\Src\stm32l4xx_hal_pcd_ex.o
                0x08001a88                HAL_PCDEx_ActivateLPM
 .text.HAL_PWR_EnableBkUpAccess
                0x08001ab4       0x10 Drivers\STM32L4xx_HAL_Driver\Src\stm32l4xx_hal_pwr.o
                0x08001ab4                HAL_PWR_EnableBkUpAccess
 .text.HAL_PWREx_GetVoltageRange
                0x08001ac4       0x10 Drivers\STM32L4xx_HAL_Driver\Src\stm32l4xx_hal_pwr_ex.o
                0x08001ac4                HAL_PWREx_GetVoltageRange
 .text.HAL_PWREx_ControlVoltageScaling
                0x08001ad4       0x68 Drivers\STM32L4xx_HAL_Driver\Src\stm32l4xx_hal_pwr_ex.o
                0x08001ad4                HAL_PWREx_ControlVoltageScaling
 .text.HAL_PWREx_EnableVddUSB
                0x08001b3c       0x10 Drivers\STM32L4xx_HAL_Driver\Src\stm32l4xx_hal_pwr_ex.o
                0x08001b3c                HAL_PWREx_EnableVddUSB
 .text.RCC_SetFlashLatencyFromMSIRange
                0x08001b4c       0x84 Drivers\STM32L4xx_HAL_Driver\Src\stm32l4xx_hal_rcc.o
 .text.HAL_RCC_GetSysClockFreq
                0x08001bd0       0xd0 Drivers\STM32L4xx_HAL_Driver\Src\stm32l4xx_hal_rcc.o
                0x08001bd0                HAL_RCC_GetSysClockFreq
 .text.HAL_RCC_OscConfig
                0x08001ca0      0x4bc Drivers\STM32L4xx_HAL_Driver\Src\stm32l4xx_hal_rcc.o
                0x08001ca0                HAL_RCC_OscConfig
 .text.HAL_RCC_ClockConfig
                0x0800215c      0x124 Drivers\STM32L4xx_HAL_Driver\Src\stm32l4xx_hal_rcc.o
                0x0800215c                HAL_RCC_ClockConfig
 .text.HAL_RCC_GetHCLKFreq
                0x08002280        0xc Drivers\STM32L4xx_HAL_Driver\Src\stm32l4xx_hal_rcc.o
                0x08002280                HAL_RCC_GetHCLKFreq
 .text.RCCEx_PLLSAI1_Config
                0x0800228c      0x118 Drivers\STM32L4xx_HAL_Driver\Src\stm32l4xx_hal_rcc_ex.o
 .text.HAL_RCCEx_PeriphCLKConfig
                0x080023a4      0x2ec Drivers\STM32L4xx_HAL_Driver\Src\stm32l4xx_hal_rcc_ex.o
                0x080023a4                HAL_RCCEx_PeriphCLKConfig
 .text.HAL_RCCEx_EnableMSIPLLMode
                0x08002690       0x10 Drivers\STM32L4xx_HAL_Driver\Src\stm32l4xx_hal_rcc_ex.o
                0x08002690                HAL_RCCEx_EnableMSIPLLMode
 .text.SPI_WaitFifoStateUntilTimeout.part.1
                0x080026a0       0x50 Drivers\STM32L4xx_HAL_Driver\Src\stm32l4xx_hal_spi.o
 .text.SPI_WaitFlagStateUntilTimeout.constprop.10
                0x080026f0       0x30 Drivers\STM32L4xx_HAL_Driver\Src\stm32l4xx_hal_spi.o
 .text.SPI_WaitFifoStateUntilTimeout.constprop.11
                0x08002720       0x40 Drivers\STM32L4xx_HAL_Driver\Src\stm32l4xx_hal_spi.o
 .text.SPI_EndRxTxTransaction
                0x08002760       0x44 Drivers\STM32L4xx_HAL_Driver\Src\stm32l4xx_hal_spi.o
 .text.HAL_SPI_Init
                0x080027a4       0xa2 Drivers\STM32L4xx_HAL_Driver\Src\stm32l4xx_hal_spi.o
                0x080027a4                HAL_SPI_Init
 .text.HAL_SPI_Transmit
                0x08002846      0x17c Drivers\STM32L4xx_HAL_Driver\Src\stm32l4xx_hal_spi.o
                0x08002846                HAL_SPI_Transmit
 .text.HAL_SPI_TransmitReceive
                0x080029c2      0x244 Drivers\STM32L4xx_HAL_Driver\Src\stm32l4xx_hal_spi.o
                0x080029c2                HAL_SPI_TransmitReceive
 .text.USB_CoreInit
                0x08002c06        0xe Drivers\STM32L4xx_HAL_Driver\Src\stm32l4xx_ll_usb.o
                0x08002c06                USB_CoreInit
 .text.USB_EnableGlobalInt
                0x08002c14       0x16 Drivers\STM32L4xx_HAL_Driver\Src\stm32l4xx_ll_usb.o
                0x08002c14                USB_EnableGlobalInt
 .text.USB_DisableGlobalInt
                0x08002c2a       0x14 Drivers\STM32L4xx_HAL_Driver\Src\stm32l4xx_ll_usb.o
                0x08002c2a                USB_DisableGlobalInt
 .text.USB_SetCurrentMode
                0x08002c3e        0x4 Drivers\STM32L4xx_HAL_Driver\Src\stm32l4xx_ll_usb.o
                0x08002c3e                USB_SetCurrentMode
 .text.USB_DevInit
                0x08002c42       0x3a Drivers\STM32L4xx_HAL_Driver\Src\stm32l4xx_ll_usb.o
                0x08002c42                USB_DevInit
 .text.USB_ActivateEndpoint
                0x08002c7c      0x2ec Drivers\STM32L4xx_HAL_Driver\Src\stm32l4xx_ll_usb.o
                0x08002c7c                USB_ActivateEndpoint
 .text.USB_DeactivateEndpoint
                0x08002f68      0x1c0 Drivers\STM32L4xx_HAL_Driver\Src\stm32l4xx_ll_usb.o
                0x08002f68                USB_DeactivateEndpoint
 .text.USB_EPSetStall
                0x08003128       0x42 Drivers\STM32L4xx_HAL_Driver\Src\stm32l4xx_ll_usb.o
                0x08003128                USB_EPSetStall
 .text.USB_EPClearStall
                0x0800316a       0x8e Drivers\STM32L4xx_HAL_Driver\Src\stm32l4xx_ll_usb.o
                0x0800316a                USB_EPClearStall
 .text.USB_SetDevAddress
                0x080031f8        0xc Drivers\STM32L4xx_HAL_Driver\Src\stm32l4xx_ll_usb.o
                0x080031f8                USB_SetDevAddress
 .text.USB_DevConnect
                0x08003204       0x16 Drivers\STM32L4xx_HAL_Driver\Src\stm32l4xx_ll_usb.o
                0x08003204                USB_DevConnect
 .text.USB_DevDisconnect
                0x0800321a       0x10 Drivers\STM32L4xx_HAL_Driver\Src\stm32l4xx_ll_usb.o
                0x0800321a                USB_DevDisconnect
 .text.USB_ReadInterrupts
                0x0800322a        0x8 Drivers\STM32L4xx_HAL_Driver\Src\stm32l4xx_ll_usb.o
                0x0800322a                USB_ReadInterrupts
 .text.USB_EP0_OutStart
                0x08003232        0x4 Drivers\STM32L4xx_HAL_Driver\Src\stm32l4xx_ll_usb.o
                0x08003232                USB_EP0_OutStart
 .text.USB_WritePMA
                0x08003236       0x24 Drivers\STM32L4xx_HAL_Driver\Src\stm32l4xx_ll_usb.o
                0x08003236                USB_WritePMA
 *fill*         0x0800325a        0x2 
 .text.USB_EPStartXfer
                0x0800325c      0x1d0 Drivers\STM32L4xx_HAL_Driver\Src\stm32l4xx_ll_usb.o
                0x0800325c                USB_EPStartXfer
 .text.USB_ReadPMA
                0x0800342c       0x34 Drivers\STM32L4xx_HAL_Driver\Src\stm32l4xx_ll_usb.o
                0x0800342c                USB_ReadPMA
 .text.USBD_CDC_EP0_RxReady
                0x08003460       0x28 Middlewares\ST\STM32_USB_Device_Library\Class\CDC\Src\usbd_cdc.o
 .text.USBD_CDC_GetFSCfgDesc
                0x08003488        0xc Middlewares\ST\STM32_USB_Device_Library\Class\CDC\Src\usbd_cdc.o
 .text.USBD_CDC_GetHSCfgDesc
                0x08003494        0xc Middlewares\ST\STM32_USB_Device_Library\Class\CDC\Src\usbd_cdc.o
 .text.USBD_CDC_GetOtherSpeedCfgDesc
                0x080034a0        0xc Middlewares\ST\STM32_USB_Device_Library\Class\CDC\Src\usbd_cdc.o
 .text.USBD_CDC_GetDeviceQualifierDescriptor
                0x080034ac        0xc Middlewares\ST\STM32_USB_Device_Library\Class\CDC\Src\usbd_cdc.o
                0x080034ac                USBD_CDC_GetDeviceQualifierDescriptor
 .text.USBD_CDC_DataOut
                0x080034b8       0x2e Middlewares\ST\STM32_USB_Device_Library\Class\CDC\Src\usbd_cdc.o
 .text.USBD_CDC_DataIn
                0x080034e6       0x40 Middlewares\ST\STM32_USB_Device_Library\Class\CDC\Src\usbd_cdc.o
 .text.USBD_CDC_Setup
                0x08003526       0xbc Middlewares\ST\STM32_USB_Device_Library\Class\CDC\Src\usbd_cdc.o
 .text.USBD_CDC_DeInit
                0x080035e2       0x42 Middlewares\ST\STM32_USB_Device_Library\Class\CDC\Src\usbd_cdc.o
 .text.USBD_CDC_Init
                0x08003624       0xaa Middlewares\ST\STM32_USB_Device_Library\Class\CDC\Src\usbd_cdc.o
 .text.USBD_CDC_RegisterInterface
                0x080036ce        0xe Middlewares\ST\STM32_USB_Device_Library\Class\CDC\Src\usbd_cdc.o
                0x080036ce                USBD_CDC_RegisterInterface
 .text.USBD_CDC_SetTxBuffer
                0x080036dc       0x10 Middlewares\ST\STM32_USB_Device_Library\Class\CDC\Src\usbd_cdc.o
                0x080036dc                USBD_CDC_SetTxBuffer
 .text.USBD_CDC_SetRxBuffer
                0x080036ec        0xc Middlewares\ST\STM32_USB_Device_Library\Class\CDC\Src\usbd_cdc.o
                0x080036ec                USBD_CDC_SetRxBuffer
 .text.USBD_CDC_TransmitPacket
                0x080036f8       0x32 Middlewares\ST\STM32_USB_Device_Library\Class\CDC\Src\usbd_cdc.o
                0x080036f8                USBD_CDC_TransmitPacket
 .text.USBD_CDC_ReceivePacket
                0x0800372a       0x26 Middlewares\ST\STM32_USB_Device_Library\Class\CDC\Src\usbd_cdc.o
                0x0800372a                USBD_CDC_ReceivePacket
 .text.USBD_Init
                0x08003750       0x2a Middlewares\ST\STM32_USB_Device_Library\Core\Src\usbd_core.o
                0x08003750                USBD_Init
 .text.USBD_RegisterClass
                0x0800377a        0xe Middlewares\ST\STM32_USB_Device_Library\Core\Src\usbd_core.o
                0x0800377a                USBD_RegisterClass
 .text.USBD_Start
                0x08003788        0xa Middlewares\ST\STM32_USB_Device_Library\Core\Src\usbd_core.o
                0x08003788                USBD_Start
 .text.USBD_SetClassConfig
                0x08003792       0x16 Middlewares\ST\STM32_USB_Device_Library\Core\Src\usbd_core.o
                0x08003792                USBD_SetClassConfig
 .text.USBD_ClrClassConfig
                0x080037a8        0xe Middlewares\ST\STM32_USB_Device_Library\Core\Src\usbd_core.o
                0x080037a8                USBD_ClrClassConfig
 .text.USBD_LL_SetupStage
                0x080037b6       0x5a Middlewares\ST\STM32_USB_Device_Library\Core\Src\usbd_core.o
                0x080037b6                USBD_LL_SetupStage
 .text.USBD_LL_DataOutStage
                0x08003810       0x70 Middlewares\ST\STM32_USB_Device_Library\Core\Src\usbd_core.o
                0x08003810                USBD_LL_DataOutStage
 .text.USBD_LL_DataInStage
                0x08003880       0xb8 Middlewares\ST\STM32_USB_Device_Library\Core\Src\usbd_core.o
                0x08003880                USBD_LL_DataInStage
 .text.USBD_LL_Reset
                0x08003938       0x4e Middlewares\ST\STM32_USB_Device_Library\Core\Src\usbd_core.o
                0x08003938                USBD_LL_Reset
 .text.USBD_LL_SetSpeed
                0x08003986        0x6 Middlewares\ST\STM32_USB_Device_Library\Core\Src\usbd_core.o
                0x08003986                USBD_LL_SetSpeed
 .text.USBD_LL_Suspend
                0x0800398c       0x12 Middlewares\ST\STM32_USB_Device_Library\Core\Src\usbd_core.o
                0x0800398c                USBD_LL_Suspend
 .text.USBD_LL_Resume
                0x0800399e        0xc Middlewares\ST\STM32_USB_Device_Library\Core\Src\usbd_core.o
                0x0800399e                USBD_LL_Resume
 .text.USBD_LL_SOF
                0x080039aa       0x18 Middlewares\ST\STM32_USB_Device_Library\Core\Src\usbd_core.o
                0x080039aa                USBD_LL_SOF
 .text.USBD_CtlError.constprop.1
                0x080039c2       0x16 Middlewares\ST\STM32_USB_Device_Library\Core\Src\usbd_ctlreq.o
 .text.USBD_StdDevReq
                0x080039d8      0x244 Middlewares\ST\STM32_USB_Device_Library\Core\Src\usbd_ctlreq.o
                0x080039d8                USBD_StdDevReq
 .text.USBD_StdItfReq
                0x08003c1c       0x4a Middlewares\ST\STM32_USB_Device_Library\Core\Src\usbd_ctlreq.o
                0x08003c1c                USBD_StdItfReq
 .text.USBD_StdEPReq
                0x08003c66      0x110 Middlewares\ST\STM32_USB_Device_Library\Core\Src\usbd_ctlreq.o
                0x08003c66                USBD_StdEPReq
 .text.USBD_ParseSetupRequest
                0x08003d76       0x28 Middlewares\ST\STM32_USB_Device_Library\Core\Src\usbd_ctlreq.o
                0x08003d76                USBD_ParseSetupRequest
 .text.USBD_CtlError
                0x08003d9e       0x16 Middlewares\ST\STM32_USB_Device_Library\Core\Src\usbd_ctlreq.o
                0x08003d9e                USBD_CtlError
 .text.USBD_GetString
                0x08003db4       0x38 Middlewares\ST\STM32_USB_Device_Library\Core\Src\usbd_ctlreq.o
                0x08003db4                USBD_GetString
 .text.USBD_CtlSendData
                0x08003dec       0x1a Middlewares\ST\STM32_USB_Device_Library\Core\Src\usbd_ioreq.o
                0x08003dec                USBD_CtlSendData
 .text.USBD_CtlContinueSendData
                0x08003e06       0x10 Middlewares\ST\STM32_USB_Device_Library\Core\Src\usbd_ioreq.o
                0x08003e06                USBD_CtlContinueSendData
 .text.USBD_CtlPrepareRx
                0x08003e16       0x1e Middlewares\ST\STM32_USB_Device_Library\Core\Src\usbd_ioreq.o
                0x08003e16                USBD_CtlPrepareRx
 .text.USBD_CtlContinueRx
                0x08003e34       0x10 Middlewares\ST\STM32_USB_Device_Library\Core\Src\usbd_ioreq.o
                0x08003e34                USBD_CtlContinueRx
 .text.USBD_CtlSendStatus
                0x08003e44       0x16 Middlewares\ST\STM32_USB_Device_Library\Core\Src\usbd_ioreq.o
                0x08003e44                USBD_CtlSendStatus
 .text.USBD_CtlReceiveStatus
                0x08003e5a       0x16 Middlewares\ST\STM32_USB_Device_Library\Core\Src\usbd_ioreq.o
                0x08003e5a                USBD_CtlReceiveStatus
 .text.LTC_wake
                0x08003e70       0x54 Src\main.o
                0x08003e70                LTC_wake
 .text._write   0x08003ec4       0x10 Src\main.o
                0x08003ec4                _write
 .text.SystemClock_Config
                0x08003ed4       0xd4 Src\main.o
                0x08003ed4                SystemClock_Config
 .text.MX_SPI1_Init
                0x08003fa8       0x48 Src\main.o
                0x08003fa8                MX_SPI1_Init
 .text.MX_GPIO_Init
                0x08003ff0       0xf0 Src\main.o
                0x08003ff0                MX_GPIO_Init
 .text.pec15_calc
                0x080040e0       0x30 Src\main.o
                0x080040e0                pec15_calc
 .text.LTC_Send
                0x08004110       0x9c Src\main.o
                0x08004110                LTC_Send
 .text.LTC_Write
                0x080041ac       0xb4 Src\main.o
                0x080041ac                LTC_Write
 .text.LTC_bleed
                0x08004260       0x64 Src\main.o
                0x08004260                LTC_bleed
 .text.LTC_Send_Recieve
                0x080042c4       0x90 Src\main.o
                0x080042c4                LTC_Send_Recieve
 *fill*         0x08004354        0x4 
 .text.startup.main
                0x08004358      0x55c Src\main.o
                0x08004358                main
 .text._Error_Handler
                0x080048b4        0x2 Src\main.o
                0x080048b4                _Error_Handler
 *fill*         0x080048b6        0x2 
 .text.HAL_MspInit
                0x080048b8       0x8c Src\stm32l4xx_hal_msp.o
                0x080048b8                HAL_MspInit
 .text.HAL_SPI_MspInit
                0x08004944       0x8c Src\stm32l4xx_hal_msp.o
                0x08004944                HAL_SPI_MspInit
 .text.NMI_Handler
                0x080049d0        0x2 Src\stm32l4xx_it.o
                0x080049d0                NMI_Handler
 .text.HardFault_Handler
                0x080049d2        0x2 Src\stm32l4xx_it.o
                0x080049d2                HardFault_Handler
 .text.MemManage_Handler
                0x080049d4        0x2 Src\stm32l4xx_it.o
                0x080049d4                MemManage_Handler
 .text.BusFault_Handler
                0x080049d6        0x2 Src\stm32l4xx_it.o
                0x080049d6                BusFault_Handler
 .text.UsageFault_Handler
                0x080049d8        0x2 Src\stm32l4xx_it.o
                0x080049d8                UsageFault_Handler
 .text.SVC_Handler
                0x080049da        0x2 Src\stm32l4xx_it.o
                0x080049da                SVC_Handler
 .text.DebugMon_Handler
                0x080049dc        0x2 Src\stm32l4xx_it.o
                0x080049dc                DebugMon_Handler
 .text.PendSV_Handler
                0x080049de        0x2 Src\stm32l4xx_it.o
                0x080049de                PendSV_Handler
 .text.SysTick_Handler
                0x080049e0        0xe Src\stm32l4xx_it.o
                0x080049e0                SysTick_Handler
 *fill*         0x080049ee        0x2 
 .text.USB_IRQHandler
                0x080049f0        0xc Src\stm32l4xx_it.o
                0x080049f0                USB_IRQHandler
 .text.SystemInit
                0x080049fc       0x48 Src\system_stm32l4xx.o
                0x080049fc                SystemInit
 .text.MX_USB_DEVICE_Init
                0x08004a44       0x40 Src\usb_device.o
                0x08004a44                MX_USB_DEVICE_Init
 .text.CDC_DeInit_FS
                0x08004a84        0x4 Src\usbd_cdc_if.o
 .text.CDC_Control_FS
                0x08004a88        0x4 Src\usbd_cdc_if.o
 .text.CDC_Receive_FS
                0x08004a8c       0x1c Src\usbd_cdc_if.o
 .text.CDC_Init_FS
                0x08004aa8       0x28 Src\usbd_cdc_if.o
 .text.CDC_Transmit_FS
                0x08004ad0       0x2c Src\usbd_cdc_if.o
                0x08004ad0                CDC_Transmit_FS
 .text.HAL_PCD_MspInit
                0x08004afc       0x3c Src\usbd_conf.o
                0x08004afc                HAL_PCD_MspInit
 .text.HAL_PCD_SetupStageCallback
                0x08004b38        0xc Src\usbd_conf.o
                0x08004b38                HAL_PCD_SetupStageCallback
 .text.HAL_PCD_DataOutStageCallback
                0x08004b44       0x10 Src\usbd_conf.o
                0x08004b44                HAL_PCD_DataOutStageCallback
 .text.HAL_PCD_DataInStageCallback
                0x08004b54        0xe Src\usbd_conf.o
                0x08004b54                HAL_PCD_DataInStageCallback
 .text.HAL_PCD_SOFCallback
                0x08004b62        0x8 Src\usbd_conf.o
                0x08004b62                HAL_PCD_SOFCallback
 .text.HAL_PCD_ResetCallback
                0x08004b6a       0x1a Src\usbd_conf.o
                0x08004b6a                HAL_PCD_ResetCallback
 .text.HAL_PCD_SuspendCallback
                0x08004b84       0x20 Src\usbd_conf.o
                0x08004b84                HAL_PCD_SuspendCallback
 .text.HAL_PCD_ResumeCallback
                0x08004ba4       0x28 Src\usbd_conf.o
                0x08004ba4                HAL_PCD_ResumeCallback
 .text.USBD_LL_Init
                0x08004bcc       0x98 Src\usbd_conf.o
                0x08004bcc                USBD_LL_Init
 .text.USBD_LL_Start
                0x08004c64       0x1c Src\usbd_conf.o
                0x08004c64                USBD_LL_Start
 .text.USBD_LL_OpenEP
                0x08004c80       0x20 Src\usbd_conf.o
                0x08004c80                USBD_LL_OpenEP
 .text.USBD_LL_CloseEP
                0x08004ca0       0x1c Src\usbd_conf.o
                0x08004ca0                USBD_LL_CloseEP
 .text.USBD_LL_StallEP
                0x08004cbc       0x1c Src\usbd_conf.o
                0x08004cbc                USBD_LL_StallEP
 .text.USBD_LL_ClearStallEP
                0x08004cd8       0x1c Src\usbd_conf.o
                0x08004cd8                USBD_LL_ClearStallEP
 .text.USBD_LL_IsStallEP
                0x08004cf4       0x20 Src\usbd_conf.o
                0x08004cf4                USBD_LL_IsStallEP
 .text.USBD_LL_SetUSBAddress
                0x08004d14       0x1c Src\usbd_conf.o
                0x08004d14                USBD_LL_SetUSBAddress
 .text.USBD_LL_Transmit
                0x08004d30       0x1c Src\usbd_conf.o
                0x08004d30                USBD_LL_Transmit
 .text.USBD_LL_PrepareReceive
                0x08004d4c       0x1c Src\usbd_conf.o
                0x08004d4c                USBD_LL_PrepareReceive
 .text.USBD_LL_GetRxDataSize
                0x08004d68        0xc Src\usbd_conf.o
                0x08004d68                USBD_LL_GetRxDataSize
 .text.HAL_PCDEx_LPM_Callback
                0x08004d74       0x48 Src\usbd_conf.o
                0x08004d74                HAL_PCDEx_LPM_Callback
 .text.USBD_static_malloc
                0x08004dbc        0x8 Src\usbd_conf.o
                0x08004dbc                USBD_static_malloc
 .text.USBD_static_free
                0x08004dc4        0x2 Src\usbd_conf.o
                0x08004dc4                USBD_static_free
 .text.USBD_LL_BatteryCharging
                0x08004dc6       0x10 Src\usbd_conf.o
                0x08004dc6                USBD_LL_BatteryCharging
 *fill*         0x08004dd6        0x2 
 .text.USBD_FS_DeviceDescriptor
                0x08004dd8        0xc Src\usbd_desc.o
                0x08004dd8                USBD_FS_DeviceDescriptor
 .text.USBD_FS_LangIDStrDescriptor
                0x08004de4        0xc Src\usbd_desc.o
                0x08004de4                USBD_FS_LangIDStrDescriptor
 .text.USBD_FS_USR_BOSDescriptor
                0x08004df0        0xc Src\usbd_desc.o
                0x08004df0                USBD_FS_USR_BOSDescriptor
 .text.USBD_FS_ManufacturerStrDescriptor
                0x08004dfc       0x1c Src\usbd_desc.o
                0x08004dfc                USBD_FS_ManufacturerStrDescriptor
 .text.USBD_FS_ProductStrDescriptor
                0x08004e18       0x1c Src\usbd_desc.o
                0x08004e18                USBD_FS_ProductStrDescriptor
 .text.USBD_FS_SerialStrDescriptor
                0x08004e34       0x1c Src\usbd_desc.o
                0x08004e34                USBD_FS_SerialStrDescriptor
 .text.USBD_FS_ConfigStrDescriptor
                0x08004e50       0x1c Src\usbd_desc.o
                0x08004e50                USBD_FS_ConfigStrDescriptor
 .text.USBD_FS_InterfaceStrDescriptor
                0x08004e6c       0x1c Src\usbd_desc.o
                0x08004e6c                USBD_FS_InterfaceStrDescriptor
 .text.Reset_Handler
                0x08004e88       0x50 startup\startup_stm32l443xx.o
                0x08004e88                Reset_Handler
 .text.Default_Handler
                0x08004ed8        0x2 startup\startup_stm32l443xx.o
                0x08004ed8                RTC_Alarm_IRQHandler
                0x08004ed8                EXTI2_IRQHandler
                0x08004ed8                TIM1_CC_IRQHandler
                0x08004ed8                TSC_IRQHandler
                0x08004ed8                TAMP_STAMP_IRQHandler
                0x08004ed8                EXTI3_IRQHandler
                0x08004ed8                LPTIM2_IRQHandler
                0x08004ed8                I2C3_ER_IRQHandler
                0x08004ed8                EXTI0_IRQHandler
                0x08004ed8                I2C2_EV_IRQHandler
                0x08004ed8                CAN1_RX0_IRQHandler
                0x08004ed8                FPU_IRQHandler
                0x08004ed8                TIM1_UP_TIM16_IRQHandler
                0x08004ed8                SPI1_IRQHandler
                0x08004ed8                TIM6_DAC_IRQHandler
                0x08004ed8                DMA2_Channel2_IRQHandler
                0x08004ed8                DMA1_Channel4_IRQHandler
                0x08004ed8                ADC1_IRQHandler
                0x08004ed8                USART3_IRQHandler
                0x08004ed8                DMA1_Channel7_IRQHandler
                0x08004ed8                CAN1_RX1_IRQHandler
                0x08004ed8                LCD_IRQHandler
                0x08004ed8                DMA2_Channel1_IRQHandler
                0x08004ed8                QUADSPI_IRQHandler
                0x08004ed8                I2C1_EV_IRQHandler
                0x08004ed8                DMA1_Channel6_IRQHandler
                0x08004ed8                DMA2_Channel4_IRQHandler
                0x08004ed8                RCC_IRQHandler
                0x08004ed8                TIM1_TRG_COM_IRQHandler
                0x08004ed8                DMA1_Channel1_IRQHandler
                0x08004ed8                Default_Handler
                0x08004ed8                DMA2_Channel7_IRQHandler
                0x08004ed8                EXTI15_10_IRQHandler
                0x08004ed8                TIM7_IRQHandler
                0x08004ed8                SDMMC1_IRQHandler
                0x08004ed8                I2C3_EV_IRQHandler
                0x08004ed8                EXTI9_5_IRQHandler
                0x08004ed8                RTC_WKUP_IRQHandler
                0x08004ed8                PVD_PVM_IRQHandler
                0x08004ed8                SPI2_IRQHandler
                0x08004ed8                CAN1_TX_IRQHandler
                0x08004ed8                DMA2_Channel5_IRQHandler
                0x08004ed8                CRS_IRQHandler
                0x08004ed8                DMA1_Channel5_IRQHandler
                0x08004ed8                EXTI4_IRQHandler
                0x08004ed8                RNG_IRQHandler
                0x08004ed8                DMA1_Channel3_IRQHandler
                0x08004ed8                COMP_IRQHandler
                0x08004ed8                WWDG_IRQHandler
                0x08004ed8                LPUART1_IRQHandler
                0x08004ed8                DMA2_Channel6_IRQHandler
                0x08004ed8                TIM2_IRQHandler
                0x08004ed8                EXTI1_IRQHandler
                0x08004ed8                AES_IRQHandler
                0x08004ed8                USART2_IRQHandler
                0x08004ed8                I2C2_ER_IRQHandler
                0x08004ed8                DMA1_Channel2_IRQHandler
                0x08004ed8                CAN1_SCE_IRQHandler
                0x08004ed8                FLASH_IRQHandler
                0x08004ed8                USART1_IRQHandler
                0x08004ed8                SPI3_IRQHandler
                0x08004ed8                I2C1_ER_IRQHandler
                0x08004ed8                SWPMI1_IRQHandler
                0x08004ed8                LPTIM1_IRQHandler
                0x08004ed8                SAI1_IRQHandler
                0x08004ed8                DMA2_Channel3_IRQHandler
                0x08004ed8                TIM1_BRK_TIM15_IRQHandler
 *fill*         0x08004eda        0x2 
 .text.__libc_init_array
                0x08004edc       0x48 c:/program files (x86)/atollic/truestudio for stm32 9.0.1/armtools/bin/../lib/gcc/arm-atollic-eabi/6.3.1/../../../../arm-atollic-eabi/lib/armv7e-m/fpu\libc.a(lib_a-init.o)
                0x08004edc                __libc_init_array
 .text.malloc   0x08004f24       0x10 c:/program files (x86)/atollic/truestudio for stm32 9.0.1/armtools/bin/../lib/gcc/arm-atollic-eabi/6.3.1/../../../../arm-atollic-eabi/lib/armv7e-m/fpu\libc.a(lib_a-malloc.o)
                0x08004f24                malloc
 .text.free     0x08004f34       0x10 c:/program files (x86)/atollic/truestudio for stm32 9.0.1/armtools/bin/../lib/gcc/arm-atollic-eabi/6.3.1/../../../../arm-atollic-eabi/lib/armv7e-m/fpu\libc.a(lib_a-malloc.o)
                0x08004f34                free
 .text._malloc_r
                0x08004f44      0x41c c:/program files (x86)/atollic/truestudio for stm32 9.0.1/armtools/bin/../lib/gcc/arm-atollic-eabi/6.3.1/../../../../arm-atollic-eabi/lib/armv7e-m/fpu\libc.a(lib_a-mallocr.o)
                0x08004f44                _malloc_r
 .text.memcpy   0x08005360       0x16 c:/program files (x86)/atollic/truestudio for stm32 9.0.1/armtools/bin/../lib/gcc/arm-atollic-eabi/6.3.1/../../../../arm-atollic-eabi/lib/armv7e-m/fpu\libc.a(lib_a-memcpy-stub.o)
                0x08005360                memcpy
 .text.memset   0x08005376       0x10 c:/program files (x86)/atollic/truestudio for stm32 9.0.1/armtools/bin/../lib/gcc/arm-atollic-eabi/6.3.1/../../../../arm-atollic-eabi/lib/armv7e-m/fpu\libc.a(lib_a-memset.o)
                0x08005376                memset
 *fill*         0x08005386        0x2 
 .text.__malloc_lock
                0x08005388        0xc c:/program files (x86)/atollic/truestudio for stm32 9.0.1/armtools/bin/../lib/gcc/arm-atollic-eabi/6.3.1/../../../../arm-atollic-eabi/lib/armv7e-m/fpu\libc.a(lib_a-mlock.o)
                0x08005388                __malloc_lock
 .text.__malloc_unlock
                0x08005394        0xc c:/program files (x86)/atollic/truestudio for stm32 9.0.1/armtools/bin/../lib/gcc/arm-atollic-eabi/6.3.1/../../../../arm-atollic-eabi/lib/armv7e-m/fpu\libc.a(lib_a-mlock.o)
                0x08005394                __malloc_unlock
 .text.printf   0x080053a0       0x30 c:/program files (x86)/atollic/truestudio for stm32 9.0.1/armtools/bin/../lib/gcc/arm-atollic-eabi/6.3.1/../../../../arm-atollic-eabi/lib/armv7e-m/fpu\libc.a(lib_a-printf.o)
                0x080053a0                printf
 .text._sbrk_r  0x080053d0       0x20 c:/program files (x86)/atollic/truestudio for stm32 9.0.1/armtools/bin/../lib/gcc/arm-atollic-eabi/6.3.1/../../../../arm-atollic-eabi/lib/armv7e-m/fpu\libc.a(lib_a-sbrkr.o)
                0x080053d0                _sbrk_r
 .text._vfprintf_r
                0x080053f0     0x1078 c:/program files (x86)/atollic/truestudio for stm32 9.0.1/armtools/bin/../lib/gcc/arm-atollic-eabi/6.3.1/../../../../arm-atollic-eabi/lib/armv7e-m/fpu\libc.a(lib_a-vfprintf.o)
                0x080053f0                _vfprintf_r
 .text.__sbprintf
                0x08006468       0x80 c:/program files (x86)/atollic/truestudio for stm32 9.0.1/armtools/bin/../lib/gcc/arm-atollic-eabi/6.3.1/../../../../arm-atollic-eabi/lib/armv7e-m/fpu\libc.a(lib_a-vfprintf.o)
 .text.__swsetup_r
                0x080064e8       0xdc c:/program files (x86)/atollic/truestudio for stm32 9.0.1/armtools/bin/../lib/gcc/arm-atollic-eabi/6.3.1/../../../../arm-atollic-eabi/lib/armv7e-m/fpu\libc.a(lib_a-wsetup.o)
                0x080064e8                __swsetup_r
 .text.quorem   0x080065c4      0x118 c:/program files (x86)/atollic/truestudio for stm32 9.0.1/armtools/bin/../lib/gcc/arm-atollic-eabi/6.3.1/../../../../arm-atollic-eabi/lib/armv7e-m/fpu\libc.a(lib_a-dtoa.o)
 *fill*         0x080066dc        0x4 
 .text._dtoa_r  0x080066e0      0xb9c c:/program files (x86)/atollic/truestudio for stm32 9.0.1/armtools/bin/../lib/gcc/arm-atollic-eabi/6.3.1/../../../../arm-atollic-eabi/lib/armv7e-m/fpu\libc.a(lib_a-dtoa.o)
                0x080066e0                _dtoa_r
 .text.__sflush_r
                0x0800727c      0x124 c:/program files (x86)/atollic/truestudio for stm32 9.0.1/armtools/bin/../lib/gcc/arm-atollic-eabi/6.3.1/../../../../arm-atollic-eabi/lib/armv7e-m/fpu\libc.a(lib_a-fflush.o)
                0x0800727c                __sflush_r
 .text._fflush_r
                0x080073a0       0x78 c:/program files (x86)/atollic/truestudio for stm32 9.0.1/armtools/bin/../lib/gcc/arm-atollic-eabi/6.3.1/../../../../arm-atollic-eabi/lib/armv7e-m/fpu\libc.a(lib_a-fflush.o)
                0x080073a0                _fflush_r
 .text._cleanup_r
                0x08007418        0xc c:/program files (x86)/atollic/truestudio for stm32 9.0.1/armtools/bin/../lib/gcc/arm-atollic-eabi/6.3.1/../../../../arm-atollic-eabi/lib/armv7e-m/fpu\libc.a(lib_a-findfp.o)
                0x08007418                _cleanup_r
 .text.std.isra.0
                0x08007424       0x48 c:/program files (x86)/atollic/truestudio for stm32 9.0.1/armtools/bin/../lib/gcc/arm-atollic-eabi/6.3.1/../../../../arm-atollic-eabi/lib/armv7e-m/fpu\libc.a(lib_a-findfp.o)
 .text.__sfmoreglue
                0x0800746c       0x2c c:/program files (x86)/atollic/truestudio for stm32 9.0.1/armtools/bin/../lib/gcc/arm-atollic-eabi/6.3.1/../../../../arm-atollic-eabi/lib/armv7e-m/fpu\libc.a(lib_a-findfp.o)
                0x0800746c                __sfmoreglue
 .text.__sfp_lock_acquire
                0x08007498        0xc c:/program files (x86)/atollic/truestudio for stm32 9.0.1/armtools/bin/../lib/gcc/arm-atollic-eabi/6.3.1/../../../../arm-atollic-eabi/lib/armv7e-m/fpu\libc.a(lib_a-findfp.o)
                0x08007498                __sfp_lock_acquire
 .text.__sfp_lock_release
                0x080074a4        0xc c:/program files (x86)/atollic/truestudio for stm32 9.0.1/armtools/bin/../lib/gcc/arm-atollic-eabi/6.3.1/../../../../arm-atollic-eabi/lib/armv7e-m/fpu\libc.a(lib_a-findfp.o)
                0x080074a4                __sfp_lock_release
 .text.__sinit_lock_acquire
                0x080074b0        0xc c:/program files (x86)/atollic/truestudio for stm32 9.0.1/armtools/bin/../lib/gcc/arm-atollic-eabi/6.3.1/../../../../arm-atollic-eabi/lib/armv7e-m/fpu\libc.a(lib_a-findfp.o)
                0x080074b0                __sinit_lock_acquire
 .text.__sinit_lock_release
                0x080074bc        0xc c:/program files (x86)/atollic/truestudio for stm32 9.0.1/armtools/bin/../lib/gcc/arm-atollic-eabi/6.3.1/../../../../arm-atollic-eabi/lib/armv7e-m/fpu\libc.a(lib_a-findfp.o)
                0x080074bc                __sinit_lock_release
 .text.__sinit  0x080074c8       0x74 c:/program files (x86)/atollic/truestudio for stm32 9.0.1/armtools/bin/../lib/gcc/arm-atollic-eabi/6.3.1/../../../../arm-atollic-eabi/lib/armv7e-m/fpu\libc.a(lib_a-findfp.o)
                0x080074c8                __sinit
 .text.__sfp    0x0800753c       0x8c c:/program files (x86)/atollic/truestudio for stm32 9.0.1/armtools/bin/../lib/gcc/arm-atollic-eabi/6.3.1/../../../../arm-atollic-eabi/lib/armv7e-m/fpu\libc.a(lib_a-findfp.o)
                0x0800753c                __sfp
 .text._malloc_trim_r
                0x080075c8       0xac c:/program files (x86)/atollic/truestudio for stm32 9.0.1/armtools/bin/../lib/gcc/arm-atollic-eabi/6.3.1/../../../../arm-atollic-eabi/lib/armv7e-m/fpu\libc.a(lib_a-freer.o)
                0x080075c8                _malloc_trim_r
 .text._free_r  0x08007674      0x178 c:/program files (x86)/atollic/truestudio for stm32 9.0.1/armtools/bin/../lib/gcc/arm-atollic-eabi/6.3.1/../../../../arm-atollic-eabi/lib/armv7e-m/fpu\libc.a(lib_a-freer.o)
                0x08007674                _free_r
 .text._fwalk_reent
                0x080077ec       0x3c c:/program files (x86)/atollic/truestudio for stm32 9.0.1/armtools/bin/../lib/gcc/arm-atollic-eabi/6.3.1/../../../../arm-atollic-eabi/lib/armv7e-m/fpu\libc.a(lib_a-fwalk.o)
                0x080077ec                _fwalk_reent
 .text._localeconv_r
                0x08007828       0x1c c:/program files (x86)/atollic/truestudio for stm32 9.0.1/armtools/bin/../lib/gcc/arm-atollic-eabi/6.3.1/../../../../arm-atollic-eabi/lib/armv7e-m/fpu\libc.a(lib_a-localeconv.o)
                0x08007828                _localeconv_r
 .text.__retarget_lock_init_recursive
                0x08007844        0x2 c:/program files (x86)/atollic/truestudio for stm32 9.0.1/armtools/bin/../lib/gcc/arm-atollic-eabi/6.3.1/../../../../arm-atollic-eabi/lib/armv7e-m/fpu\libc.a(lib_a-lock.o)
                0x08007844                __retarget_lock_init_recursive
 .text.__retarget_lock_close_recursive
                0x08007846        0x2 c:/program files (x86)/atollic/truestudio for stm32 9.0.1/armtools/bin/../lib/gcc/arm-atollic-eabi/6.3.1/../../../../arm-atollic-eabi/lib/armv7e-m/fpu\libc.a(lib_a-lock.o)
                0x08007846                __retarget_lock_close_recursive
 .text.__retarget_lock_acquire_recursive
                0x08007848        0x2 c:/program files (x86)/atollic/truestudio for stm32 9.0.1/armtools/bin/../lib/gcc/arm-atollic-eabi/6.3.1/../../../../arm-atollic-eabi/lib/armv7e-m/fpu\libc.a(lib_a-lock.o)
                0x08007848                __retarget_lock_acquire_recursive
 .text.__retarget_lock_release_recursive
                0x0800784a        0x2 c:/program files (x86)/atollic/truestudio for stm32 9.0.1/armtools/bin/../lib/gcc/arm-atollic-eabi/6.3.1/../../../../arm-atollic-eabi/lib/armv7e-m/fpu\libc.a(lib_a-lock.o)
                0x0800784a                __retarget_lock_release_recursive
 .text.__swhatbuf_r
                0x0800784c       0x56 c:/program files (x86)/atollic/truestudio for stm32 9.0.1/armtools/bin/../lib/gcc/arm-atollic-eabi/6.3.1/../../../../arm-atollic-eabi/lib/armv7e-m/fpu\libc.a(lib_a-makebuf.o)
                0x0800784c                __swhatbuf_r
 *fill*         0x080078a2        0x2 
 .text.__smakebuf_r
                0x080078a4       0x80 c:/program files (x86)/atollic/truestudio for stm32 9.0.1/armtools/bin/../lib/gcc/arm-atollic-eabi/6.3.1/../../../../arm-atollic-eabi/lib/armv7e-m/fpu\libc.a(lib_a-makebuf.o)
                0x080078a4                __smakebuf_r
 .text._Balloc  0x08007924       0x68 c:/program files (x86)/atollic/truestudio for stm32 9.0.1/armtools/bin/../lib/gcc/arm-atollic-eabi/6.3.1/../../../../arm-atollic-eabi/lib/armv7e-m/fpu\libc.a(lib_a-mprec.o)
                0x08007924                _Balloc
 .text._Bfree   0x0800798c       0x2e c:/program files (x86)/atollic/truestudio for stm32 9.0.1/armtools/bin/../lib/gcc/arm-atollic-eabi/6.3.1/../../../../arm-atollic-eabi/lib/armv7e-m/fpu\libc.a(lib_a-mprec.o)
                0x0800798c                _Bfree
 .text.__multadd
                0x080079ba       0x76 c:/program files (x86)/atollic/truestudio for stm32 9.0.1/armtools/bin/../lib/gcc/arm-atollic-eabi/6.3.1/../../../../arm-atollic-eabi/lib/armv7e-m/fpu\libc.a(lib_a-mprec.o)
                0x080079ba                __multadd
 .text.__hi0bits
                0x08007a30       0x3e c:/program files (x86)/atollic/truestudio for stm32 9.0.1/armtools/bin/../lib/gcc/arm-atollic-eabi/6.3.1/../../../../arm-atollic-eabi/lib/armv7e-m/fpu\libc.a(lib_a-mprec.o)
                0x08007a30                __hi0bits
 .text.__lo0bits
                0x08007a6e       0x5e c:/program files (x86)/atollic/truestudio for stm32 9.0.1/armtools/bin/../lib/gcc/arm-atollic-eabi/6.3.1/../../../../arm-atollic-eabi/lib/armv7e-m/fpu\libc.a(lib_a-mprec.o)
                0x08007a6e                __lo0bits
 .text.__i2b    0x08007acc       0x12 c:/program files (x86)/atollic/truestudio for stm32 9.0.1/armtools/bin/../lib/gcc/arm-atollic-eabi/6.3.1/../../../../arm-atollic-eabi/lib/armv7e-m/fpu\libc.a(lib_a-mprec.o)
                0x08007acc                __i2b
 .text.__multiply
                0x08007ade      0x11a c:/program files (x86)/atollic/truestudio for stm32 9.0.1/armtools/bin/../lib/gcc/arm-atollic-eabi/6.3.1/../../../../arm-atollic-eabi/lib/armv7e-m/fpu\libc.a(lib_a-mprec.o)
                0x08007ade                __multiply
 .text.__pow5mult
                0x08007bf8       0x9c c:/program files (x86)/atollic/truestudio for stm32 9.0.1/armtools/bin/../lib/gcc/arm-atollic-eabi/6.3.1/../../../../arm-atollic-eabi/lib/armv7e-m/fpu\libc.a(lib_a-mprec.o)
                0x08007bf8                __pow5mult
 .text.__lshift
                0x08007c94       0xa2 c:/program files (x86)/atollic/truestudio for stm32 9.0.1/armtools/bin/../lib/gcc/arm-atollic-eabi/6.3.1/../../../../arm-atollic-eabi/lib/armv7e-m/fpu\libc.a(lib_a-mprec.o)
                0x08007c94                __lshift
 .text.__mcmp   0x08007d36       0x34 c:/program files (x86)/atollic/truestudio for stm32 9.0.1/armtools/bin/../lib/gcc/arm-atollic-eabi/6.3.1/../../../../arm-atollic-eabi/lib/armv7e-m/fpu\libc.a(lib_a-mprec.o)
                0x08007d36                __mcmp
 .text.__mdiff  0x08007d6a       0xbc c:/program files (x86)/atollic/truestudio for stm32 9.0.1/armtools/bin/../lib/gcc/arm-atollic-eabi/6.3.1/../../../../arm-atollic-eabi/lib/armv7e-m/fpu\libc.a(lib_a-mprec.o)
                0x08007d6a                __mdiff
 .text.__d2b    0x08007e26       0x9e c:/program files (x86)/atollic/truestudio for stm32 9.0.1/armtools/bin/../lib/gcc/arm-atollic-eabi/6.3.1/../../../../arm-atollic-eabi/lib/armv7e-m/fpu\libc.a(lib_a-mprec.o)
                0x08007e26                __d2b
 .text.__sread  0x08007ec4       0x22 c:/program files (x86)/atollic/truestudio for stm32 9.0.1/armtools/bin/../lib/gcc/arm-atollic-eabi/6.3.1/../../../../arm-atollic-eabi/lib/armv7e-m/fpu\libc.a(lib_a-stdio.o)
                0x08007ec4                __sread
 .text.__swrite
                0x08007ee6       0x38 c:/program files (x86)/atollic/truestudio for stm32 9.0.1/armtools/bin/../lib/gcc/arm-atollic-eabi/6.3.1/../../../../arm-atollic-eabi/lib/armv7e-m/fpu\libc.a(lib_a-stdio.o)
                0x08007ee6                __swrite
 .text.__sseek  0x08007f1e       0x24 c:/program files (x86)/atollic/truestudio for stm32 9.0.1/armtools/bin/../lib/gcc/arm-atollic-eabi/6.3.1/../../../../arm-atollic-eabi/lib/armv7e-m/fpu\libc.a(lib_a-stdio.o)
                0x08007f1e                __sseek
 .text.__sclose
                0x08007f42        0x8 c:/program files (x86)/atollic/truestudio for stm32 9.0.1/armtools/bin/../lib/gcc/arm-atollic-eabi/6.3.1/../../../../arm-atollic-eabi/lib/armv7e-m/fpu\libc.a(lib_a-stdio.o)
                0x08007f42                __sclose
 .text.__sprint_r
                0x08007f4a       0x6a c:/program files (x86)/atollic/truestudio for stm32 9.0.1/armtools/bin/../lib/gcc/arm-atollic-eabi/6.3.1/../../../../arm-atollic-eabi/lib/armv7e-m/fpu\libc.a(lib_a-vfiprintf.o)
                0x08007f4a                __sprint_r
 .text._write_r
                0x08007fb4       0x24 c:/program files (x86)/atollic/truestudio for stm32 9.0.1/armtools/bin/../lib/gcc/arm-atollic-eabi/6.3.1/../../../../arm-atollic-eabi/lib/armv7e-m/fpu\libc.a(lib_a-writer.o)
                0x08007fb4                _write_r
 .text._calloc_r
                0x08007fd8       0x5a c:/program files (x86)/atollic/truestudio for stm32 9.0.1/armtools/bin/../lib/gcc/arm-atollic-eabi/6.3.1/../../../../arm-atollic-eabi/lib/armv7e-m/fpu\libc.a(lib_a-callocr.o)
                0x08007fd8                _calloc_r
 *fill*         0x08008032        0x2 
 .text._close_r
                0x08008034       0x20 c:/program files (x86)/atollic/truestudio for stm32 9.0.1/armtools/bin/../lib/gcc/arm-atollic-eabi/6.3.1/../../../../arm-atollic-eabi/lib/armv7e-m/fpu\libc.a(lib_a-closer.o)
                0x08008034                _close_r
 .text._fclose_r
                0x08008054       0xd8 c:/program files (x86)/atollic/truestudio for stm32 9.0.1/armtools/bin/../lib/gcc/arm-atollic-eabi/6.3.1/../../../../arm-atollic-eabi/lib/armv7e-m/fpu\libc.a(lib_a-fclose.o)
                0x08008054                _fclose_r
 .text.__fputwc
                0x0800812c       0x82 c:/program files (x86)/atollic/truestudio for stm32 9.0.1/armtools/bin/../lib/gcc/arm-atollic-eabi/6.3.1/../../../../arm-atollic-eabi/lib/armv7e-m/fpu\libc.a(lib_a-fputwc.o)
                0x0800812c                __fputwc
 .text._fputwc_r
                0x080081ae       0x52 c:/program files (x86)/atollic/truestudio for stm32 9.0.1/armtools/bin/../lib/gcc/arm-atollic-eabi/6.3.1/../../../../arm-atollic-eabi/lib/armv7e-m/fpu\libc.a(lib_a-fputwc.o)
                0x080081ae                _fputwc_r
 .text._fstat_r
                0x08008200       0x24 c:/program files (x86)/atollic/truestudio for stm32 9.0.1/armtools/bin/../lib/gcc/arm-atollic-eabi/6.3.1/../../../../arm-atollic-eabi/lib/armv7e-m/fpu\libc.a(lib_a-fstatr.o)
                0x08008200                _fstat_r
 .text.__sfvwrite_r
                0x08008224      0x29c c:/program files (x86)/atollic/truestudio for stm32 9.0.1/armtools/bin/../lib/gcc/arm-atollic-eabi/6.3.1/../../../../arm-atollic-eabi/lib/armv7e-m/fpu\libc.a(lib_a-fvwrite.o)
                0x08008224                __sfvwrite_r
 .text._isatty_r
                0x080084c0       0x20 c:/program files (x86)/atollic/truestudio for stm32 9.0.1/armtools/bin/../lib/gcc/arm-atollic-eabi/6.3.1/../../../../arm-atollic-eabi/lib/armv7e-m/fpu\libc.a(lib_a-isattyr.o)
                0x080084c0                _isatty_r
 .text.__locale_mb_cur_max
                0x080084e0       0x1c c:/program files (x86)/atollic/truestudio for stm32 9.0.1/armtools/bin/../lib/gcc/arm-atollic-eabi/6.3.1/../../../../arm-atollic-eabi/lib/armv7e-m/fpu\libc.a(lib_a-locale.o)
                0x080084e0                __locale_mb_cur_max
 .text._lseek_r
                0x080084fc       0x24 c:/program files (x86)/atollic/truestudio for stm32 9.0.1/armtools/bin/../lib/gcc/arm-atollic-eabi/6.3.1/../../../../arm-atollic-eabi/lib/armv7e-m/fpu\libc.a(lib_a-lseekr.o)
                0x080084fc                _lseek_r
 .text.__ascii_mbtowc
                0x08008520       0x24 c:/program files (x86)/atollic/truestudio for stm32 9.0.1/armtools/bin/../lib/gcc/arm-atollic-eabi/6.3.1/../../../../arm-atollic-eabi/lib/armv7e-m/fpu\libc.a(lib_a-mbtowc_r.o)
                0x08008520                __ascii_mbtowc
 .text.memmove  0x08008544       0x34 c:/program files (x86)/atollic/truestudio for stm32 9.0.1/armtools/bin/../lib/gcc/arm-atollic-eabi/6.3.1/../../../../arm-atollic-eabi/lib/armv7e-m/fpu\libc.a(lib_a-memmove.o)
                0x08008544                memmove
 .text._read_r  0x08008578       0x24 c:/program files (x86)/atollic/truestudio for stm32 9.0.1/armtools/bin/../lib/gcc/arm-atollic-eabi/6.3.1/../../../../arm-atollic-eabi/lib/armv7e-m/fpu\libc.a(lib_a-readr.o)
                0x08008578                _read_r
 .text._realloc_r
                0x0800859c      0x300 c:/program files (x86)/atollic/truestudio for stm32 9.0.1/armtools/bin/../lib/gcc/arm-atollic-eabi/6.3.1/../../../../arm-atollic-eabi/lib/armv7e-m/fpu\libc.a(lib_a-reallocr.o)
                0x0800859c                _realloc_r
 .text.__swbuf_r
                0x0800889c       0xbc c:/program files (x86)/atollic/truestudio for stm32 9.0.1/armtools/bin/../lib/gcc/arm-atollic-eabi/6.3.1/../../../../arm-atollic-eabi/lib/armv7e-m/fpu\libc.a(lib_a-wbuf.o)
                0x0800889c                __swbuf_r
 .text._wcrtomb_r
                0x08008958       0x50 c:/program files (x86)/atollic/truestudio for stm32 9.0.1/armtools/bin/../lib/gcc/arm-atollic-eabi/6.3.1/../../../../arm-atollic-eabi/lib/armv7e-m/fpu\libc.a(lib_a-wcrtomb.o)
                0x08008958                _wcrtomb_r
 .text.__ascii_wctomb
                0x080089a8       0x1a c:/program files (x86)/atollic/truestudio for stm32 9.0.1/armtools/bin/../lib/gcc/arm-atollic-eabi/6.3.1/../../../../arm-atollic-eabi/lib/armv7e-m/fpu\libc.a(lib_a-wctomb_r.o)
                0x080089a8                __ascii_wctomb
 *fill*         0x080089c2        0x2 
 .text._close   0x080089c4       0x10 c:/program files (x86)/atollic/truestudio for stm32 9.0.1/armtools/bin/../lib/gcc/arm-atollic-eabi/6.3.1/../../../../arm-atollic-eabi/lib/armv7e-m/fpu\libnosys.a(close.o)
                0x080089c4                _close
 .text._fstat   0x080089d4       0x10 c:/program files (x86)/atollic/truestudio for stm32 9.0.1/armtools/bin/../lib/gcc/arm-atollic-eabi/6.3.1/../../../../arm-atollic-eabi/lib/armv7e-m/fpu\libnosys.a(fstat.o)
                0x080089d4                _fstat
 .text._isatty  0x080089e4       0x10 c:/program files (x86)/atollic/truestudio for stm32 9.0.1/armtools/bin/../lib/gcc/arm-atollic-eabi/6.3.1/../../../../arm-atollic-eabi/lib/armv7e-m/fpu\libnosys.a(isatty.o)
                0x080089e4                _isatty
 .text._lseek   0x080089f4       0x10 c:/program files (x86)/atollic/truestudio for stm32 9.0.1/armtools/bin/../lib/gcc/arm-atollic-eabi/6.3.1/../../../../arm-atollic-eabi/lib/armv7e-m/fpu\libnosys.a(lseek.o)
                0x080089f4                _lseek
 .text._read    0x08008a04       0x10 c:/program files (x86)/atollic/truestudio for stm32 9.0.1/armtools/bin/../lib/gcc/arm-atollic-eabi/6.3.1/../../../../arm-atollic-eabi/lib/armv7e-m/fpu\libnosys.a(read.o)
                0x08008a04                _read
 .text._sbrk    0x08008a14       0x1c c:/program files (x86)/atollic/truestudio for stm32 9.0.1/armtools/bin/../lib/gcc/arm-atollic-eabi/6.3.1/../../../../arm-atollic-eabi/lib/armv7e-m/fpu\libnosys.a(sbrk.o)
                0x08008a14                _sbrk
 *(.glue_7)
 .glue_7        0x08008a30        0x0 linker stubs
 *(.glue_7t)
 .glue_7t       0x08008a30        0x0 linker stubs
 *(.eh_frame)
 .eh_frame      0x08008a30        0x0 c:/program files (x86)/atollic/truestudio for stm32 9.0.1/armtools/bin/../lib/gcc/arm-atollic-eabi/6.3.1/armv7e-m/fpu/crtbegin.o
 *(.init)
 .init          0x08008a30        0x4 c:/program files (x86)/atollic/truestudio for stm32 9.0.1/armtools/bin/../lib/gcc/arm-atollic-eabi/6.3.1/armv7e-m/fpu/crti.o
                0x08008a30                _init
 .init          0x08008a34        0x8 c:/program files (x86)/atollic/truestudio for stm32 9.0.1/armtools/bin/../lib/gcc/arm-atollic-eabi/6.3.1/armv7e-m/fpu/crtn.o
 *(.fini)
 .fini          0x08008a3c        0x4 c:/program files (x86)/atollic/truestudio for stm32 9.0.1/armtools/bin/../lib/gcc/arm-atollic-eabi/6.3.1/armv7e-m/fpu/crti.o
                0x08008a3c                _fini
 .fini          0x08008a40        0x8 c:/program files (x86)/atollic/truestudio for stm32 9.0.1/armtools/bin/../lib/gcc/arm-atollic-eabi/6.3.1/armv7e-m/fpu/crtn.o
                0x08008a48                . = ALIGN (0x4)
                0x08008a48                _etext = .

.vfp11_veneer   0x08008a48        0x0
 .vfp11_veneer  0x08008a48        0x0 linker stubs

.v4_bx          0x08008a48        0x0
 .v4_bx         0x08008a48        0x0 linker stubs

.iplt           0x08008a48        0x0
 .iplt          0x08008a48        0x0 c:/program files (x86)/atollic/truestudio for stm32 9.0.1/armtools/bin/../lib/gcc/arm-atollic-eabi/6.3.1/armv7e-m/fpu/crtbegin.o

.rodata         0x08008a48      0x5a8
                0x08008a48                . = ALIGN (0x4)
 *(.rodata)
 *(.rodata*)
 .rodata.crc15Table
                0x08008a48      0x200 Src\main.o
                0x08008a48                crc15Table
 .rodata.main.str1.1
                0x08008c48       0x32 Src\main.o
 .rodata.AHBPrescTable
                0x08008c7a       0x10 Src\system_stm32l4xx.o
                0x08008c7a                AHBPrescTable
 *fill*         0x08008c8a        0x2 
 .rodata.MSIRangeTable
                0x08008c8c       0x30 Src\system_stm32l4xx.o
                0x08008c8c                MSIRangeTable
 .rodata.CSWTCH.40
                0x08008cbc        0x4 Src\usbd_conf.o
 .rodata.USBD_LL_Init.str1.1
                0x08008cc0       0x13 Src\usbd_conf.o
 .rodata.USBD_FS_ConfigStrDescriptor.str1.1
                0x08008cd3        0xb Src\usbd_desc.o
 .rodata.USBD_FS_InterfaceStrDescriptor.str1.1
                0x08008cde        0xe Src\usbd_desc.o
 .rodata.USBD_FS_ManufacturerStrDescriptor.str1.1
                0x08008cec       0x13 Src\usbd_desc.o
 .rodata.USBD_FS_ProductStrDescriptor.str1.1
                0x08008cff       0x16 Src\usbd_desc.o
 .rodata.USBD_FS_SerialStrDescriptor.str1.1
                0x08008d15        0xd Src\usbd_desc.o
 .rodata._vfprintf_r.str1.1
                0x08008d22       0x34 c:/program files (x86)/atollic/truestudio for stm32 9.0.1/armtools/bin/../lib/gcc/arm-atollic-eabi/6.3.1/../../../../arm-atollic-eabi/lib/armv7e-m/fpu\libc.a(lib_a-vfprintf.o)
 .rodata.blanks.8374
                0x08008d56       0x10 c:/program files (x86)/atollic/truestudio for stm32 9.0.1/armtools/bin/../lib/gcc/arm-atollic-eabi/6.3.1/../../../../arm-atollic-eabi/lib/armv7e-m/fpu\libc.a(lib_a-vfprintf.o)
 .rodata.zeroes.8375
                0x08008d66       0x10 c:/program files (x86)/atollic/truestudio for stm32 9.0.1/armtools/bin/../lib/gcc/arm-atollic-eabi/6.3.1/../../../../arm-atollic-eabi/lib/armv7e-m/fpu\libc.a(lib_a-vfprintf.o)
 .rodata._dtoa_r.str1.1
                0x08008d76        0xd c:/program files (x86)/atollic/truestudio for stm32 9.0.1/armtools/bin/../lib/gcc/arm-atollic-eabi/6.3.1/../../../../arm-atollic-eabi/lib/armv7e-m/fpu\libc.a(lib_a-dtoa.o)
                                  0xf (size before relaxing)
 *fill*         0x08008d83        0x1 
 .rodata.__sf_fake_stderr
                0x08008d84       0x20 c:/program files (x86)/atollic/truestudio for stm32 9.0.1/armtools/bin/../lib/gcc/arm-atollic-eabi/6.3.1/../../../../arm-atollic-eabi/lib/armv7e-m/fpu\libc.a(lib_a-findfp.o)
                0x08008d84                __sf_fake_stderr
 .rodata.__sf_fake_stdin
                0x08008da4       0x20 c:/program files (x86)/atollic/truestudio for stm32 9.0.1/armtools/bin/../lib/gcc/arm-atollic-eabi/6.3.1/../../../../arm-atollic-eabi/lib/armv7e-m/fpu\libc.a(lib_a-findfp.o)
                0x08008da4                __sf_fake_stdin
 .rodata.__sf_fake_stdout
                0x08008dc4       0x20 c:/program files (x86)/atollic/truestudio for stm32 9.0.1/armtools/bin/../lib/gcc/arm-atollic-eabi/6.3.1/../../../../arm-atollic-eabi/lib/armv7e-m/fpu\libc.a(lib_a-findfp.o)
                0x08008dc4                __sf_fake_stdout
 .rodata._global_impure_ptr
                0x08008de4        0x4 c:/program files (x86)/atollic/truestudio for stm32 9.0.1/armtools/bin/../lib/gcc/arm-atollic-eabi/6.3.1/../../../../arm-atollic-eabi/lib/armv7e-m/fpu\libc.a(lib_a-impure.o)
                0x08008de4                _global_impure_ptr
 .rodata.__mprec_bigtens
                0x08008de8       0x28 c:/program files (x86)/atollic/truestudio for stm32 9.0.1/armtools/bin/../lib/gcc/arm-atollic-eabi/6.3.1/../../../../arm-atollic-eabi/lib/armv7e-m/fpu\libc.a(lib_a-mprec.o)
                0x08008de8                __mprec_bigtens
 .rodata.__mprec_tens
                0x08008e10       0xc8 c:/program files (x86)/atollic/truestudio for stm32 9.0.1/armtools/bin/../lib/gcc/arm-atollic-eabi/6.3.1/../../../../arm-atollic-eabi/lib/armv7e-m/fpu\libc.a(lib_a-mprec.o)
                0x08008e10                __mprec_tens
 .rodata.p05.7196
                0x08008ed8        0xc c:/program files (x86)/atollic/truestudio for stm32 9.0.1/armtools/bin/../lib/gcc/arm-atollic-eabi/6.3.1/../../../../arm-atollic-eabi/lib/armv7e-m/fpu\libc.a(lib_a-mprec.o)
 .rodata._setlocale_r.str1.1
                0x08008ee4        0x8 c:/program files (x86)/atollic/truestudio for stm32 9.0.1/armtools/bin/../lib/gcc/arm-atollic-eabi/6.3.1/../../../../arm-atollic-eabi/lib/armv7e-m/fpu\libc.a(lib_a-locale.o)
                                  0x9 (size before relaxing)
 .rodata.str1.1
                0x08008eec        0x2 c:/program files (x86)/atollic/truestudio for stm32 9.0.1/armtools/bin/../lib/gcc/arm-atollic-eabi/6.3.1/../../../../arm-atollic-eabi/lib/armv7e-m/fpu\libc.a(lib_a-locale.o)
 .rodata._ctype_
                0x08008eee      0x101 c:/program files (x86)/atollic/truestudio for stm32 9.0.1/armtools/bin/../lib/gcc/arm-atollic-eabi/6.3.1/../../../../arm-atollic-eabi/lib/armv7e-m/fpu\libc.a(lib_a-ctype_.o)
                0x08008eee                _ctype_
                0x08008ff0                . = ALIGN (0x4)
 *fill*         0x08008fef        0x1 

.ARM.extab
 *(.ARM.extab* .gnu.linkonce.armextab.*)

.ARM            0x08008ff0        0x8
                0x08008ff0                __exidx_start = .
 *(.ARM.exidx*)
 .ARM.exidx     0x08008ff0        0x8 c:/program files (x86)/atollic/truestudio for stm32 9.0.1/armtools/bin/../lib/gcc/arm-atollic-eabi/6.3.1/armv7e-m/fpu\libgcc.a(_udivmoddi4.o)
                0x08008ff8                __exidx_end = .

.rel.dyn        0x08008ff8        0x0
 .rel.iplt      0x08008ff8        0x0 c:/program files (x86)/atollic/truestudio for stm32 9.0.1/armtools/bin/../lib/gcc/arm-atollic-eabi/6.3.1/armv7e-m/fpu/crtbegin.o

.preinit_array  0x08008ff8        0x0
                0x08008ff8                PROVIDE (__preinit_array_start, .)
 *(.preinit_array*)
                0x08008ff8                PROVIDE (__preinit_array_end, .)

.init_array     0x08008ff8        0x4
                0x08008ff8                PROVIDE (__init_array_start, .)
 *(SORT(.init_array.*))
 *(.init_array*)
 .init_array    0x08008ff8        0x4 c:/program files (x86)/atollic/truestudio for stm32 9.0.1/armtools/bin/../lib/gcc/arm-atollic-eabi/6.3.1/armv7e-m/fpu/crtbegin.o
                0x08008ffc                PROVIDE (__init_array_end, .)

.fini_array     0x08008ffc        0x4
                [!provide]                PROVIDE (__fini_array_start, .)
 *(SORT(.fini_array.*))
 *(.fini_array*)
 .fini_array    0x08008ffc        0x4 c:/program files (x86)/atollic/truestudio for stm32 9.0.1/armtools/bin/../lib/gcc/arm-atollic-eabi/6.3.1/armv7e-m/fpu/crtbegin.o
                [!provide]                PROVIDE (__fini_array_end, .)
                0x08009000                _sidata = LOADADDR (.data)

.data           0x20000000      0x7fc load address 0x08009000
                0x20000000                . = ALIGN (0x4)
                0x20000000                _sdata = .
 *(.data)
 *(.data*)
 .data.USBD_CDC
                0x20000000       0x38 Middlewares\ST\STM32_USB_Device_Library\Class\CDC\Src\usbd_cdc.o
                0x20000000                USBD_CDC
 .data.USBD_CDC_CfgFSDesc
                0x20000038       0x43 Middlewares\ST\STM32_USB_Device_Library\Class\CDC\Src\usbd_cdc.o
                0x20000038                USBD_CDC_CfgFSDesc
 *fill*         0x2000007b        0x1 
 .data.USBD_CDC_CfgHSDesc
                0x2000007c       0x43 Middlewares\ST\STM32_USB_Device_Library\Class\CDC\Src\usbd_cdc.o
                0x2000007c                USBD_CDC_CfgHSDesc
 *fill*         0x200000bf        0x1 
 .data.USBD_CDC_DeviceQualifierDesc
                0x200000c0        0xa Middlewares\ST\STM32_USB_Device_Library\Class\CDC\Src\usbd_cdc.o
 *fill*         0x200000ca        0x2 
 .data.USBD_CDC_OtherSpeedCfgDesc
                0x200000cc       0x43 Middlewares\ST\STM32_USB_Device_Library\Class\CDC\Src\usbd_cdc.o
                0x200000cc                USBD_CDC_OtherSpeedCfgDesc
 .data.cells    0x2000010f        0xf Src\main.o
                0x2000010f                cells
 *fill*         0x2000011e        0x2 
 .data.main_period
                0x20000120        0x4 Src\main.o
                0x20000120                main_period
 .data.maxBrickV
                0x20000124        0x4 Src\main.o
                0x20000124                maxBrickV
 .data.maxVctr  0x20000128        0x1 Src\main.o
                0x20000128                maxVctr
 *fill*         0x20000129        0x3 
 .data.minBrickV
                0x2000012c        0x4 Src\main.o
                0x2000012c                minBrickV
 .data.minVctr  0x20000130        0x1 Src\main.o
                0x20000130                minVctr
 .data.state    0x20000131        0x1 Src\main.o
                0x20000131                state
 *fill*         0x20000132        0x2 
 .data.SystemCoreClock
                0x20000134        0x4 Src\system_stm32l4xx.o
                0x20000134                SystemCoreClock
 .data.USBD_Interface_fops_FS
                0x20000138       0x10 Src\usbd_cdc_if.o
                0x20000138                USBD_Interface_fops_FS
 .data.FS_Desc  0x20000148       0x20 Src\usbd_desc.o
                0x20000148                FS_Desc
 .data.USBD_FS_BOSDesc
                0x20000168        0xc Src\usbd_desc.o
                0x20000168                USBD_FS_BOSDesc
 .data.USBD_FS_DeviceDesc
                0x20000174       0x12 Src\usbd_desc.o
                0x20000174                USBD_FS_DeviceDesc
 *fill*         0x20000186        0x2 
 .data.USBD_LangIDDesc
                0x20000188        0x4 Src\usbd_desc.o
                0x20000188                USBD_LangIDDesc
 .data.__malloc_av_
                0x2000018c      0x408 c:/program files (x86)/atollic/truestudio for stm32 9.0.1/armtools/bin/../lib/gcc/arm-atollic-eabi/6.3.1/../../../../arm-atollic-eabi/lib/armv7e-m/fpu\libc.a(lib_a-mallocr.o)
                0x2000018c                __malloc_av_
 .data.__malloc_sbrk_base
                0x20000594        0x4 c:/program files (x86)/atollic/truestudio for stm32 9.0.1/armtools/bin/../lib/gcc/arm-atollic-eabi/6.3.1/../../../../arm-atollic-eabi/lib/armv7e-m/fpu\libc.a(lib_a-mallocr.o)
                0x20000594                __malloc_sbrk_base
 .data.__malloc_trim_threshold
                0x20000598        0x4 c:/program files (x86)/atollic/truestudio for stm32 9.0.1/armtools/bin/../lib/gcc/arm-atollic-eabi/6.3.1/../../../../arm-atollic-eabi/lib/armv7e-m/fpu\libc.a(lib_a-mallocr.o)
                0x20000598                __malloc_trim_threshold
 .data._impure_ptr
                0x2000059c        0x4 c:/program files (x86)/atollic/truestudio for stm32 9.0.1/armtools/bin/../lib/gcc/arm-atollic-eabi/6.3.1/../../../../arm-atollic-eabi/lib/armv7e-m/fpu\libc.a(lib_a-impure.o)
                0x2000059c                _impure_ptr
 .data.impure_data
                0x200005a0       0xf0 c:/program files (x86)/atollic/truestudio for stm32 9.0.1/armtools/bin/../lib/gcc/arm-atollic-eabi/6.3.1/../../../../arm-atollic-eabi/lib/armv7e-m/fpu\libc.a(lib_a-impure.o)
 .data.__global_locale
                0x20000690      0x16c c:/program files (x86)/atollic/truestudio for stm32 9.0.1/armtools/bin/../lib/gcc/arm-atollic-eabi/6.3.1/../../../../arm-atollic-eabi/lib/armv7e-m/fpu\libc.a(lib_a-locale.o)
                0x20000690                __global_locale
                0x200007fc                . = ALIGN (0x4)
                0x200007fc                _edata = .

.igot.plt       0x200007fc        0x0 load address 0x080097fc
 .igot.plt      0x200007fc        0x0 c:/program files (x86)/atollic/truestudio for stm32 9.0.1/armtools/bin/../lib/gcc/arm-atollic-eabi/6.3.1/armv7e-m/fpu/crtbegin.o
                0x200007fc                . = ALIGN (0x4)

.bss            0x200007fc     0x1608 load address 0x080097fc
                0x200007fc                _sbss = .
                0x200007fc                __bss_start__ = _sbss
 *(.bss)
 .bss           0x200007fc       0x1c c:/program files (x86)/atollic/truestudio for stm32 9.0.1/armtools/bin/../lib/gcc/arm-atollic-eabi/6.3.1/armv7e-m/fpu/crtbegin.o
 *(.bss*)
 .bss.cfgidx.10630
                0x20000818        0x1 Middlewares\ST\STM32_USB_Device_Library\Core\Src\usbd_ctlreq.o
 *fill*         0x20000819        0x3 
 .bss.current   0x2000081c        0x4 Src\main.o
                0x2000081c                current
 .bss.dcc       0x20000820        0x4 Src\main.o
                0x20000820                dcc
 .bss.dieTemp   0x20000824        0x4 Src\main.o
                0x20000824                dieTemp
 .bss.tickstart
                0x20000828        0x4 Src\main.o
                0x20000828                tickstart
 .bss.mem.10779
                0x2000082c      0x220 Src\usbd_conf.o
 .bss.__malloc_current_mallinfo
                0x20000a4c       0x28 c:/program files (x86)/atollic/truestudio for stm32 9.0.1/armtools/bin/../lib/gcc/arm-atollic-eabi/6.3.1/../../../../arm-atollic-eabi/lib/armv7e-m/fpu\libc.a(lib_a-mallocr.o)
                0x20000a4c                __malloc_current_mallinfo
 .bss.__malloc_max_sbrked_mem
                0x20000a74        0x4 c:/program files (x86)/atollic/truestudio for stm32 9.0.1/armtools/bin/../lib/gcc/arm-atollic-eabi/6.3.1/../../../../arm-atollic-eabi/lib/armv7e-m/fpu\libc.a(lib_a-mallocr.o)
                0x20000a74                __malloc_max_sbrked_mem
 .bss.__malloc_max_total_mem
                0x20000a78        0x4 c:/program files (x86)/atollic/truestudio for stm32 9.0.1/armtools/bin/../lib/gcc/arm-atollic-eabi/6.3.1/../../../../arm-atollic-eabi/lib/armv7e-m/fpu\libc.a(lib_a-mallocr.o)
                0x20000a78                __malloc_max_total_mem
 .bss.__malloc_top_pad
                0x20000a7c        0x4 c:/program files (x86)/atollic/truestudio for stm32 9.0.1/armtools/bin/../lib/gcc/arm-atollic-eabi/6.3.1/../../../../arm-atollic-eabi/lib/armv7e-m/fpu\libc.a(lib_a-mallocr.o)
                0x20000a7c                __malloc_top_pad
 .bss.heap_end.5239
                0x20000a80        0x4 c:/program files (x86)/atollic/truestudio for stm32 9.0.1/armtools/bin/../lib/gcc/arm-atollic-eabi/6.3.1/../../../../arm-atollic-eabi/lib/armv7e-m/fpu\libnosys.a(sbrk.o)
 *(COMMON)
 COMMON         0x20000a84        0x4 Drivers\STM32L4xx_HAL_Driver\Src\stm32l4xx_hal.o
                0x20000a84                uwTick
 COMMON         0x20000a88      0x289 Src\main.o
                0x20000a88                voltages
                0x20000aac                hspi2
                0x20000b10                huart1
                0x20000b88                hlptim1
                0x20000bc0                hrtc
                0x20000be4                voltagesFloat
                0x20000c20                auxVoltages
                0x20000c38                aRxBuffer
                0x20000c48                hspi1
                0x20000cac                auxVoltagesFloat
                0x20000cdc                hcan1
                0x20000d04                aTxBuffer
 *fill*         0x20000d11        0x3 
 COMMON         0x20000d14      0x29c Src\usb_device.o
                0x20000d14                hUsbDeviceFS
 COMMON         0x20000fb0      0x7d0 Src\usbd_cdc_if.o
                0x20000fb0                UserRxBufferFS
                0x20001398                UserTxBufferFS
 COMMON         0x20001780      0x474 Src\usbd_conf.o
                0x20001780                hpcd_USB_FS
 COMMON         0x20001bf4      0x200 Src\usbd_desc.o
                0x20001bf4                USBD_StrDesc
 COMMON         0x20001df4        0x9 c:/program files (x86)/atollic/truestudio for stm32 9.0.1/armtools/bin/../lib/gcc/arm-atollic-eabi/6.3.1/../../../../arm-atollic-eabi/lib/armv7e-m/fpu\libc.a(lib_a-lock.o)
                0x20001df4                __lock___atexit_recursive_mutex
                0x20001df5                __lock___arc4random_mutex
                0x20001df6                __lock___env_recursive_mutex
                0x20001df7                __lock___sinit_recursive_mutex
                0x20001df8                __lock___malloc_recursive_mutex
                0x20001df9                __lock___at_quick_exit_mutex
                0x20001dfa                __lock___dd_hash_mutex
                0x20001dfb                __lock___tz_mutex
                0x20001dfc                __lock___sfp_recursive_mutex
 *fill*         0x20001dfd        0x3 
 COMMON         0x20001e00        0x4 c:/program files (x86)/atollic/truestudio for stm32 9.0.1/armtools/bin/../lib/gcc/arm-atollic-eabi/6.3.1/../../../../arm-atollic-eabi/lib/armv7e-m/fpu\libc.a(lib_a-reent.o)
                0x20001e00                errno
                0x20001e04                . = ALIGN (0x4)
                0x20001e04                _ebss = .
                0x20001e04                __bss_end__ = _ebss

._user_heap_stack
                0x20001e04      0x600 load address 0x080097fc
                0x20001e04                . = ALIGN (0x4)
                0x20001e04                PROVIDE (end, .)
                [!provide]                PROVIDE (_end, .)
                0x20002004                . = (. + _Min_Heap_Size)
 *fill*         0x20001e04      0x200 
                0x20002404                . = (. + _Min_Stack_Size)
 *fill*         0x20002004      0x400 
                0x20002404                . = ALIGN (0x4)

/DISCARD/
 libc.a(*)
 libm.a(*)
 libgcc.a(*)

.ARM.attributes
                0x00000000       0x30
 *(.ARM.attributes)
 .ARM.attributes
                0x00000000       0x22 c:/program files (x86)/atollic/truestudio for stm32 9.0.1/armtools/bin/../lib/gcc/arm-atollic-eabi/6.3.1/armv7e-m/fpu/crti.o
 .ARM.attributes
                0x00000022       0x34 c:/program files (x86)/atollic/truestudio for stm32 9.0.1/armtools/bin/../lib/gcc/arm-atollic-eabi/6.3.1/armv7e-m/fpu/crtbegin.o
 .ARM.attributes
                0x00000056       0x39 Drivers\STM32L4xx_HAL_Driver\Src\stm32l4xx_hal.o
 .ARM.attributes
                0x0000008f       0x39 Drivers\STM32L4xx_HAL_Driver\Src\stm32l4xx_hal_cortex.o
 .ARM.attributes
                0x000000c8       0x39 Drivers\STM32L4xx_HAL_Driver\Src\stm32l4xx_hal_gpio.o
 .ARM.attributes
                0x00000101       0x39 Drivers\STM32L4xx_HAL_Driver\Src\stm32l4xx_hal_pcd.o
 .ARM.attributes
                0x0000013a       0x39 Drivers\STM32L4xx_HAL_Driver\Src\stm32l4xx_hal_pcd_ex.o
 .ARM.attributes
                0x00000173       0x39 Drivers\STM32L4xx_HAL_Driver\Src\stm32l4xx_hal_pwr.o
 .ARM.attributes
                0x000001ac       0x39 Drivers\STM32L4xx_HAL_Driver\Src\stm32l4xx_hal_pwr_ex.o
 .ARM.attributes
                0x000001e5       0x39 Drivers\STM32L4xx_HAL_Driver\Src\stm32l4xx_hal_rcc.o
 .ARM.attributes
                0x0000021e       0x39 Drivers\STM32L4xx_HAL_Driver\Src\stm32l4xx_hal_rcc_ex.o
 .ARM.attributes
                0x00000257       0x39 Drivers\STM32L4xx_HAL_Driver\Src\stm32l4xx_hal_spi.o
 .ARM.attributes
                0x00000290       0x39 Drivers\STM32L4xx_HAL_Driver\Src\stm32l4xx_ll_usb.o
 .ARM.attributes
                0x000002c9       0x39 Middlewares\ST\STM32_USB_Device_Library\Class\CDC\Src\usbd_cdc.o
 .ARM.attributes
                0x00000302       0x39 Middlewares\ST\STM32_USB_Device_Library\Core\Src\usbd_core.o
 .ARM.attributes
                0x0000033b       0x39 Middlewares\ST\STM32_USB_Device_Library\Core\Src\usbd_ctlreq.o
 .ARM.attributes
                0x00000374       0x39 Middlewares\ST\STM32_USB_Device_Library\Core\Src\usbd_ioreq.o
 .ARM.attributes
                0x000003ad       0x39 Src\main.o
 .ARM.attributes
                0x000003e6       0x39 Src\stm32l4xx_hal_msp.o
 .ARM.attributes
                0x0000041f       0x39 Src\stm32l4xx_it.o
 .ARM.attributes
                0x00000458       0x39 Src\system_stm32l4xx.o
 .ARM.attributes
                0x00000491       0x39 Src\usb_device.o
 .ARM.attributes
                0x000004ca       0x39 Src\usbd_cdc_if.o
 .ARM.attributes
                0x00000503       0x39 Src\usbd_conf.o
 .ARM.attributes
                0x0000053c       0x39 Src\usbd_desc.o
 .ARM.attributes
                0x00000575       0x21 startup\startup_stm32l443xx.o
 .ARM.attributes
                0x00000596       0x34 c:/program files (x86)/atollic/truestudio for stm32 9.0.1/armtools/bin/../lib/gcc/arm-atollic-eabi/6.3.1/../../../../arm-atollic-eabi/lib/armv7e-m/fpu\libc.a(lib_a-init.o)
 .ARM.attributes
                0x000005ca       0x34 c:/program files (x86)/atollic/truestudio for stm32 9.0.1/armtools/bin/../lib/gcc/arm-atollic-eabi/6.3.1/../../../../arm-atollic-eabi/lib/armv7e-m/fpu\libc.a(lib_a-malloc.o)
 .ARM.attributes
                0x000005fe       0x34 c:/program files (x86)/atollic/truestudio for stm32 9.0.1/armtools/bin/../lib/gcc/arm-atollic-eabi/6.3.1/../../../../arm-atollic-eabi/lib/armv7e-m/fpu\libc.a(lib_a-mallocr.o)
 .ARM.attributes
                0x00000632       0x34 c:/program files (x86)/atollic/truestudio for stm32 9.0.1/armtools/bin/../lib/gcc/arm-atollic-eabi/6.3.1/../../../../arm-atollic-eabi/lib/armv7e-m/fpu\libc.a(lib_a-memcpy-stub.o)
 .ARM.attributes
                0x00000666       0x34 c:/program files (x86)/atollic/truestudio for stm32 9.0.1/armtools/bin/../lib/gcc/arm-atollic-eabi/6.3.1/../../../../arm-atollic-eabi/lib/armv7e-m/fpu\libc.a(lib_a-memset.o)
 .ARM.attributes
                0x0000069a       0x34 c:/program files (x86)/atollic/truestudio for stm32 9.0.1/armtools/bin/../lib/gcc/arm-atollic-eabi/6.3.1/../../../../arm-atollic-eabi/lib/armv7e-m/fpu\libc.a(lib_a-mlock.o)
 .ARM.attributes
                0x000006ce       0x34 c:/program files (x86)/atollic/truestudio for stm32 9.0.1/armtools/bin/../lib/gcc/arm-atollic-eabi/6.3.1/../../../../arm-atollic-eabi/lib/armv7e-m/fpu\libc.a(lib_a-printf.o)
 .ARM.attributes
                0x00000702       0x34 c:/program files (x86)/atollic/truestudio for stm32 9.0.1/armtools/bin/../lib/gcc/arm-atollic-eabi/6.3.1/../../../../arm-atollic-eabi/lib/armv7e-m/fpu\libc.a(lib_a-sbrkr.o)
 .ARM.attributes
                0x00000736       0x34 c:/program files (x86)/atollic/truestudio for stm32 9.0.1/armtools/bin/../lib/gcc/arm-atollic-eabi/6.3.1/../../../../arm-atollic-eabi/lib/armv7e-m/fpu\libc.a(lib_a-vfprintf.o)
 .ARM.attributes
                0x0000076a       0x34 c:/program files (x86)/atollic/truestudio for stm32 9.0.1/armtools/bin/../lib/gcc/arm-atollic-eabi/6.3.1/../../../../arm-atollic-eabi/lib/armv7e-m/fpu\libc.a(lib_a-wsetup.o)
 .ARM.attributes
                0x0000079e       0x34 c:/program files (x86)/atollic/truestudio for stm32 9.0.1/armtools/bin/../lib/gcc/arm-atollic-eabi/6.3.1/../../../../arm-atollic-eabi/lib/armv7e-m/fpu\libc.a(lib_a-dtoa.o)
 .ARM.attributes
                0x000007d2       0x34 c:/program files (x86)/atollic/truestudio for stm32 9.0.1/armtools/bin/../lib/gcc/arm-atollic-eabi/6.3.1/../../../../arm-atollic-eabi/lib/armv7e-m/fpu\libc.a(lib_a-fflush.o)
 .ARM.attributes
                0x00000806       0x34 c:/program files (x86)/atollic/truestudio for stm32 9.0.1/armtools/bin/../lib/gcc/arm-atollic-eabi/6.3.1/../../../../arm-atollic-eabi/lib/armv7e-m/fpu\libc.a(lib_a-findfp.o)
 .ARM.attributes
                0x0000083a       0x34 c:/program files (x86)/atollic/truestudio for stm32 9.0.1/armtools/bin/../lib/gcc/arm-atollic-eabi/6.3.1/../../../../arm-atollic-eabi/lib/armv7e-m/fpu\libc.a(lib_a-freer.o)
 .ARM.attributes
                0x0000086e       0x34 c:/program files (x86)/atollic/truestudio for stm32 9.0.1/armtools/bin/../lib/gcc/arm-atollic-eabi/6.3.1/../../../../arm-atollic-eabi/lib/armv7e-m/fpu\libc.a(lib_a-fwalk.o)
 .ARM.attributes
                0x000008a2       0x34 c:/program files (x86)/atollic/truestudio for stm32 9.0.1/armtools/bin/../lib/gcc/arm-atollic-eabi/6.3.1/../../../../arm-atollic-eabi/lib/armv7e-m/fpu\libc.a(lib_a-impure.o)
 .ARM.attributes
                0x000008d6       0x34 c:/program files (x86)/atollic/truestudio for stm32 9.0.1/armtools/bin/../lib/gcc/arm-atollic-eabi/6.3.1/../../../../arm-atollic-eabi/lib/armv7e-m/fpu\libc.a(lib_a-localeconv.o)
 .ARM.attributes
                0x0000090a       0x34 c:/program files (x86)/atollic/truestudio for stm32 9.0.1/armtools/bin/../lib/gcc/arm-atollic-eabi/6.3.1/../../../../arm-atollic-eabi/lib/armv7e-m/fpu\libc.a(lib_a-lock.o)
 .ARM.attributes
                0x0000093e       0x34 c:/program files (x86)/atollic/truestudio for stm32 9.0.1/armtools/bin/../lib/gcc/arm-atollic-eabi/6.3.1/../../../../arm-atollic-eabi/lib/armv7e-m/fpu\libc.a(lib_a-makebuf.o)
 .ARM.attributes
                0x00000972       0x20 c:/program files (x86)/atollic/truestudio for stm32 9.0.1/armtools/bin/../lib/gcc/arm-atollic-eabi/6.3.1/../../../../arm-atollic-eabi/lib/armv7e-m/fpu\libc.a(lib_a-memchr.o)
 .ARM.attributes
                0x00000992       0x34 c:/program files (x86)/atollic/truestudio for stm32 9.0.1/armtools/bin/../lib/gcc/arm-atollic-eabi/6.3.1/../../../../arm-atollic-eabi/lib/armv7e-m/fpu\libc.a(lib_a-mprec.o)
 .ARM.attributes
                0x000009c6       0x34 c:/program files (x86)/atollic/truestudio for stm32 9.0.1/armtools/bin/../lib/gcc/arm-atollic-eabi/6.3.1/../../../../arm-atollic-eabi/lib/armv7e-m/fpu\libc.a(lib_a-reent.o)
 .ARM.attributes
                0x000009fa       0x34 c:/program files (x86)/atollic/truestudio for stm32 9.0.1/armtools/bin/../lib/gcc/arm-atollic-eabi/6.3.1/../../../../arm-atollic-eabi/lib/armv7e-m/fpu\libc.a(lib_a-stdio.o)
 .ARM.attributes
                0x00000a2e       0x1b c:/program files (x86)/atollic/truestudio for stm32 9.0.1/armtools/bin/../lib/gcc/arm-atollic-eabi/6.3.1/../../../../arm-atollic-eabi/lib/armv7e-m/fpu\libc.a(lib_a-strlen.o)
 .ARM.attributes
                0x00000a49       0x34 c:/program files (x86)/atollic/truestudio for stm32 9.0.1/armtools/bin/../lib/gcc/arm-atollic-eabi/6.3.1/../../../../arm-atollic-eabi/lib/armv7e-m/fpu\libc.a(lib_a-vfiprintf.o)
 .ARM.attributes
                0x00000a7d       0x34 c:/program files (x86)/atollic/truestudio for stm32 9.0.1/armtools/bin/../lib/gcc/arm-atollic-eabi/6.3.1/../../../../arm-atollic-eabi/lib/armv7e-m/fpu\libc.a(lib_a-writer.o)
 .ARM.attributes
                0x00000ab1       0x34 c:/program files (x86)/atollic/truestudio for stm32 9.0.1/armtools/bin/../lib/gcc/arm-atollic-eabi/6.3.1/../../../../arm-atollic-eabi/lib/armv7e-m/fpu\libc.a(lib_a-callocr.o)
 .ARM.attributes
                0x00000ae5       0x34 c:/program files (x86)/atollic/truestudio for stm32 9.0.1/armtools/bin/../lib/gcc/arm-atollic-eabi/6.3.1/../../../../arm-atollic-eabi/lib/armv7e-m/fpu\libc.a(lib_a-closer.o)
 .ARM.attributes
                0x00000b19       0x34 c:/program files (x86)/atollic/truestudio for stm32 9.0.1/armtools/bin/../lib/gcc/arm-atollic-eabi/6.3.1/../../../../arm-atollic-eabi/lib/armv7e-m/fpu\libc.a(lib_a-fclose.o)
 .ARM.attributes
                0x00000b4d       0x34 c:/program files (x86)/atollic/truestudio for stm32 9.0.1/armtools/bin/../lib/gcc/arm-atollic-eabi/6.3.1/../../../../arm-atollic-eabi/lib/armv7e-m/fpu\libc.a(lib_a-fputwc.o)
 .ARM.attributes
                0x00000b81       0x34 c:/program files (x86)/atollic/truestudio for stm32 9.0.1/armtools/bin/../lib/gcc/arm-atollic-eabi/6.3.1/../../../../arm-atollic-eabi/lib/armv7e-m/fpu\libc.a(lib_a-fstatr.o)
 .ARM.attributes
                0x00000bb5       0x34 c:/program files (x86)/atollic/truestudio for stm32 9.0.1/armtools/bin/../lib/gcc/arm-atollic-eabi/6.3.1/../../../../arm-atollic-eabi/lib/armv7e-m/fpu\libc.a(lib_a-fvwrite.o)
 .ARM.attributes
                0x00000be9       0x34 c:/program files (x86)/atollic/truestudio for stm32 9.0.1/armtools/bin/../lib/gcc/arm-atollic-eabi/6.3.1/../../../../arm-atollic-eabi/lib/armv7e-m/fpu\libc.a(lib_a-isattyr.o)
 .ARM.attributes
                0x00000c1d       0x34 c:/program files (x86)/atollic/truestudio for stm32 9.0.1/armtools/bin/../lib/gcc/arm-atollic-eabi/6.3.1/../../../../arm-atollic-eabi/lib/armv7e-m/fpu\libc.a(lib_a-locale.o)
 .ARM.attributes
                0x00000c51       0x34 c:/program files (x86)/atollic/truestudio for stm32 9.0.1/armtools/bin/../lib/gcc/arm-atollic-eabi/6.3.1/../../../../arm-atollic-eabi/lib/armv7e-m/fpu\libc.a(lib_a-lseekr.o)
 .ARM.attributes
                0x00000c85       0x34 c:/program files (x86)/atollic/truestudio for stm32 9.0.1/armtools/bin/../lib/gcc/arm-atollic-eabi/6.3.1/../../../../arm-atollic-eabi/lib/armv7e-m/fpu\libc.a(lib_a-mbtowc_r.o)
 .ARM.attributes
                0x00000cb9       0x34 c:/program files (x86)/atollic/truestudio for stm32 9.0.1/armtools/bin/../lib/gcc/arm-atollic-eabi/6.3.1/../../../../arm-atollic-eabi/lib/armv7e-m/fpu\libc.a(lib_a-memmove.o)
 .ARM.attributes
                0x00000ced       0x34 c:/program files (x86)/atollic/truestudio for stm32 9.0.1/armtools/bin/../lib/gcc/arm-atollic-eabi/6.3.1/../../../../arm-atollic-eabi/lib/armv7e-m/fpu\libc.a(lib_a-readr.o)
 .ARM.attributes
                0x00000d21       0x34 c:/program files (x86)/atollic/truestudio for stm32 9.0.1/armtools/bin/../lib/gcc/arm-atollic-eabi/6.3.1/../../../../arm-atollic-eabi/lib/armv7e-m/fpu\libc.a(lib_a-reallocr.o)
 .ARM.attributes
                0x00000d55       0x34 c:/program files (x86)/atollic/truestudio for stm32 9.0.1/armtools/bin/../lib/gcc/arm-atollic-eabi/6.3.1/../../../../arm-atollic-eabi/lib/armv7e-m/fpu\libc.a(lib_a-wbuf.o)
 .ARM.attributes
                0x00000d89       0x34 c:/program files (x86)/atollic/truestudio for stm32 9.0.1/armtools/bin/../lib/gcc/arm-atollic-eabi/6.3.1/../../../../arm-atollic-eabi/lib/armv7e-m/fpu\libc.a(lib_a-wcrtomb.o)
 .ARM.attributes
                0x00000dbd       0x34 c:/program files (x86)/atollic/truestudio for stm32 9.0.1/armtools/bin/../lib/gcc/arm-atollic-eabi/6.3.1/../../../../arm-atollic-eabi/lib/armv7e-m/fpu\libc.a(lib_a-wctomb_r.o)
 .ARM.attributes
                0x00000df1       0x34 c:/program files (x86)/atollic/truestudio for stm32 9.0.1/armtools/bin/../lib/gcc/arm-atollic-eabi/6.3.1/../../../../arm-atollic-eabi/lib/armv7e-m/fpu\libc.a(lib_a-ctype_.o)
 .ARM.attributes
                0x00000e25       0x22 c:/program files (x86)/atollic/truestudio for stm32 9.0.1/armtools/bin/../lib/gcc/arm-atollic-eabi/6.3.1/armv7e-m/fpu\libgcc.a(_arm_addsubdf3.o)
 .ARM.attributes