stm32l4xx_hal_rcc.c:1555:26:RCC_SetFlashLatencyFromMSIRange	24	static
stm32l4xx_hal_rcc.c:276:19:HAL_RCC_DeInit	24	static
stm32l4xx_hal_rcc.c:1167:6:HAL_RCC_MCOConfig	40	static
stm32l4xx_hal_rcc.c:1226:10:HAL_RCC_GetSysClockFreq	8	static
stm32l4xx_hal_rcc.c:400:19:HAL_RCC_OscConfig	32	static
stm32l4xx_hal_rcc.c:941:19:HAL_RCC_ClockConfig	24	static
stm32l4xx_hal_rcc.c:1305:10:HAL_RCC_GetHCLKFreq	0	static
stm32l4xx_hal_rcc.c:1316:10:HAL_RCC_GetPCLK1Freq	0	static
stm32l4xx_hal_rcc.c:1328:10:HAL_RCC_GetPCLK2Freq	0	static
stm32l4xx_hal_rcc.c:1341:6:HAL_RCC_GetOscConfig	0	static
stm32l4xx_hal_rcc.c:1468:6:HAL_RCC_GetClockConfig	0	static
stm32l4xx_hal_rcc.c:1503:6:HAL_RCC_EnableCSS	0	static
stm32l4xx_hal_rcc.c:1530:13:HAL_RCC_CSSCallback	0	static
stm32l4xx_hal_rcc.c:1513:6:HAL_RCC_NMI_IRQHandler	8	static
