stm32l4xx_hal_i2c.c:5573:13:I2C_Flush_TXDR	0	static
stm32l4xx_hal_i2c.c:6035:13:I2C_TransferConfig	12	static
stm32l4xx_hal_i2c.c:6054:13:I2C_Enable_IRQ	12	static
stm32l4xx_hal_i2c.c:6125:13:I2C_Disable_IRQ	0	static
stm32l4xx_hal_i2c.c:6188:13:I2C_ConvertOtherXferOptions	0	static
stm32l4xx_hal_i2c.c:5803:26:I2C_WaitOnFlagUntilTimeout	24	static
stm32l4xx_hal_i2c.c:5967:26:I2C_IsAcknowledgeFailed	16	static
stm32l4xx_hal_i2c.c:5833:26:I2C_WaitOnTXISFlagUntilTimeout	16	static
stm32l4xx_hal_i2c.c:4877:26:I2C_RequestMemoryWrite	32	static
stm32l4xx_hal_i2c.c:4930:26:I2C_RequestMemoryRead	32	static
stm32l4xx_hal_i2c.c:5870:26:I2C_WaitOnSTOPFlagUntilTimeout	16	static
stm32l4xx_hal_i2c.c:5904:26:I2C_WaitOnRXNEFlagUntilTimeout	16	static
stm32l4xx_hal_i2c.c:646:13:HAL_I2C_MspInit	0	static
stm32l4xx_hal_i2c.c:489:19:HAL_I2C_Init	8	static
stm32l4xx_hal_i2c.c:662:13:HAL_I2C_MspDeInit	0	static
stm32l4xx_hal_i2c.c:599:19:HAL_I2C_DeInit	8	static
stm32l4xx_hal_i2c.c:1082:19:HAL_I2C_Master_Transmit	40	static
stm32l4xx_hal_i2c.c:1192:19:HAL_I2C_Master_Receive	40	static
stm32l4xx_hal_i2c.c:1301:19:HAL_I2C_Slave_Transmit	40	static
stm32l4xx_hal_i2c.c:1434:19:HAL_I2C_Slave_Receive	40	static
stm32l4xx_hal_i2c.c:1552:19:HAL_I2C_Master_Transmit_IT	24	static
stm32l4xx_hal_i2c.c:1621:19:HAL_I2C_Master_Receive_IT	24	static
stm32l4xx_hal_i2c.c:1688:19:HAL_I2C_Slave_Transmit_IT	16	static
stm32l4xx_hal_i2c.c:1737:19:HAL_I2C_Slave_Receive_IT	16	static
stm32l4xx_hal_i2c.c:1788:19:HAL_I2C_Master_Transmit_DMA	32	static
stm32l4xx_hal_i2c.c:1931:19:HAL_I2C_Master_Receive_DMA	32	static
stm32l4xx_hal_i2c.c:2072:19:HAL_I2C_Slave_Transmit_DMA	24	static
stm32l4xx_hal_i2c.c:2175:19:HAL_I2C_Slave_Receive_DMA	24	static
stm32l4xx_hal_i2c.c:2282:19:HAL_I2C_Mem_Write	56	static
stm32l4xx_hal_i2c.c:2413:19:HAL_I2C_Mem_Read	56	static
stm32l4xx_hal_i2c.c:2542:19:HAL_I2C_Mem_Write_IT	40	static
stm32l4xx_hal_i2c.c:2633:19:HAL_I2C_Mem_Read_IT	40	static
stm32l4xx_hal_i2c.c:2723:19:HAL_I2C_Mem_Write_DMA	40	static
stm32l4xx_hal_i2c.c:2867:19:HAL_I2C_Mem_Read_DMA	40	static
stm32l4xx_hal_i2c.c:3008:19:HAL_I2C_IsDeviceReady	48	static
stm32l4xx_hal_i2c.c:3137:19:HAL_I2C_Master_Sequential_Transmit_IT	24	static
stm32l4xx_hal_i2c.c:3221:19:HAL_I2C_Master_Sequential_Transmit_DMA	40	static
stm32l4xx_hal_i2c.c:3365:19:HAL_I2C_Master_Sequential_Receive_IT	24	static
stm32l4xx_hal_i2c.c:3449:19:HAL_I2C_Master_Sequential_Receive_DMA	40	static
stm32l4xx_hal_i2c.c:3591:19:HAL_I2C_Slave_Sequential_Transmit_IT	24	static
stm32l4xx_hal_i2c.c:3673:19:HAL_I2C_Slave_Sequential_Transmit_DMA	24	static
stm32l4xx_hal_i2c.c:3803:19:HAL_I2C_Slave_Sequential_Receive_IT	24	static
stm32l4xx_hal_i2c.c:3885:19:HAL_I2C_Slave_Sequential_Receive_DMA	24	static
stm32l4xx_hal_i2c.c:4011:19:HAL_I2C_EnableListen_IT	8	static
stm32l4xx_hal_i2c.c:4035:19:HAL_I2C_DisableListen_IT	8	static
stm32l4xx_hal_i2c.c:4068:19:HAL_I2C_Master_Abort_IT	24	static
stm32l4xx_hal_i2c.c:4118:6:HAL_I2C_EV_IRQHandler	0	static
stm32l4xx_hal_i2c.c:4182:13:HAL_I2C_MasterTxCpltCallback	0	static
stm32l4xx_hal_i2c.c:4198:13:HAL_I2C_MasterRxCpltCallback	0	static
stm32l4xx_hal_i2c.c:5072:13:I2C_ITMasterSequentialCplt	16	static
stm32l4xx_hal_i2c.c:4213:13:HAL_I2C_SlaveTxCpltCallback	0	static
stm32l4xx_hal_i2c.c:4229:13:HAL_I2C_SlaveRxCpltCallback	0	static
stm32l4xx_hal_i2c.c:5125:13:I2C_ITSlaveSequentialCplt	16	static
stm32l4xx_hal_i2c.c:5642:13:I2C_DMASlaveTransmitCplt	0	static
stm32l4xx_hal_i2c.c:5716:13:I2C_DMASlaveReceiveCplt	0	static
stm32l4xx_hal_i2c.c:4247:13:HAL_I2C_AddrCallback	0	static
stm32l4xx_hal_i2c.c:4977:13:I2C_ITAddrCplt.isra.8.part.9	24	static
stm32l4xx_hal_i2c.c:4265:13:HAL_I2C_ListenCpltCallback	0	static
stm32l4xx_hal_i2c.c:5409:13:I2C_ITListenCplt	8	static
stm32l4xx_hal_i2c.c:4281:13:HAL_I2C_MemTxCpltCallback	0	static
stm32l4xx_hal_i2c.c:4297:13:HAL_I2C_MemRxCpltCallback	0	static
stm32l4xx_hal_i2c.c:4313:13:HAL_I2C_ErrorCallback	0	static
stm32l4xx_hal_i2c.c:4329:13:HAL_I2C_AbortCpltCallback	0	static
stm32l4xx_hal_i2c.c:5457:13:I2C_ITError	8	static
stm32l4xx_hal_i2c.c:5291:13:I2C_ITSlaveCplt	16	static
stm32l4xx_hal_i2c.c:4537:26:I2C_Slave_ISR_IT	16	static
stm32l4xx_hal_i2c.c:4789:26:I2C_Slave_ISR_DMA	8	static
stm32l4xx_hal_i2c.c:5181:13:I2C_ITMasterCplt	8	static
stm32l4xx_hal_i2c.c:4412:26:I2C_Master_ISR_IT	24	static
stm32l4xx_hal_i2c.c:4654:26:I2C_Master_ISR_DMA	16	static
stm32l4xx_hal_i2c.c:5742:13:I2C_DMAError	0	static
stm32l4xx_hal_i2c.c:5594:13:I2C_DMAMasterTransmitCplt	8	static
stm32l4xx_hal_i2c.c:5668:13:I2C_DMAMasterReceiveCplt	8	static
stm32l4xx_hal_i2c.c:4137:6:HAL_I2C_ER_IRQHandler	4	static
stm32l4xx_hal_i2c.c:5759:13:I2C_DMAAbort	8	static
stm32l4xx_hal_i2c.c:4364:22:HAL_I2C_GetState	0	static
stm32l4xx_hal_i2c.c:4376:21:HAL_I2C_GetMode	0	static
stm32l4xx_hal_i2c.c:4387:10:HAL_I2C_GetError	0	static
