stm32l4xx_hal_rtc_ex.c:203:19:HAL_RTCEx_SetTimeStamp	0	static
stm32l4xx_hal_rtc_ex.c:262:19:HAL_RTCEx_SetTimeStamp_IT	0	static
stm32l4xx_hal_rtc_ex.c:315:19:HAL_RTCEx_DeactivateTimeStamp	0	static
stm32l4xx_hal_rtc_ex.c:354:19:HAL_RTCEx_SetInternalTimeStamp	0	static
stm32l4xx_hal_rtc_ex.c:385:19:HAL_RTCEx_DeactivateInternalTimeStamp	0	static
stm32l4xx_hal_rtc_ex.c:420:19:HAL_RTCEx_GetTimeStamp	24	static
stm32l4xx_hal_rtc_ex.c:472:19:HAL_RTCEx_SetTamper	12	static
stm32l4xx_hal_rtc_ex.c:563:19:HAL_RTCEx_SetTamper_IT	12	static
stm32l4xx_hal_rtc_ex.c:660:19:HAL_RTCEx_DeactivateTamper	0	static
stm32l4xx_hal_rtc_ex.c:794:13:HAL_RTCEx_TimeStampEventCallback	0	static
stm32l4xx_hal_rtc_ex.c:810:13:HAL_RTCEx_Tamper1EventCallback	0	static
stm32l4xx_hal_rtc_ex.c:826:13:HAL_RTCEx_Tamper2EventCallback	0	static
stm32l4xx_hal_rtc_ex.c:842:13:HAL_RTCEx_Tamper3EventCallback	0	static
stm32l4xx_hal_rtc_ex.c:705:6:HAL_RTCEx_TamperTimeStampIRQHandler	24	static
stm32l4xx_hal_rtc_ex.c:859:19:HAL_RTCEx_PollForTimeStampEvent	16	static
stm32l4xx_hal_rtc_ex.c:899:19:HAL_RTCEx_PollForTamper1Event	16	static
stm32l4xx_hal_rtc_ex.c:932:19:HAL_RTCEx_PollForTamper2Event	16	static
stm32l4xx_hal_rtc_ex.c:965:19:HAL_RTCEx_PollForTamper3Event	16	static
stm32l4xx_hal_rtc_ex.c:1017:19:HAL_RTCEx_SetWakeUpTimer	24	static
stm32l4xx_hal_rtc_ex.c:1107:19:HAL_RTCEx_SetWakeUpTimer_IT	24	static
stm32l4xx_hal_rtc_ex.c:1206:10:HAL_RTCEx_DeactivateWakeUpTimer	16	static
stm32l4xx_hal_rtc_ex.c:1258:10:HAL_RTCEx_GetWakeUpTimer	0	static
stm32l4xx_hal_rtc_ex.c:1297:13:HAL_RTCEx_WakeUpTimerEventCallback	0	static
stm32l4xx_hal_rtc_ex.c:1269:6:HAL_RTCEx_WakeUpTimerIRQHandler	8	static
stm32l4xx_hal_rtc_ex.c:1313:19:HAL_RTCEx_PollForWakeUpTimerEvent	16	static
stm32l4xx_hal_rtc_ex.c:1379:6:HAL_RTCEx_BKUPWrite	0	static
stm32l4xx_hal_rtc_ex.c:1401:10:HAL_RTCEx_BKUPRead	0	static
stm32l4xx_hal_rtc_ex.c:1434:19:HAL_RTCEx_SetSmoothCalib	24	static
stm32l4xx_hal_rtc_ex.c:1502:19:HAL_RTCEx_SetSynchroShift	24	static
stm32l4xx_hal_rtc_ex.c:1595:19:HAL_RTCEx_SetCalibrationOutPut	0	static
stm32l4xx_hal_rtc_ex.c:1633:19:HAL_RTCEx_DeactivateCalibrationOutPut	0	static
stm32l4xx_hal_rtc_ex.c:1662:19:HAL_RTCEx_SetRefClock	16	static
stm32l4xx_hal_rtc_ex.c:1711:19:HAL_RTCEx_DeactivateRefClock	16	static
stm32l4xx_hal_rtc_ex.c:1762:19:HAL_RTCEx_EnableBypassShadow	0	static
stm32l4xx_hal_rtc_ex.c:1794:19:HAL_RTCEx_DisableBypassShadow	0	static
stm32l4xx_hal_rtc_ex.c:1843:13:HAL_RTCEx_AlarmBEventCallback	0	static
stm32l4xx_hal_rtc_ex.c:1859:19:HAL_RTCEx_PollForAlarmBEvent	16	static
