stm32l4xx_hal_lptim.c:390:13:HAL_LPTIM_MspInit	0	static
stm32l4xx_hal_lptim.c:222:19:HAL_LPTIM_Init	16	static
stm32l4xx_hal_lptim.c:405:13:HAL_LPTIM_MspDeInit	0	static
stm32l4xx_hal_lptim.c:348:19:HAL_LPTIM_DeInit	8	static
stm32l4xx_hal_lptim.c:454:19:HAL_LPTIM_PWM_Start	8	static
stm32l4xx_hal_lptim.c:518:19:HAL_LPTIM_PWM_Start_IT	12	static
stm32l4xx_hal_lptim.c:620:19:HAL_LPTIM_OnePulse_Start	8	static
stm32l4xx_hal_lptim.c:684:19:HAL_LPTIM_OnePulse_Start_IT	12	static
stm32l4xx_hal_lptim.c:786:19:HAL_LPTIM_SetOnce_Start	8	static
stm32l4xx_hal_lptim.c:850:19:HAL_LPTIM_SetOnce_Start_IT	12	static
stm32l4xx_hal_lptim.c:906:19:HAL_LPTIM_SetOnce_Stop_IT	0	static
stm32l4xx_hal_lptim.c:740:19:HAL_LPTIM_OnePulse_Stop_IT	0	static
stm32l4xx_hal_lptim.c:574:19:HAL_LPTIM_PWM_Stop_IT	0	static
stm32l4xx_hal_lptim.c:950:19:HAL_LPTIM_Encoder_Start	8	static
stm32l4xx_hal_lptim.c:1009:19:HAL_LPTIM_Encoder_Stop	0	static
stm32l4xx_hal_lptim.c:1037:19:HAL_LPTIM_Encoder_Start_IT	8	static
stm32l4xx_hal_lptim.c:1103:19:HAL_LPTIM_Encoder_Stop_IT	0	static
stm32l4xx_hal_lptim.c:1141:19:HAL_LPTIM_TimeOut_Start	8	static
stm32l4xx_hal_lptim.c:1178:19:HAL_LPTIM_TimeOut_Stop	0	static
stm32l4xx_hal_lptim.c:1210:19:HAL_LPTIM_TimeOut_Start_IT	8	static
stm32l4xx_hal_lptim.c:1250:19:HAL_LPTIM_TimeOut_Stop_IT	0	static
stm32l4xx_hal_lptim.c:1281:19:HAL_LPTIM_Counter_Start	0	static
stm32l4xx_hal_lptim.c:1320:19:HAL_LPTIM_Counter_Stop	0	static
stm32l4xx_hal_lptim.c:823:19:HAL_LPTIM_SetOnce_Stop	0	static
stm32l4xx_hal_lptim.c:657:19:HAL_LPTIM_OnePulse_Stop	0	static
stm32l4xx_hal_lptim.c:491:19:HAL_LPTIM_PWM_Stop	0	static
stm32l4xx_hal_lptim.c:1345:19:HAL_LPTIM_Counter_Start_IT	0	static
stm32l4xx_hal_lptim.c:1390:19:HAL_LPTIM_Counter_Stop_IT	0	static
stm32l4xx_hal_lptim.c:1438:10:HAL_LPTIM_ReadCounter	0	static
stm32l4xx_hal_lptim.c:1451:10:HAL_LPTIM_ReadAutoReload	0	static
stm32l4xx_hal_lptim.c:1464:10:HAL_LPTIM_ReadCompare	0	static
stm32l4xx_hal_lptim.c:1624:13:HAL_LPTIM_CompareMatchCallback	0	static
stm32l4xx_hal_lptim.c:1639:13:HAL_LPTIM_AutoReloadMatchCallback	0	static
stm32l4xx_hal_lptim.c:1654:13:HAL_LPTIM_TriggerCallback	0	static
stm32l4xx_hal_lptim.c:1669:13:HAL_LPTIM_CompareWriteCallback	0	static
stm32l4xx_hal_lptim.c:1684:13:HAL_LPTIM_AutoReloadWriteCallback	0	static
stm32l4xx_hal_lptim.c:1699:13:HAL_LPTIM_DirectionUpCallback	0	static
stm32l4xx_hal_lptim.c:1714:13:HAL_LPTIM_DirectionDownCallback	0	static
stm32l4xx_hal_lptim.c:1497:6:HAL_LPTIM_IRQHandler	8	static
stm32l4xx_hal_lptim.c:1957:24:HAL_LPTIM_GetState	0	static
