stm32l4xx_ll_usb.c:1725:19:USB_CoreInit	0	static
stm32l4xx_ll_usb.c:1745:19:USB_EnableGlobalInt	0	static
stm32l4xx_ll_usb.c:1767:19:USB_DisableGlobalInt	0	static
stm32l4xx_ll_usb.c:1791:19:USB_SetCurrentMode	0	static
stm32l4xx_ll_usb.c:1812:19:USB_DevInit	8	static
stm32l4xx_ll_usb.c:1844:19:USB_FlushTxFifo	0	static
stm32l4xx_ll_usb.c:1863:19:USB_FlushRxFifo	0	static
stm32l4xx_ll_usb.c:1882:19:USB_ActivateEndpoint	20	static
stm32l4xx_ll_usb.c:1998:19:USB_DeactivateEndpoint	8	static
stm32l4xx_ll_usb.c:2139:19:USB_WritePacket	0	static
stm32l4xx_ll_usb.c:2161:7:USB_ReadPacket	0	static
stm32l4xx_ll_usb.c:2180:19:USB_EPSetStall	0	static
stm32l4xx_ll_usb.c:2200:19:USB_EPClearStall	0	static
stm32l4xx_ll_usb.c:2220:19:USB_StopDevice	0	static
stm32l4xx_ll_usb.c:2241:20:USB_SetDevAddress	0	static
stm32l4xx_ll_usb.c:2257:20:USB_DevConnect	0	static
stm32l4xx_ll_usb.c:2270:20:USB_DevDisconnect	0	static
stm32l4xx_ll_usb.c:2283:11:USB_ReadInterrupts	0	static
stm32l4xx_ll_usb.c:2296:10:USB_ReadDevAllOutEpInterrupt	0	static
stm32l4xx_ll_usb.c:2312:10:USB_ReadDevAllInEpInterrupt	0	static
stm32l4xx_ll_usb.c:2330:10:USB_ReadDevOutEPInterrupt	0	static
stm32l4xx_ll_usb.c:2349:10:USB_ReadDevInEPInterrupt	0	static
stm32l4xx_ll_usb.c:2367:7:USB_ClearInterrupts	0	static
stm32l4xx_ll_usb.c:2384:19:USB_EP0_OutStart	0	static
stm32l4xx_ll_usb.c:2401:19:USB_ActivateRemoteWakeup	0	static
stm32l4xx_ll_usb.c:2413:19:USB_DeActivateRemoteWakeup	0	static
stm32l4xx_ll_usb.c:2427:6:USB_WritePMA	8	static
stm32l4xx_ll_usb.c:2051:19:USB_EPStartXfer	24	static
stm32l4xx_ll_usb.c:2461:6:USB_ReadPMA	20	static
