stm32l4xx_hal_spi.c:3847:26:SPI_WaitFifoStateUntilTimeout.part.1	0	static
stm32l4xx_hal_spi.c:3795:26:SPI_WaitFlagStateUntilTimeout.constprop	16	static
stm32l4xx_hal_spi.c:3847:26:SPI_WaitFifoStateUntilTimeout.constprop	32	static
stm32l4xx_hal_spi.c:4157:13:SPI_AbortRx_ISR	16	static
stm32l4xx_hal_spi.c:3942:26:SPI_EndRxTxTransaction	16	static
stm32l4xx_hal_spi.c:4201:13:SPI_AbortTx_ISR	16	static
stm32l4xx_hal_spi.c:3906:26:SPI_EndRxTransaction	24	static
stm32l4xx_hal_spi.c:518:13:HAL_SPI_MspInit	0	static
stm32l4xx_hal_spi.c:329:19:HAL_SPI_Init	16	static
stm32l4xx_hal_spi.c:534:13:HAL_SPI_MspDeInit	0	static
stm32l4xx_hal_spi.c:474:19:HAL_SPI_DeInit	8	static
stm32l4xx_hal_spi.c:805:19:HAL_SPI_Transmit	32	static
stm32l4xx_hal_spi.c:1215:19:HAL_SPI_TransmitReceive	32	static
stm32l4xx_hal_spi.c:984:19:HAL_SPI_Receive	32	static
stm32l4xx_hal_spi.c:1501:19:HAL_SPI_Transmit_IT	0	static
stm32l4xx_hal_spi.c:1689:19:HAL_SPI_TransmitReceive_IT	12	static
stm32l4xx_hal_spi.c:1584:19:HAL_SPI_Receive_IT	12	static
stm32l4xx_hal_spi.c:1796:19:HAL_SPI_Transmit_DMA	8	static
stm32l4xx_hal_spi.c:2044:19:HAL_SPI_TransmitReceive_DMA	16	static
stm32l4xx_hal_spi.c:1910:19:HAL_SPI_Receive_DMA	16	static
stm32l4xx_hal_spi.c:2215:19:HAL_SPI_Abort	24	static
stm32l4xx_hal_spi.c:2563:19:HAL_SPI_DMAPause	0	static
stm32l4xx_hal_spi.c:2583:19:HAL_SPI_DMAResume	0	static
stm32l4xx_hal_spi.c:2603:19:HAL_SPI_DMAStop	8	static
stm32l4xx_hal_spi.c:2734:13:HAL_SPI_TxCpltCallback	0	static
stm32l4xx_hal_spi.c:2750:13:HAL_SPI_RxCpltCallback	0	static
stm32l4xx_hal_spi.c:2766:13:HAL_SPI_TxRxCpltCallback	0	static
stm32l4xx_hal_spi.c:2782:13:HAL_SPI_TxHalfCpltCallback	0	static
stm32l4xx_hal_spi.c:3173:13:SPI_DMAHalfTransmitCplt	8	static
stm32l4xx_hal_spi.c:2798:13:HAL_SPI_RxHalfCpltCallback	0	static
stm32l4xx_hal_spi.c:3191:13:SPI_DMAHalfReceiveCplt	8	static
stm32l4xx_hal_spi.c:2814:13:HAL_SPI_TxRxHalfCpltCallback	0	static
stm32l4xx_hal_spi.c:3209:13:SPI_DMAHalfTransmitReceiveCplt	8	static
stm32l4xx_hal_spi.c:2830:13:HAL_SPI_ErrorCallback	0	static
stm32l4xx_hal_spi.c:4108:13:SPI_CloseTx_ISR	16	static
stm32l4xx_hal_spi.c:3741:13:SPI_TxISR_8BIT	4	static
stm32l4xx_hal_spi.c:3765:13:SPI_TxISR_16BIT	4	static
stm32l4xx_hal_spi.c:4051:13:SPI_CloseRx_ISR	8	static
stm32l4xx_hal_spi.c:3652:13:SPI_RxISR_8BIT	0	static
stm32l4xx_hal_spi.c:3708:13:SPI_RxISR_16BIT	0	static
stm32l4xx_hal_spi.c:3974:13:SPI_CloseRxTx_ISR	8	static
stm32l4xx_hal_spi.c:3485:13:SPI_2linesTxISR_8BIT	0	static
stm32l4xx_hal_spi.c:3403:13:SPI_2linesRxISR_8BIT	0	static
stm32l4xx_hal_spi.c:3589:13:SPI_2linesTxISR_16BIT	4	static
stm32l4xx_hal_spi.c:3531:13:SPI_2linesRxISR_16BIT	4	static
stm32l4xx_hal_spi.c:3227:13:SPI_DMAError	8	static
stm32l4xx_hal_spi.c:2920:13:SPI_DMATransmitCplt	24	static
stm32l4xx_hal_spi.c:2977:13:SPI_DMAReceiveCplt	16	static
stm32l4xx_hal_spi.c:3078:13:SPI_DMATransmitReceiveCplt	16	static
stm32l4xx_hal_spi.c:2634:6:HAL_SPI_IRQHandler	32	static
stm32l4xx_hal_spi.c:3250:13:SPI_DMAAbortOnError	8	static
stm32l4xx_hal_spi.c:2848:13:HAL_SPI_AbortCpltCallback	0	static
stm32l4xx_hal_spi.c:2369:19:HAL_SPI_Abort_IT	32	static
stm32l4xx_hal_spi.c:3338:13:SPI_DMARxAbortCallback	16	static
stm32l4xx_hal_spi.c:3272:13:SPI_DMATxAbortCallback	16	static
stm32l4xx_hal_spi.c:2883:22:HAL_SPI_GetState	0	static
stm32l4xx_hal_spi.c:2895:10:HAL_SPI_GetError	0	static
