stm32l4xx_hal_rcc_ex.c:2969:26:RCCEx_PLLSAI1_Config	24	static
stm32l4xx_hal_rcc_ex.c:203:19:HAL_RCCEx_PeriphCLKConfig	40	static
stm32l4xx_hal_rcc_ex.c:814:6:HAL_RCCEx_GetPeriphCLKConfig	0	static
stm32l4xx_hal_rcc_ex.c:1124:10:HAL_RCCEx_GetPeriphCLKFreq	0	static
stm32l4xx_hal_rcc_ex.c:2141:19:HAL_RCCEx_EnablePLLSAI1	16	static
stm32l4xx_hal_rcc_ex.c:2209:19:HAL_RCCEx_DisablePLLSAI1	16	static
stm32l4xx_hal_rcc_ex.c:2385:6:HAL_RCCEx_WakeUpStopCLKConfig	0	static
stm32l4xx_hal_rcc_ex.c:2403:6:HAL_RCCEx_StandbyMSIRangeConfig	0	static
stm32l4xx_hal_rcc_ex.c:2417:6:HAL_RCCEx_EnableLSECSS	0	static
stm32l4xx_hal_rcc_ex.c:2427:6:HAL_RCCEx_DisableLSECSS	0	static
stm32l4xx_hal_rcc_ex.c:2440:6:HAL_RCCEx_EnableLSECSS_IT	0	static
stm32l4xx_hal_rcc_ex.c:2474:13:HAL_RCCEx_LSECSS_Callback	0	static
stm32l4xx_hal_rcc_ex.c:2457:6:HAL_RCCEx_LSECSS_IRQHandler	8	static
stm32l4xx_hal_rcc_ex.c:2489:6:HAL_RCCEx_EnableLSCO	48	static
stm32l4xx_hal_rcc_ex.c:2536:6:HAL_RCCEx_DisableLSCO	24	static
stm32l4xx_hal_rcc_ex.c:2574:6:HAL_RCCEx_EnableMSIPLLMode	0	static
stm32l4xx_hal_rcc_ex.c:2584:6:HAL_RCCEx_DisableMSIPLLMode	0	static
stm32l4xx_hal_rcc_ex.c:2664:6:HAL_RCCEx_CRSConfig	0	static
stm32l4xx_hal_rcc_ex.c:2706:6:HAL_RCCEx_CRSSoftwareSynchronizationGenerate	0	static
stm32l4xx_hal_rcc_ex.c:2716:6:HAL_RCCEx_CRSGetSynchronizationInfo	0	static
stm32l4xx_hal_rcc_ex.c:2749:10:HAL_RCCEx_CRSWaitSynchronization	24	static
stm32l4xx_hal_rcc_ex.c:2897:13:HAL_RCCEx_CRS_SyncOkCallback	0	static
stm32l4xx_hal_rcc_ex.c:2908:13:HAL_RCCEx_CRS_SyncWarnCallback	0	static
stm32l4xx_hal_rcc_ex.c:2919:13:HAL_RCCEx_CRS_ExpectedSyncCallback	0	static
stm32l4xx_hal_rcc_ex.c:2935:13:HAL_RCCEx_CRS_ErrorCallback	0	static
stm32l4xx_hal_rcc_ex.c:2832:6:HAL_RCCEx_CRS_IRQHandler	8	static
