stm32l4xx_hal_pcd.c:294:13:HAL_PCD_MspInit	0	static
stm32l4xx_hal_pcd.c:148:19:HAL_PCD_Init	48	static
stm32l4xx_hal_pcd.c:309:13:HAL_PCD_MspDeInit	0	static
stm32l4xx_hal_pcd.c:1004:19:HAL_PCD_Start	8	static
stm32l4xx_hal_pcd.c:1018:19:HAL_PCD_Stop	8	static
stm32l4xx_hal_pcd.c:258:19:HAL_PCD_DeInit	8	static
stm32l4xx_hal_pcd.c:1614:13:HAL_PCD_DataOutStageCallback	0	static
stm32l4xx_hal_pcd.c:1631:13:HAL_PCD_DataInStageCallback	0	static
stm32l4xx_hal_pcd.c:1646:13:HAL_PCD_SetupStageCallback	0	static
stm32l4xx_hal_pcd.c:1661:13:HAL_PCD_SOFCallback	0	static
stm32l4xx_hal_pcd.c:1676:13:HAL_PCD_ResetCallback	0	static
stm32l4xx_hal_pcd.c:1691:13:HAL_PCD_SuspendCallback	0	static
stm32l4xx_hal_pcd.c:1706:13:HAL_PCD_ResumeCallback	0	static
stm32l4xx_hal_pcd.c:1722:13:HAL_PCD_ISOOUTIncompleteCallback	0	static
stm32l4xx_hal_pcd.c:1739:13:HAL_PCD_ISOINIncompleteCallback	0	static
stm32l4xx_hal_pcd.c:1755:13:HAL_PCD_ConnectCallback	0	static
stm32l4xx_hal_pcd.c:1770:13:HAL_PCD_DisconnectCallback	0	static
stm32l4xx_hal_pcd.c:1804:19:HAL_PCD_DevConnect	8	static
stm32l4xx_hal_pcd.c:1817:19:HAL_PCD_DevDisconnect	8	static
stm32l4xx_hal_pcd.c:1831:19:HAL_PCD_SetAddress	8	static
stm32l4xx_hal_pcd.c:1847:19:HAL_PCD_EP_Open	16	static
stm32l4xx_hal_pcd.c:1891:19:HAL_PCD_EP_Close	8	static
stm32l4xx_hal_pcd.c:1922:19:HAL_PCD_EP_Receive	16	static
stm32l4xx_hal_pcd.c:1953:10:HAL_PCD_EP_GetRxCount	0	static
stm32l4xx_hal_pcd.c:1965:19:HAL_PCD_EP_Transmit	16	static
stm32l4xx_hal_pcd.c:1485:6:HAL_PCD_IRQHandler	40	static
stm32l4xx_hal_pcd.c:1996:19:HAL_PCD_EP_SetStall	16	static
stm32l4xx_hal_pcd.c:2037:19:HAL_PCD_EP_ClrStall	16	static
stm32l4xx_hal_pcd.c:2073:19:HAL_PCD_EP_Flush	8	static
stm32l4xx_hal_pcd.c:2096:19:HAL_PCD_ActivateRemoteWakeup	0	static
stm32l4xx_hal_pcd.c:2106:19:HAL_PCD_DeActivateRemoteWakeup	0	static
stm32l4xx_hal_pcd.c:2135:18:HAL_PCD_GetState	0	static
